[2026-06-24 03:39:52] [ERROR] [User: guest] [IP: 0.0.0.0]  Fatal error: Uncaught PDOException: SQLSTATE[42S22]: Column not found: 1054 Unknown column 'type' in 'field list' in C:\xampp\htdocs\JDH_POS\_migrate_and_seed.php:24
Stack trace:
#0 C:\xampp\htdocs\JDH_POS\_migrate_and_seed.php(24): PDO->prepare('INSERT INTO sto...')
#1 {main}
  thrown in C:\xampp\htdocs\JDH_POS\_migrate_and_seed.php on line 24
[2026-06-24 03:44:25] [ERROR] [User: guest] [IP: 0.0.0.0]  Fatal error: Uncaught PDOException: SQLSTATE[42S22]: Column not found: 1054 Unknown column 'type' in 'field list' in C:\xampp\htdocs\JDH_POS\_check_db.php:12
Stack trace:
#0 C:\xampp\htdocs\JDH_POS\_check_db.php(12): PDO->query('SELECT id, name...')
#1 {main}
  thrown in C:\xampp\htdocs\JDH_POS\_check_db.php on line 12
[2026-06-24 05:39:32] [ERROR] [User: guest] [IP: 0.0.0.0]  Fatal error: Uncaught PDOException: SQLSTATE[42S22]: Column not found: 1054 Unknown column 'tax_amount' in 'field list' in C:\xampp\htdocs\JDH_POS\_seed_track_demo.php:11
Stack trace:
#0 C:\xampp\htdocs\JDH_POS\_seed_track_demo.php(11): PDO->prepare('UPDATE online_o...')
#1 {main}
  thrown in C:\xampp\htdocs\JDH_POS\_seed_track_demo.php on line 11
[2026-06-24 05:40:25] [ERROR] [User: guest] [IP: 0.0.0.0]  Fatal error: Uncaught PDOException: SQLSTATE[42S22]: Column not found: 1054 Unknown column 'tax_amount' in 'field list' in C:\xampp\htdocs\JDH_POS\_seed_track_demo.php:11
Stack trace:
#0 C:\xampp\htdocs\JDH_POS\_seed_track_demo.php(11): PDO->prepare('UPDATE online_o...')
#1 {main}
  thrown in C:\xampp\htdocs\JDH_POS\_seed_track_demo.php on line 11
[2026-06-24 08:28:09] [ERROR] [User: guest] [IP: ::1]  Fatal error: Uncaught RuntimeException: Database configuration is incomplete. Please check .env file in C:\xampp\htdocs\JDH_POS\config\config.php:204
Stack trace:
#0 C:\xampp\htdocs\JDH_POS\src\auth.php(20): require_once()
#1 C:\xampp\htdocs\JDH_POS\src\paths.php(205): require_once('C:\\xampp\\htdocs...')
#2 C:\xampp\htdocs\JDH_POS\src\paths.php(239): safe_require('auth.php', 'src', true)
#3 C:\xampp\htdocs\JDH_POS\public\api\v1\index.php(30): load_core_files()
#4 {main}
  thrown in C:\xampp\htdocs\JDH_POS\config\config.php on line 204
[2026-06-24 05:21:12] [ERROR] [User: guest] [IP: 0.0.0.0]  Fatal error: Uncaught Error: Failed opening required 'C:\xampp\htdocs\JDH_POS\scripts/../src/core/paths.php' (include_path='C:\xampp\php\PEAR') in C:\xampp\htdocs\JDH_POS\scripts\backup_all_databases.php:8
Stack trace:
#0 {main}
  thrown in C:\xampp\htdocs\JDH_POS\scripts\backup_all_databases.php on line 8
