[2026-04-01 18:32:07] [ERROR] [User: guest] [IP: ::1]  Fatal error: Cannot redeclare hasFeature() (previously declared in C:\xampp\htdocs\JDH_POS\src\FeatureAccess.php:845) in C:\xampp\htdocs\JDH_POS\src\saas.php on line 110
[2026-04-01 23:23:43] [ERROR] [User: guest] [IP: 0.0.0.0]  Fatal error: Uncaught PDOException: SQLSTATE[42S22]: Column not found: 1054 Unknown column 'completed' in 'where clause' in Command line code:8
Stack trace:
#0 Command line code(8): PDO->prepare('SELECT DATE(cre...')
#1 {main}
  thrown in Command line code on line 8
[2026-04-01 23:30:55] [ERROR] [User: guest] [IP: 0.0.0.0]  Fatal error: Uncaught PDOException: SQLSTATE[23000]: Integrity constraint violation: 1452 Cannot add or update a child row: a foreign key constraint fails (`jakababa_pos`.`inventory`, CONSTRAINT `fk_inventory_company` FOREIGN KEY (`company_id`) REFERENCES `companies` (`id`) ON DELETE CASCADE) in C:\xampp\htdocs\JDH_POS\scripts\seed_business_types.php:34
Stack trace:
#0 C:\xampp\htdocs\JDH_POS\scripts\seed_business_types.php(34): PDOStatement->execute(Array)
#1 C:\xampp\htdocs\JDH_POS\scripts\seed_business_types.php(45): seed_product(Object(PDO), 1, '11', 'Grilled Chicken', 'R-CHKN', 850, 400, '100000000001')
#2 {main}
  thrown in C:\xampp\htdocs\JDH_POS\scripts\seed_business_types.php on line 34
[2026-04-01 23:31:14] [ERROR] [User: guest] [IP: 0.0.0.0]  Fatal error: Uncaught PDOException: SQLSTATE[23000]: Integrity constraint violation: 1452 Cannot add or update a child row: a foreign key constraint fails (`jakababa_pos`.`inventory`, CONSTRAINT `fk_inventory_company` FOREIGN KEY (`company_id`) REFERENCES `companies` (`id`) ON DELETE CASCADE) in C:\xampp\htdocs\JDH_POS\scripts\seed_business_types.php:34
Stack trace:
#0 C:\xampp\htdocs\JDH_POS\scripts\seed_business_types.php(34): PDOStatement->execute(Array)
#1 C:\xampp\htdocs\JDH_POS\scripts\seed_business_types.php(46): seed_product(Object(PDO), 1, '15', 'Beef Steak', 'R-STEAK', 1200, 600, '100000000002')
#2 {main}
  thrown in C:\xampp\htdocs\JDH_POS\scripts\seed_business_types.php on line 34
[2026-04-01 23:31:24] [ERROR] [User: guest] [IP: 0.0.0.0]  Fatal error: Uncaught PDOException: SQLSTATE[23000]: Integrity constraint violation: 1452 Cannot add or update a child row: a foreign key constraint fails (`jakababa_pos`.`inventory`, CONSTRAINT `fk_inventory_company` FOREIGN KEY (`company_id`) REFERENCES `companies` (`id`) ON DELETE CASCADE) in C:\xampp\htdocs\JDH_POS\scripts\seed_business_types.php:34
Stack trace:
#0 C:\xampp\htdocs\JDH_POS\scripts\seed_business_types.php(34): PDOStatement->execute(Array)
#1 C:\xampp\htdocs\JDH_POS\scripts\seed_business_types.php(47): seed_product(Object(PDO), 1, '19', 'Fish & Chips', 'R-FISH', 750, 350, '100000000003')
#2 {main}
  thrown in C:\xampp\htdocs\JDH_POS\scripts\seed_business_types.php on line 34
[2026-04-01 23:32:24] [ERROR] [User: guest] [IP: 0.0.0.0]  Fatal error: Uncaught PDOException: SQLSTATE[23000]: Integrity constraint violation: 1452 Cannot add or update a child row: a foreign key constraint fails (`jakababa_pos`.`inventory`, CONSTRAINT `fk_inventory_company` FOREIGN KEY (`company_id`) REFERENCES `companies` (`id`) ON DELETE CASCADE) in C:\xampp\htdocs\JDH_POS\scripts\seed_business_types.php:29
Stack trace:
#0 C:\xampp\htdocs\JDH_POS\scripts\seed_business_types.php(29): PDOStatement->execute(Array)
#1 C:\xampp\htdocs\JDH_POS\scripts\seed_business_types.php(94): seedProd(Object(PDO), 1, '23', 'Paracetamol 500...', 'P-PARA', 50, 20)
#2 {main}
  thrown in C:\xampp\htdocs\JDH_POS\scripts\seed_business_types.php on line 29
[2026-04-01 23:33:55] [ERROR] [User: guest] [IP: 0.0.0.0]  Fatal error: Uncaught PDOException: SQLSTATE[42000]: Syntax error or access violation: 1064 You have an error in your SQL syntax; check the manual that corresponds to your MariaDB server version for the right syntax to use near '' at line 1 in Command line code:10
Stack trace:
#0 Command line code(10): PDO->exec('DELETE c1 FROM ...')
#1 {main}
  thrown in Command line code on line 10
[2026-04-01 23:34:40] [ERROR] [User: guest] [IP: 0.0.0.0]  Fatal error: Uncaught PDOException: SQLSTATE[23000]: Integrity constraint violation: 1452 Cannot add or update a child row: a foreign key constraint fails (`jakababa_pos`.`inventory`, CONSTRAINT `fk_inventory_company` FOREIGN KEY (`company_id`) REFERENCES `companies` (`id`) ON DELETE CASCADE) in C:\xampp\htdocs\JDH_POS\scripts\seed_business_types.php:27
Stack trace:
#0 C:\xampp\htdocs\JDH_POS\scripts\seed_business_types.php(27): PDOStatement->execute(Array)
#1 C:\xampp\htdocs\JDH_POS\scripts\seed_business_types.php(71): insProd(Object(PDO), 1, 11, 'Pilau Rice', 'R-PILAU', 350, 150)
#2 {main}
  thrown in C:\xampp\htdocs\JDH_POS\scripts\seed_business_types.php on line 27
