[2026-04-30 05:06:35] [ERROR] [User: guest] [IP: 0.0.0.0]  Fatal error: Cannot redeclare get_current_tenant_id() (previously declared in C:\xampp\htdocs\JDH_POS\src\db.php:288) in C:\xampp\htdocs\JDH_POS\src\db.php on line 300
[2026-04-30 06:13:49] [ERROR] [User: guest] [IP: 0.0.0.0]  Fatal error: Uncaught PDOException: SQLSTATE[42S22]: Column not found: 1054 Unknown column 'company_id' in 'NEW' in C:\xampp\htdocs\JDH_POS\src\db.php:391
Stack trace:
#0 C:\xampp\htdocs\JDH_POS\src\db.php(391): PDOStatement->execute(Array)
#1 C:\tmp\create_test_user.php(19): db_insert('users', Array)
#2 {main}

Next RuntimeException: Failed to insert into users in C:\xampp\htdocs\JDH_POS\src\db.php:395
Stack trace:
#0 C:\tmp\create_test_user.php(19): db_insert('users', Array)
#1 {main}
  thrown in C:\xampp\htdocs\JDH_POS\src\db.php on line 395
[2026-04-30 21:15:59] [ERROR] [User: guest] [IP: ::1]  Fatal error: syntax error, unexpected token "(", expecting variable in C:\xampp\htdocs\JDH_POS\src\auth.php on line 1124
[2026-04-30 22:18:47] [ERROR] [User: guest] [IP: ::1]  Fatal error: syntax error, unexpected token "(", expecting variable in C:\xampp\htdocs\JDH_POS\src\logger.php on line 40
[2026-04-30 22:18:51] [ERROR] [User: guest] [IP: ::1]  Fatal error: syntax error, unexpected token "(", expecting variable in C:\xampp\htdocs\JDH_POS\src\logger.php on line 40
[2026-04-30 22:20:29] [ERROR] [User: guest] [IP: ::1]  Fatal error: syntax error, unexpected token "(", expecting variable in C:\xampp\htdocs\JDH_POS\src\logger.php on line 40
[2026-04-30 22:20:58] [ERROR] [User: guest] [IP: ::1]  Fatal error: syntax error, unexpected token "(", expecting variable in C:\xampp\htdocs\JDH_POS\src\logger.php on line 40
[2026-04-30 22:22:01] [ERROR] [User: guest] [IP: ::1]  Fatal error: syntax error, unexpected token "(", expecting variable in C:\xampp\htdocs\JDH_POS\src\logger.php on line 40
[2026-04-30 22:22:02] [ERROR] [User: guest] [IP: ::1]  Fatal error: syntax error, unexpected token "(", expecting variable in C:\xampp\htdocs\JDH_POS\src\logger.php on line 40
[2026-04-30 22:22:12] [ERROR] [User: guest] [IP: ::1]  Fatal error: syntax error, unexpected token "(", expecting variable in C:\xampp\htdocs\JDH_POS\src\logger.php on line 40
[2026-04-30 22:29:30] [ERROR] [User: guest] [IP: ::1]  Fatal error: syntax error, unexpected token "(", expecting variable in C:\xampp\htdocs\JDH_POS\src\logger.php on line 40
[2026-04-30 22:29:33] [ERROR] [User: guest] [IP: ::1]  Fatal error: syntax error, unexpected token "(", expecting variable in C:\xampp\htdocs\JDH_POS\src\logger.php on line 40
[2026-04-30 22:31:19] [ERROR] [User: guest] [IP: ::1]  Fatal error: syntax error, unexpected token "(", expecting variable in C:\xampp\htdocs\JDH_POS\src\logger.php on line 40
[2026-04-30 22:31:20] [ERROR] [User: guest] [IP: ::1]  Fatal error: syntax error, unexpected token "(", expecting variable in C:\xampp\htdocs\JDH_POS\src\logger.php on line 40
[2026-04-30 22:31:21] [ERROR] [User: guest] [IP: ::1]  Fatal error: syntax error, unexpected token "(", expecting variable in C:\xampp\htdocs\JDH_POS\src\logger.php on line 40
[2026-04-30 22:31:22] [ERROR] [User: guest] [IP: ::1]  Fatal error: syntax error, unexpected token "(", expecting variable in C:\xampp\htdocs\JDH_POS\src\logger.php on line 40
[2026-04-30 22:31:33] [ERROR] [User: guest] [IP: ::1]  Fatal error: syntax error, unexpected token "(", expecting variable in C:\xampp\htdocs\JDH_POS\src\logger.php on line 40
[2026-04-30 22:35:32] [ERROR] [User: guest] [IP: ::1]  Fatal error: syntax error, unexpected token "(", expecting variable in C:\xampp\htdocs\JDH_POS\src\logger.php on line 40
