[2026-05-02 04:16:12] [ERROR] [User: 1] [IP: ::1]  Fatal error: Uncaught Error: Call to undefined function get_db_connection() in C:\xampp\htdocs\JDH_POS\src\Middleware\TenantMiddleware.php:181
Stack trace:
#0 C:\xampp\htdocs\JDH_POS\src\Middleware\TenantMiddleware.php(58): TenantMiddleware::resolveFromSession()
#1 C:\xampp\htdocs\JDH_POS\src\Middleware\TenantMiddleware.php(30): TenantMiddleware::resolve()
#2 C:\xampp\htdocs\JDH_POS\public\pos\pos-v2.php(23): TenantMiddleware::init()
#3 {main}
  thrown in C:\xampp\htdocs\JDH_POS\src\Middleware\TenantMiddleware.php on line 181
[2026-05-02 06:05:34] [ERROR] [User: guest] [IP: ::1]  Fatal error: Uncaught PDOException: SQLSTATE[42S22]: Column not found: 1054 Unknown column 'sp.max_api_calls' in 'field list' in C:\xampp\htdocs\JDH_POS\src\db.php:137
Stack trace:
#0 C:\xampp\htdocs\JDH_POS\src\db.php(137): PDO->prepare('\n    SELECT sp....')
#1 C:\xampp\htdocs\JDH_POS\src\db.php(155): db_query('\n    SELECT sp....', Array)
#2 C:\xampp\htdocs\JDH_POS\public\api\v1\index.php(733): db_fetch_one('\n    SELECT sp....', Array)
#3 {main}

Next RuntimeException: Database query failed in C:\xampp\htdocs\JDH_POS\src\db.php:142
Stack trace:
#0 C:\xampp\htdocs\JDH_POS\src\db.php(155): db_query('\n    SELECT sp....', Array)
#1 C:\xampp\htdocs\JDH_POS\public\api\v1\index.php(733): db_fetch_one('\n    SELECT sp....', Array)
#2 {main}
  thrown in C:\xampp\htdocs\JDH_POS\src\db.php on line 142
[2026-05-02 06:06:30] [ERROR] [User: guest] [IP: ::1]  Fatal error: Uncaught PDOException: SQLSTATE[42S22]: Column not found: 1054 Unknown column 'sp.max_api_calls' in 'field list' in C:\xampp\htdocs\JDH_POS\src\db.php:137
Stack trace:
#0 C:\xampp\htdocs\JDH_POS\src\db.php(137): PDO->prepare('\n    SELECT sp....')
#1 C:\xampp\htdocs\JDH_POS\src\db.php(155): db_query('\n    SELECT sp....', Array)
#2 C:\xampp\htdocs\JDH_POS\public\api\v1\index.php(733): db_fetch_one('\n    SELECT sp....', Array)
#3 {main}

Next RuntimeException: Database query failed in C:\xampp\htdocs\JDH_POS\src\db.php:142
Stack trace:
#0 C:\xampp\htdocs\JDH_POS\src\db.php(155): db_query('\n    SELECT sp....', Array)
#1 C:\xampp\htdocs\JDH_POS\public\api\v1\index.php(733): db_fetch_one('\n    SELECT sp....', Array)
#2 {main}
  thrown in C:\xampp\htdocs\JDH_POS\src\db.php on line 142
[2026-05-02 06:10:34] [ERROR] [User: guest] [IP: ::1]  Fatal error: Uncaught PDOException: SQLSTATE[42S22]: Column not found: 1054 Unknown column 'sp.max_api_calls' in 'field list' in C:\xampp\htdocs\JDH_POS\src\db.php:137
Stack trace:
#0 C:\xampp\htdocs\JDH_POS\src\db.php(137): PDO->prepare('\n    SELECT sp....')
#1 C:\xampp\htdocs\JDH_POS\src\db.php(155): db_query('\n    SELECT sp....', Array)
#2 C:\xampp\htdocs\JDH_POS\public\api\v1\index.php(733): db_fetch_one('\n    SELECT sp....', Array)
#3 {main}

Next RuntimeException: Database query failed in C:\xampp\htdocs\JDH_POS\src\db.php:142
Stack trace:
#0 C:\xampp\htdocs\JDH_POS\src\db.php(155): db_query('\n    SELECT sp....', Array)
#1 C:\xampp\htdocs\JDH_POS\public\api\v1\index.php(733): db_fetch_one('\n    SELECT sp....', Array)
#2 {main}
  thrown in C:\xampp\htdocs\JDH_POS\src\db.php on line 142
[2026-05-02 06:26:30] [ERROR] [User: guest] [IP: ::1]  Fatal error: Uncaught PDOException: SQLSTATE[42S22]: Column not found: 1054 Unknown column 'sp.max_api_calls' in 'field list' in C:\xampp\htdocs\JDH_POS\src\db.php:137
Stack trace:
#0 C:\xampp\htdocs\JDH_POS\src\db.php(137): PDO->prepare('\n    SELECT sp....')
#1 C:\xampp\htdocs\JDH_POS\src\db.php(155): db_query('\n    SELECT sp....', Array)
#2 C:\xampp\htdocs\JDH_POS\public\api\v1\index.php(733): db_fetch_one('\n    SELECT sp....', Array)
#3 {main}

Next RuntimeException: Database query failed in C:\xampp\htdocs\JDH_POS\src\db.php:142
Stack trace:
#0 C:\xampp\htdocs\JDH_POS\src\db.php(155): db_query('\n    SELECT sp....', Array)
#1 C:\xampp\htdocs\JDH_POS\public\api\v1\index.php(733): db_fetch_one('\n    SELECT sp....', Array)
#2 {main}
  thrown in C:\xampp\htdocs\JDH_POS\src\db.php on line 142
[2026-05-02 06:39:12] [ERROR] [User: guest] [IP: ::1]  Fatal error: Uncaught TypeError: Cannot assign null to property SecureTenantContext::$tenant_id of type int in C:\xampp\htdocs\JDH_POS\src\SecureTenantContext.php:46
Stack trace:
#0 C:\xampp\htdocs\JDH_POS\src\SecureTenantContext.php(27): SecureTenantContext->hydrateFromSession()
#1 C:\xampp\htdocs\JDH_POS\src\SecureTenantContext.php(36): SecureTenantContext->__construct()
#2 C:\xampp\htdocs\JDH_POS\public\pos\pos.php(28): SecureTenantContext::getInstance()
#3 {main}
  thrown in C:\xampp\htdocs\JDH_POS\src\SecureTenantContext.php on line 46
[2026-05-02 06:42:29] [ERROR] [User: guest] [IP: ::1]  Fatal error: Uncaught TypeError: Cannot assign null to property SecureTenantContext::$tenant_id of type int in C:\xampp\htdocs\JDH_POS\src\SecureTenantContext.php:46
Stack trace:
#0 C:\xampp\htdocs\JDH_POS\src\SecureTenantContext.php(27): SecureTenantContext->hydrateFromSession()
#1 C:\xampp\htdocs\JDH_POS\src\SecureTenantContext.php(36): SecureTenantContext->__construct()
#2 C:\xampp\htdocs\JDH_POS\public\pos\pos.php(29): SecureTenantContext::getInstance()
#3 {main}
  thrown in C:\xampp\htdocs\JDH_POS\src\SecureTenantContext.php on line 46
[2026-05-02 06:42:30] [ERROR] [User: guest] [IP: ::1]  Fatal error: Uncaught TypeError: Cannot assign null to property SecureTenantContext::$tenant_id of type int in C:\xampp\htdocs\JDH_POS\src\SecureTenantContext.php:46
Stack trace:
#0 C:\xampp\htdocs\JDH_POS\src\SecureTenantContext.php(27): SecureTenantContext->hydrateFromSession()
#1 C:\xampp\htdocs\JDH_POS\src\SecureTenantContext.php(36): SecureTenantContext->__construct()
#2 C:\xampp\htdocs\JDH_POS\public\pos\pos.php(29): SecureTenantContext::getInstance()
#3 {main}
  thrown in C:\xampp\htdocs\JDH_POS\src\SecureTenantContext.php on line 46
[2026-05-02 06:42:31] [ERROR] [User: guest] [IP: ::1]  Fatal error: Uncaught TypeError: Cannot assign null to property SecureTenantContext::$tenant_id of type int in C:\xampp\htdocs\JDH_POS\src\SecureTenantContext.php:46
Stack trace:
#0 C:\xampp\htdocs\JDH_POS\src\SecureTenantContext.php(27): SecureTenantContext->hydrateFromSession()
#1 C:\xampp\htdocs\JDH_POS\src\SecureTenantContext.php(36): SecureTenantContext->__construct()
#2 C:\xampp\htdocs\JDH_POS\public\pos\pos.php(29): SecureTenantContext::getInstance()
#3 {main}
  thrown in C:\xampp\htdocs\JDH_POS\src\SecureTenantContext.php on line 46
[2026-05-02 06:45:24] [ERROR] [User: guest] [IP: ::1]  Fatal error: Uncaught TypeError: Cannot assign null to property SecureTenantContext::$tenant_id of type int in C:\xampp\htdocs\JDH_POS\src\SecureTenantContext.php:46
Stack trace:
#0 C:\xampp\htdocs\JDH_POS\src\SecureTenantContext.php(27): SecureTenantContext->hydrateFromSession()
#1 C:\xampp\htdocs\JDH_POS\src\SecureTenantContext.php(36): SecureTenantContext->__construct()
#2 C:\xampp\htdocs\JDH_POS\public\pos\pos.php(29): SecureTenantContext::getInstance()
#3 {main}
  thrown in C:\xampp\htdocs\JDH_POS\src\SecureTenantContext.php on line 46
[2026-05-02 06:45:25] [ERROR] [User: guest] [IP: ::1]  Fatal error: Uncaught TypeError: Cannot assign null to property SecureTenantContext::$tenant_id of type int in C:\xampp\htdocs\JDH_POS\src\SecureTenantContext.php:46
Stack trace:
#0 C:\xampp\htdocs\JDH_POS\src\SecureTenantContext.php(27): SecureTenantContext->hydrateFromSession()
#1 C:\xampp\htdocs\JDH_POS\src\SecureTenantContext.php(36): SecureTenantContext->__construct()
#2 C:\xampp\htdocs\JDH_POS\public\pos\pos.php(29): SecureTenantContext::getInstance()
#3 {main}
  thrown in C:\xampp\htdocs\JDH_POS\src\SecureTenantContext.php on line 46
[2026-05-02 06:45:26] [ERROR] [User: guest] [IP: ::1]  Fatal error: Uncaught TypeError: Cannot assign null to property SecureTenantContext::$tenant_id of type int in C:\xampp\htdocs\JDH_POS\src\SecureTenantContext.php:46
Stack trace:
#0 C:\xampp\htdocs\JDH_POS\src\SecureTenantContext.php(27): SecureTenantContext->hydrateFromSession()
#1 C:\xampp\htdocs\JDH_POS\src\SecureTenantContext.php(36): SecureTenantContext->__construct()
#2 C:\xampp\htdocs\JDH_POS\public\pos\pos.php(29): SecureTenantContext::getInstance()
#3 {main}
  thrown in C:\xampp\htdocs\JDH_POS\src\SecureTenantContext.php on line 46
[2026-05-02 06:45:26] [ERROR] [User: guest] [IP: ::1]  Fatal error: Uncaught TypeError: Cannot assign null to property SecureTenantContext::$tenant_id of type int in C:\xampp\htdocs\JDH_POS\src\SecureTenantContext.php:46
Stack trace:
#0 C:\xampp\htdocs\JDH_POS\src\SecureTenantContext.php(27): SecureTenantContext->hydrateFromSession()
#1 C:\xampp\htdocs\JDH_POS\src\SecureTenantContext.php(36): SecureTenantContext->__construct()
#2 C:\xampp\htdocs\JDH_POS\public\pos\pos.php(29): SecureTenantContext::getInstance()
#3 {main}
  thrown in C:\xampp\htdocs\JDH_POS\src\SecureTenantContext.php on line 46
[2026-05-02 06:46:12] [ERROR] [User: guest] [IP: ::1]  Fatal error: Uncaught TypeError: Cannot assign null to property SecureTenantContext::$tenant_id of type int in C:\xampp\htdocs\JDH_POS\src\SecureTenantContext.php:46
Stack trace:
#0 C:\xampp\htdocs\JDH_POS\src\SecureTenantContext.php(27): SecureTenantContext->hydrateFromSession()
#1 C:\xampp\htdocs\JDH_POS\src\SecureTenantContext.php(36): SecureTenantContext->__construct()
#2 C:\xampp\htdocs\JDH_POS\public\pos\pos.php(29): SecureTenantContext::getInstance()
#3 {main}
  thrown in C:\xampp\htdocs\JDH_POS\src\SecureTenantContext.php on line 46
[2026-05-02 06:46:13] [ERROR] [User: guest] [IP: ::1]  Fatal error: Uncaught TypeError: Cannot assign null to property SecureTenantContext::$tenant_id of type int in C:\xampp\htdocs\JDH_POS\src\SecureTenantContext.php:46
Stack trace:
#0 C:\xampp\htdocs\JDH_POS\src\SecureTenantContext.php(27): SecureTenantContext->hydrateFromSession()
#1 C:\xampp\htdocs\JDH_POS\src\SecureTenantContext.php(36): SecureTenantContext->__construct()
#2 C:\xampp\htdocs\JDH_POS\public\pos\pos.php(29): SecureTenantContext::getInstance()
#3 {main}
  thrown in C:\xampp\htdocs\JDH_POS\src\SecureTenantContext.php on line 46
[2026-05-02 06:46:13] [ERROR] [User: guest] [IP: ::1]  Fatal error: Uncaught TypeError: Cannot assign null to property SecureTenantContext::$tenant_id of type int in C:\xampp\htdocs\JDH_POS\src\SecureTenantContext.php:46
Stack trace:
#0 C:\xampp\htdocs\JDH_POS\src\SecureTenantContext.php(27): SecureTenantContext->hydrateFromSession()
#1 C:\xampp\htdocs\JDH_POS\src\SecureTenantContext.php(36): SecureTenantContext->__construct()
#2 C:\xampp\htdocs\JDH_POS\public\pos\pos.php(29): SecureTenantContext::getInstance()
#3 {main}
  thrown in C:\xampp\htdocs\JDH_POS\src\SecureTenantContext.php on line 46
[2026-05-02 06:46:14] [ERROR] [User: guest] [IP: ::1]  Fatal error: Uncaught TypeError: Cannot assign null to property SecureTenantContext::$tenant_id of type int in C:\xampp\htdocs\JDH_POS\src\SecureTenantContext.php:46
Stack trace:
#0 C:\xampp\htdocs\JDH_POS\src\SecureTenantContext.php(27): SecureTenantContext->hydrateFromSession()
#1 C:\xampp\htdocs\JDH_POS\src\SecureTenantContext.php(36): SecureTenantContext->__construct()
#2 C:\xampp\htdocs\JDH_POS\public\pos\pos.php(29): SecureTenantContext::getInstance()
#3 {main}
  thrown in C:\xampp\htdocs\JDH_POS\src\SecureTenantContext.php on line 46
[2026-05-02 06:46:14] [ERROR] [User: guest] [IP: ::1]  Fatal error: Uncaught TypeError: Cannot assign null to property SecureTenantContext::$tenant_id of type int in C:\xampp\htdocs\JDH_POS\src\SecureTenantContext.php:46
Stack trace:
#0 C:\xampp\htdocs\JDH_POS\src\SecureTenantContext.php(27): SecureTenantContext->hydrateFromSession()
#1 C:\xampp\htdocs\JDH_POS\src\SecureTenantContext.php(36): SecureTenantContext->__construct()
#2 C:\xampp\htdocs\JDH_POS\public\pos\pos.php(29): SecureTenantContext::getInstance()
#3 {main}
  thrown in C:\xampp\htdocs\JDH_POS\src\SecureTenantContext.php on line 46
[2026-05-02 06:46:14] [ERROR] [User: guest] [IP: ::1]  Fatal error: Uncaught TypeError: Cannot assign null to property SecureTenantContext::$tenant_id of type int in C:\xampp\htdocs\JDH_POS\src\SecureTenantContext.php:46
Stack trace:
#0 C:\xampp\htdocs\JDH_POS\src\SecureTenantContext.php(27): SecureTenantContext->hydrateFromSession()
#1 C:\xampp\htdocs\JDH_POS\src\SecureTenantContext.php(36): SecureTenantContext->__construct()
#2 C:\xampp\htdocs\JDH_POS\public\pos\pos.php(29): SecureTenantContext::getInstance()
#3 {main}
  thrown in C:\xampp\htdocs\JDH_POS\src\SecureTenantContext.php on line 46
[2026-05-02 06:46:15] [ERROR] [User: guest] [IP: ::1]  Fatal error: Uncaught TypeError: Cannot assign null to property SecureTenantContext::$tenant_id of type int in C:\xampp\htdocs\JDH_POS\src\SecureTenantContext.php:46
Stack trace:
#0 C:\xampp\htdocs\JDH_POS\src\SecureTenantContext.php(27): SecureTenantContext->hydrateFromSession()
#1 C:\xampp\htdocs\JDH_POS\src\SecureTenantContext.php(36): SecureTenantContext->__construct()
#2 C:\xampp\htdocs\JDH_POS\public\pos\pos.php(29): SecureTenantContext::getInstance()
#3 {main}
  thrown in C:\xampp\htdocs\JDH_POS\src\SecureTenantContext.php on line 46
[2026-05-02 06:46:15] [ERROR] [User: guest] [IP: ::1]  Fatal error: Uncaught TypeError: Cannot assign null to property SecureTenantContext::$tenant_id of type int in C:\xampp\htdocs\JDH_POS\src\SecureTenantContext.php:46
Stack trace:
#0 C:\xampp\htdocs\JDH_POS\src\SecureTenantContext.php(27): SecureTenantContext->hydrateFromSession()
#1 C:\xampp\htdocs\JDH_POS\src\SecureTenantContext.php(36): SecureTenantContext->__construct()
#2 C:\xampp\htdocs\JDH_POS\public\pos\pos.php(29): SecureTenantContext::getInstance()
#3 {main}
  thrown in C:\xampp\htdocs\JDH_POS\src\SecureTenantContext.php on line 46
[2026-05-02 06:46:15] [ERROR] [User: guest] [IP: ::1]  Fatal error: Uncaught TypeError: Cannot assign null to property SecureTenantContext::$tenant_id of type int in C:\xampp\htdocs\JDH_POS\src\SecureTenantContext.php:46
Stack trace:
#0 C:\xampp\htdocs\JDH_POS\src\SecureTenantContext.php(27): SecureTenantContext->hydrateFromSession()
#1 C:\xampp\htdocs\JDH_POS\src\SecureTenantContext.php(36): SecureTenantContext->__construct()
#2 C:\xampp\htdocs\JDH_POS\public\pos\pos.php(29): SecureTenantContext::getInstance()
#3 {main}
  thrown in C:\xampp\htdocs\JDH_POS\src\SecureTenantContext.php on line 46
[2026-05-02 06:46:15] [ERROR] [User: guest] [IP: ::1]  Fatal error: Uncaught TypeError: Cannot assign null to property SecureTenantContext::$tenant_id of type int in C:\xampp\htdocs\JDH_POS\src\SecureTenantContext.php:46
Stack trace:
#0 C:\xampp\htdocs\JDH_POS\src\SecureTenantContext.php(27): SecureTenantContext->hydrateFromSession()
#1 C:\xampp\htdocs\JDH_POS\src\SecureTenantContext.php(36): SecureTenantContext->__construct()
#2 C:\xampp\htdocs\JDH_POS\public\pos\pos.php(29): SecureTenantContext::getInstance()
#3 {main}
  thrown in C:\xampp\htdocs\JDH_POS\src\SecureTenantContext.php on line 46
[2026-05-02 06:47:43] [ERROR] [User: guest] [IP: ::1]  Fatal error: Uncaught TypeError: Cannot assign null to property SecureTenantContext::$tenant_id of type int in C:\xampp\htdocs\JDH_POS\src\SecureTenantContext.php:46
Stack trace:
#0 C:\xampp\htdocs\JDH_POS\src\SecureTenantContext.php(27): SecureTenantContext->hydrateFromSession()
#1 C:\xampp\htdocs\JDH_POS\src\SecureTenantContext.php(36): SecureTenantContext->__construct()
#2 C:\xampp\htdocs\JDH_POS\public\pos\pos.php(29): SecureTenantContext::getInstance()
#3 {main}
  thrown in C:\xampp\htdocs\JDH_POS\src\SecureTenantContext.php on line 46
[2026-05-02 06:50:16] [ERROR] [User: guest] [IP: 0.0.0.0]  Fatal error: Uncaught TypeError: Cannot assign null to property SecureTenantContext::$tenant_id of type int in C:\xampp\htdocs\JDH_POS\src\SecureTenantContext.php:46
Stack trace:
#0 C:\xampp\htdocs\JDH_POS\src\SecureTenantContext.php(27): SecureTenantContext->hydrateFromSession()
#1 C:\xampp\htdocs\JDH_POS\src\SecureTenantContext.php(36): SecureTenantContext->__construct()
#2 C:\xampp\htdocs\JDH_POS\public\pos\pos.php(29): SecureTenantContext::getInstance()
#3 {main}
  thrown in C:\xampp\htdocs\JDH_POS\src\SecureTenantContext.php on line 46
[2026-05-02 06:50:44] [ERROR] [User: guest] [IP: 0.0.0.0]  Fatal error: Uncaught TypeError: Cannot assign null to property SecureTenantContext::$tenant_id of type int in C:\xampp\htdocs\JDH_POS\src\SecureTenantContext.php:46
Stack trace:
#0 C:\xampp\htdocs\JDH_POS\src\SecureTenantContext.php(27): SecureTenantContext->hydrateFromSession()
#1 C:\xampp\htdocs\JDH_POS\src\SecureTenantContext.php(36): SecureTenantContext->__construct()
#2 C:\xampp\htdocs\JDH_POS\public\pos\pos.php(29): SecureTenantContext::getInstance()
#3 {main}
  thrown in C:\xampp\htdocs\JDH_POS\src\SecureTenantContext.php on line 46
[2026-05-02 06:51:15] [ERROR] [User: guest] [IP: 0.0.0.0]  Fatal error: Uncaught TypeError: Cannot assign null to property SecureTenantContext::$tenant_id of type int in C:\xampp\htdocs\JDH_POS\src\SecureTenantContext.php:46
Stack trace:
#0 C:\xampp\htdocs\JDH_POS\src\SecureTenantContext.php(27): SecureTenantContext->hydrateFromSession()
#1 C:\xampp\htdocs\JDH_POS\src\SecureTenantContext.php(36): SecureTenantContext->__construct()
#2 C:\xampp\htdocs\JDH_POS\public\pos\pos.php(29): SecureTenantContext::getInstance()
#3 Command line code(1): include('C:\\xampp\\htdocs...')
#4 {main}
  thrown in C:\xampp\htdocs\JDH_POS\src\SecureTenantContext.php on line 46
[2026-05-02 06:54:53] [ERROR] [User: guest] [IP: ::1]  Fatal error: Uncaught TypeError: Cannot assign null to property SecureTenantContext::$tenant_id of type int in C:\xampp\htdocs\JDH_POS\src\SecureTenantContext.php:46
Stack trace:
#0 C:\xampp\htdocs\JDH_POS\src\SecureTenantContext.php(27): SecureTenantContext->hydrateFromSession()
#1 C:\xampp\htdocs\JDH_POS\src\SecureTenantContext.php(36): SecureTenantContext->__construct()
#2 C:\xampp\htdocs\JDH_POS\public\pos\pos.php(37): SecureTenantContext::getInstance()
#3 {main}
  thrown in C:\xampp\htdocs\JDH_POS\src\SecureTenantContext.php on line 46
[2026-05-02 06:54:55] [ERROR] [User: guest] [IP: ::1]  Fatal error: Uncaught TypeError: Cannot assign null to property SecureTenantContext::$tenant_id of type int in C:\xampp\htdocs\JDH_POS\src\SecureTenantContext.php:46
Stack trace:
#0 C:\xampp\htdocs\JDH_POS\src\SecureTenantContext.php(27): SecureTenantContext->hydrateFromSession()
#1 C:\xampp\htdocs\JDH_POS\src\SecureTenantContext.php(36): SecureTenantContext->__construct()
#2 C:\xampp\htdocs\JDH_POS\public\pos\pos.php(37): SecureTenantContext::getInstance()
#3 {main}
  thrown in C:\xampp\htdocs\JDH_POS\src\SecureTenantContext.php on line 46
[2026-05-02 06:54:55] [ERROR] [User: guest] [IP: ::1]  Fatal error: Uncaught TypeError: Cannot assign null to property SecureTenantContext::$tenant_id of type int in C:\xampp\htdocs\JDH_POS\src\SecureTenantContext.php:46
Stack trace:
#0 C:\xampp\htdocs\JDH_POS\src\SecureTenantContext.php(27): SecureTenantContext->hydrateFromSession()
#1 C:\xampp\htdocs\JDH_POS\src\SecureTenantContext.php(36): SecureTenantContext->__construct()
#2 C:\xampp\htdocs\JDH_POS\public\pos\pos.php(37): SecureTenantContext::getInstance()
#3 {main}
  thrown in C:\xampp\htdocs\JDH_POS\src\SecureTenantContext.php on line 46
[2026-05-02 06:54:57] [ERROR] [User: guest] [IP: ::1]  Fatal error: Uncaught TypeError: Cannot assign null to property SecureTenantContext::$tenant_id of type int in C:\xampp\htdocs\JDH_POS\src\SecureTenantContext.php:46
Stack trace:
#0 C:\xampp\htdocs\JDH_POS\src\SecureTenantContext.php(27): SecureTenantContext->hydrateFromSession()
#1 C:\xampp\htdocs\JDH_POS\src\SecureTenantContext.php(36): SecureTenantContext->__construct()
#2 C:\xampp\htdocs\JDH_POS\public\pos\pos.php(37): SecureTenantContext::getInstance()
#3 {main}
  thrown in C:\xampp\htdocs\JDH_POS\src\SecureTenantContext.php on line 46
[2026-05-02 06:54:57] [ERROR] [User: guest] [IP: ::1]  Fatal error: Uncaught TypeError: Cannot assign null to property SecureTenantContext::$tenant_id of type int in C:\xampp\htdocs\JDH_POS\src\SecureTenantContext.php:46
Stack trace:
#0 C:\xampp\htdocs\JDH_POS\src\SecureTenantContext.php(27): SecureTenantContext->hydrateFromSession()
#1 C:\xampp\htdocs\JDH_POS\src\SecureTenantContext.php(36): SecureTenantContext->__construct()
#2 C:\xampp\htdocs\JDH_POS\public\pos\pos.php(37): SecureTenantContext::getInstance()
#3 {main}
  thrown in C:\xampp\htdocs\JDH_POS\src\SecureTenantContext.php on line 46
[2026-05-02 07:01:24] [ERROR] [User: guest] [IP: ::1]  Fatal error: Uncaught TypeError: Cannot assign null to property SecureTenantContext::$tenant_id of type int in C:\xampp\htdocs\JDH_POS\src\SecureTenantContext.php:46
Stack trace:
#0 C:\xampp\htdocs\JDH_POS\src\SecureTenantContext.php(27): SecureTenantContext->hydrateFromSession()
#1 C:\xampp\htdocs\JDH_POS\src\SecureTenantContext.php(36): SecureTenantContext->__construct()
#2 C:\xampp\htdocs\JDH_POS\public\pos\pos.php(37): SecureTenantContext::getInstance()
#3 {main}
  thrown in C:\xampp\htdocs\JDH_POS\src\SecureTenantContext.php on line 46
[2026-05-02 07:01:25] [ERROR] [User: guest] [IP: ::1]  Fatal error: Uncaught TypeError: Cannot assign null to property SecureTenantContext::$tenant_id of type int in C:\xampp\htdocs\JDH_POS\src\SecureTenantContext.php:46
Stack trace:
#0 C:\xampp\htdocs\JDH_POS\src\SecureTenantContext.php(27): SecureTenantContext->hydrateFromSession()
#1 C:\xampp\htdocs\JDH_POS\src\SecureTenantContext.php(36): SecureTenantContext->__construct()
#2 C:\xampp\htdocs\JDH_POS\public\pos\pos.php(37): SecureTenantContext::getInstance()
#3 {main}
  thrown in C:\xampp\htdocs\JDH_POS\src\SecureTenantContext.php on line 46
[2026-05-02 07:01:26] [ERROR] [User: guest] [IP: ::1]  Fatal error: Uncaught TypeError: Cannot assign null to property SecureTenantContext::$tenant_id of type int in C:\xampp\htdocs\JDH_POS\src\SecureTenantContext.php:46
Stack trace:
#0 C:\xampp\htdocs\JDH_POS\src\SecureTenantContext.php(27): SecureTenantContext->hydrateFromSession()
#1 C:\xampp\htdocs\JDH_POS\src\SecureTenantContext.php(36): SecureTenantContext->__construct()
#2 C:\xampp\htdocs\JDH_POS\public\pos\pos.php(37): SecureTenantContext::getInstance()
#3 {main}
  thrown in C:\xampp\htdocs\JDH_POS\src\SecureTenantContext.php on line 46
[2026-05-02 07:01:26] [ERROR] [User: guest] [IP: ::1]  Fatal error: Uncaught TypeError: Cannot assign null to property SecureTenantContext::$tenant_id of type int in C:\xampp\htdocs\JDH_POS\src\SecureTenantContext.php:46
Stack trace:
#0 C:\xampp\htdocs\JDH_POS\src\SecureTenantContext.php(27): SecureTenantContext->hydrateFromSession()
#1 C:\xampp\htdocs\JDH_POS\src\SecureTenantContext.php(36): SecureTenantContext->__construct()
#2 C:\xampp\htdocs\JDH_POS\public\pos\pos.php(37): SecureTenantContext::getInstance()
#3 {main}
  thrown in C:\xampp\htdocs\JDH_POS\src\SecureTenantContext.php on line 46
[2026-05-02 07:01:26] [ERROR] [User: guest] [IP: ::1]  Fatal error: Uncaught TypeError: Cannot assign null to property SecureTenantContext::$tenant_id of type int in C:\xampp\htdocs\JDH_POS\src\SecureTenantContext.php:46
Stack trace:
#0 C:\xampp\htdocs\JDH_POS\src\SecureTenantContext.php(27): SecureTenantContext->hydrateFromSession()
#1 C:\xampp\htdocs\JDH_POS\src\SecureTenantContext.php(36): SecureTenantContext->__construct()
#2 C:\xampp\htdocs\JDH_POS\public\pos\pos.php(37): SecureTenantContext::getInstance()
#3 {main}
  thrown in C:\xampp\htdocs\JDH_POS\src\SecureTenantContext.php on line 46
[2026-05-02 07:01:27] [ERROR] [User: guest] [IP: ::1]  Fatal error: Uncaught TypeError: Cannot assign null to property SecureTenantContext::$tenant_id of type int in C:\xampp\htdocs\JDH_POS\src\SecureTenantContext.php:46
Stack trace:
#0 C:\xampp\htdocs\JDH_POS\src\SecureTenantContext.php(27): SecureTenantContext->hydrateFromSession()
#1 C:\xampp\htdocs\JDH_POS\src\SecureTenantContext.php(36): SecureTenantContext->__construct()
#2 C:\xampp\htdocs\JDH_POS\public\pos\pos.php(37): SecureTenantContext::getInstance()
#3 {main}
  thrown in C:\xampp\htdocs\JDH_POS\src\SecureTenantContext.php on line 46
[2026-05-02 06:04:28] [ERROR] [User: guest] [IP: ::1]  Fatal error: Uncaught Error: Call to undefined function get_db_connection() in C:\xampp\htdocs\JDH_POS\public\pos\test.php:14
Stack trace:
#0 {main}
  thrown in C:\xampp\htdocs\JDH_POS\public\pos\test.php on line 14
[2026-05-02 07:05:55] [ERROR] [User: guest] [IP: ::1]  Fatal error: Uncaught TypeError: Cannot assign null to property SecureTenantContext::$tenant_id of type int in C:\xampp\htdocs\JDH_POS\src\SecureTenantContext.php:46
Stack trace:
#0 C:\xampp\htdocs\JDH_POS\src\SecureTenantContext.php(27): SecureTenantContext->hydrateFromSession()
#1 C:\xampp\htdocs\JDH_POS\src\SecureTenantContext.php(36): SecureTenantContext->__construct()
#2 C:\xampp\htdocs\JDH_POS\public\pos\pos.php(37): SecureTenantContext::getInstance()
#3 {main}
  thrown in C:\xampp\htdocs\JDH_POS\src\SecureTenantContext.php on line 46
[2026-05-02 11:44:04] [ERROR] [User: guest] [IP: ::1]  Fatal error: Uncaught TypeError: Cannot assign null to property SecureTenantContext::$tenant_id of type int in C:\xampp\htdocs\JDH_POS\src\SecureTenantContext.php:46
Stack trace:
#0 C:\xampp\htdocs\JDH_POS\src\SecureTenantContext.php(27): SecureTenantContext->hydrateFromSession()
#1 C:\xampp\htdocs\JDH_POS\src\SecureTenantContext.php(36): SecureTenantContext->__construct()
#2 C:\xampp\htdocs\JDH_POS\public\pos\pos.php(37): SecureTenantContext::getInstance()
#3 {main}
  thrown in C:\xampp\htdocs\JDH_POS\src\SecureTenantContext.php on line 46
[2026-05-02 11:44:09] [ERROR] [User: guest] [IP: ::1]  Fatal error: Uncaught TypeError: Cannot assign null to property SecureTenantContext::$tenant_id of type int in C:\xampp\htdocs\JDH_POS\src\SecureTenantContext.php:46
Stack trace:
#0 C:\xampp\htdocs\JDH_POS\src\SecureTenantContext.php(27): SecureTenantContext->hydrateFromSession()
#1 C:\xampp\htdocs\JDH_POS\src\SecureTenantContext.php(36): SecureTenantContext->__construct()
#2 C:\xampp\htdocs\JDH_POS\public\pos\pos.php(37): SecureTenantContext::getInstance()
#3 {main}
  thrown in C:\xampp\htdocs\JDH_POS\src\SecureTenantContext.php on line 46
[2026-05-02 11:44:16] [ERROR] [User: guest] [IP: ::1]  Fatal error: Uncaught TypeError: Cannot assign null to property SecureTenantContext::$tenant_id of type int in C:\xampp\htdocs\JDH_POS\src\SecureTenantContext.php:46
Stack trace:
#0 C:\xampp\htdocs\JDH_POS\src\SecureTenantContext.php(27): SecureTenantContext->hydrateFromSession()
#1 C:\xampp\htdocs\JDH_POS\src\SecureTenantContext.php(36): SecureTenantContext->__construct()
#2 C:\xampp\htdocs\JDH_POS\public\pos\pos.php(37): SecureTenantContext::getInstance()
#3 {main}
  thrown in C:\xampp\htdocs\JDH_POS\src\SecureTenantContext.php on line 46
[2026-05-02 11:59:35] [ERROR] [User: guest] [IP: ::1]  Fatal error: Uncaught TypeError: Cannot assign null to property SecureTenantContext::$tenant_id of type int in C:\xampp\htdocs\JDH_POS\src\SecureTenantContext.php:46
Stack trace:
#0 C:\xampp\htdocs\JDH_POS\src\SecureTenantContext.php(27): SecureTenantContext->hydrateFromSession()
#1 C:\xampp\htdocs\JDH_POS\src\SecureTenantContext.php(36): SecureTenantContext->__construct()
#2 C:\xampp\htdocs\JDH_POS\public\pos\pos.php(37): SecureTenantContext::getInstance()
#3 {main}
  thrown in C:\xampp\htdocs\JDH_POS\src\SecureTenantContext.php on line 46
[2026-05-02 11:59:37] [ERROR] [User: guest] [IP: ::1]  Fatal error: Uncaught TypeError: Cannot assign null to property SecureTenantContext::$tenant_id of type int in C:\xampp\htdocs\JDH_POS\src\SecureTenantContext.php:46
Stack trace:
#0 C:\xampp\htdocs\JDH_POS\src\SecureTenantContext.php(27): SecureTenantContext->hydrateFromSession()
#1 C:\xampp\htdocs\JDH_POS\src\SecureTenantContext.php(36): SecureTenantContext->__construct()
#2 C:\xampp\htdocs\JDH_POS\public\pos\pos.php(37): SecureTenantContext::getInstance()
#3 {main}
  thrown in C:\xampp\htdocs\JDH_POS\src\SecureTenantContext.php on line 46
[2026-05-02 12:05:18] [ERROR] [User: guest] [IP: ::1]  Fatal error: Uncaught TypeError: Cannot assign null to property SecureTenantContext::$tenant_id of type int in C:\xampp\htdocs\JDH_POS\src\SecureTenantContext.php:46
Stack trace:
#0 C:\xampp\htdocs\JDH_POS\src\SecureTenantContext.php(27): SecureTenantContext->hydrateFromSession()
#1 C:\xampp\htdocs\JDH_POS\src\SecureTenantContext.php(36): SecureTenantContext->__construct()
#2 C:\xampp\htdocs\JDH_POS\public\pos\pos.php(43): SecureTenantContext::getInstance()
#3 {main}
  thrown in C:\xampp\htdocs\JDH_POS\src\SecureTenantContext.php on line 46
[2026-05-02 12:05:21] [ERROR] [User: guest] [IP: ::1]  Fatal error: Uncaught TypeError: Cannot assign null to property SecureTenantContext::$tenant_id of type int in C:\xampp\htdocs\JDH_POS\src\SecureTenantContext.php:46
Stack trace:
#0 C:\xampp\htdocs\JDH_POS\src\SecureTenantContext.php(27): SecureTenantContext->hydrateFromSession()
#1 C:\xampp\htdocs\JDH_POS\src\SecureTenantContext.php(36): SecureTenantContext->__construct()
#2 C:\xampp\htdocs\JDH_POS\public\pos\pos.php(43): SecureTenantContext::getInstance()
#3 {main}
  thrown in C:\xampp\htdocs\JDH_POS\src\SecureTenantContext.php on line 46
[2026-05-02 12:06:03] [ERROR] [User: guest] [IP: ::1]  Fatal error: Uncaught TypeError: Cannot assign null to property SecureTenantContext::$tenant_id of type int in C:\xampp\htdocs\JDH_POS\src\SecureTenantContext.php:46
Stack trace:
#0 C:\xampp\htdocs\JDH_POS\src\SecureTenantContext.php(27): SecureTenantContext->hydrateFromSession()
#1 C:\xampp\htdocs\JDH_POS\src\SecureTenantContext.php(36): SecureTenantContext->__construct()
#2 C:\xampp\htdocs\JDH_POS\public\pos\pos.php(43): SecureTenantContext::getInstance()
#3 {main}
  thrown in C:\xampp\htdocs\JDH_POS\src\SecureTenantContext.php on line 46
[2026-05-02 19:26:11] [ERROR] [User: guest] [IP: ::1]  Fatal error: Uncaught TypeError: Cannot assign null to property SecureTenantContext::$tenant_id of type int in C:\xampp\htdocs\JDH_POS\src\SecureTenantContext.php:46
Stack trace:
#0 C:\xampp\htdocs\JDH_POS\src\SecureTenantContext.php(27): SecureTenantContext->hydrateFromSession()
#1 C:\xampp\htdocs\JDH_POS\src\SecureTenantContext.php(36): SecureTenantContext->__construct()
#2 C:\xampp\htdocs\JDH_POS\public\pos\pos.php(69): SecureTenantContext::getInstance()
#3 {main}
  thrown in C:\xampp\htdocs\JDH_POS\src\SecureTenantContext.php on line 46
[2026-05-02 19:26:14] [ERROR] [User: guest] [IP: ::1]  Fatal error: Uncaught TypeError: Cannot assign null to property SecureTenantContext::$tenant_id of type int in C:\xampp\htdocs\JDH_POS\src\SecureTenantContext.php:46
Stack trace:
#0 C:\xampp\htdocs\JDH_POS\src\SecureTenantContext.php(27): SecureTenantContext->hydrateFromSession()
#1 C:\xampp\htdocs\JDH_POS\src\SecureTenantContext.php(36): SecureTenantContext->__construct()
#2 C:\xampp\htdocs\JDH_POS\public\pos\pos.php(69): SecureTenantContext::getInstance()
#3 {main}
  thrown in C:\xampp\htdocs\JDH_POS\src\SecureTenantContext.php on line 46
