[2026-06-12 23:03:15] [ERROR] [User: 2] [IP: ::1] [Company: 1] Fatal error: Uncaught TypeError: ucwords(): Argument #1 ($string) must be of type string, array given in C:\xampp\htdocs\JDH_POS\public\pos\pos.php:250
Stack trace:
#0 C:\xampp\htdocs\JDH_POS\public\pos\pos.php(250): ucwords(Array)
#1 {main}
  thrown in C:\xampp\htdocs\JDH_POS\public\pos\pos.php on line 250
[2026-06-12 23:04:19] [ERROR] [User: 2] [IP: ::1] [Company: 1] Fatal error: Uncaught Error: Call to undefined function get_current_business_type_id() in C:\xampp\htdocs\JDH_POS\public\products\products.php:26
Stack trace:
#0 {main}
  thrown in C:\xampp\htdocs\JDH_POS\public\products\products.php on line 26
[2026-06-12 23:05:35] [ERROR] [User: 2] [IP: ::1] [Company: 1] Fatal error: Uncaught TypeError: ucwords(): Argument #1 ($string) must be of type string, array given in C:\xampp\htdocs\JDH_POS\public\pos\pos.php:252
Stack trace:
#0 C:\xampp\htdocs\JDH_POS\public\pos\pos.php(252): ucwords(Array)
#1 {main}
  thrown in C:\xampp\htdocs\JDH_POS\public\pos\pos.php on line 252
[2026-06-12 23:05:37] [ERROR] [User: 2] [IP: ::1] [Company: 1] Fatal error: Uncaught TypeError: ucwords(): Argument #1 ($string) must be of type string, array given in C:\xampp\htdocs\JDH_POS\public\pos\pos.php:252
Stack trace:
#0 C:\xampp\htdocs\JDH_POS\public\pos\pos.php(252): ucwords(Array)
#1 {main}
  thrown in C:\xampp\htdocs\JDH_POS\public\pos\pos.php on line 252
[2026-06-12 23:05:41] [ERROR] [User: 2] [IP: ::1] [Company: 1] Fatal error: Uncaught TypeError: ucwords(): Argument #1 ($string) must be of type string, array given in C:\xampp\htdocs\JDH_POS\public\pos\pos.php:252
Stack trace:
#0 C:\xampp\htdocs\JDH_POS\public\pos\pos.php(252): ucwords(Array)
#1 {main}
  thrown in C:\xampp\htdocs\JDH_POS\public\pos\pos.php on line 252
[2026-06-12 23:05:45] [ERROR] [User: 2] [IP: ::1] [Company: 1] Fatal error: Uncaught TypeError: ucwords(): Argument #1 ($string) must be of type string, array given in C:\xampp\htdocs\JDH_POS\public\pos\pos.php:252
Stack trace:
#0 C:\xampp\htdocs\JDH_POS\public\pos\pos.php(252): ucwords(Array)
#1 {main}
  thrown in C:\xampp\htdocs\JDH_POS\public\pos\pos.php on line 252
[2026-06-12 23:06:27] [ERROR] [User: 2] [IP: ::1] [Company: 1] Fatal error: Uncaught PDOException: SQLSTATE[42S22]: Column not found: 1054 Unknown column '$current_branch_id' in 'where clause' in C:\xampp\htdocs\JDH_POS\public\pos\discounts\discounts.php:234
Stack trace:
#0 C:\xampp\htdocs\JDH_POS\public\pos\discounts\discounts.php(234): PDO->query('SELECT id, name...')
#1 {main}
  thrown in C:\xampp\htdocs\JDH_POS\public\pos\discounts\discounts.php on line 234
