[2026-06-16 00:07:45] [ERROR] [User: 1] [IP: ::1] [Company: 1] Fatal error: Uncaught Error: Call to undefined function has_permission() in C:\xampp\htdocs\JDH_POS\public\dashboard\home.php:562
Stack trace:
#0 [internal function]: {closure}(Array)
#1 C:\xampp\htdocs\JDH_POS\public\dashboard\home.php(561): array_filter(Array, Object(Closure))
#2 {main}
  thrown in C:\xampp\htdocs\JDH_POS\public\dashboard\home.php on line 562
[2026-06-16 00:08:44] [ERROR] [User: 2] [IP: ::1] [Company: 1] Fatal error: Uncaught Error: Call to undefined function has_permission() in C:\xampp\htdocs\JDH_POS\public\dashboard\home.php:562
Stack trace:
#0 [internal function]: {closure}(Array)
#1 C:\xampp\htdocs\JDH_POS\public\dashboard\home.php(561): array_filter(Array, Object(Closure))
#2 {main}
  thrown in C:\xampp\htdocs\JDH_POS\public\dashboard\home.php on line 562
[2026-06-16 00:12:06] [ERROR] [User: 2] [IP: ::1] [Company: 1] Fatal error: Uncaught Error: Call to undefined function has_permission() in C:\xampp\htdocs\JDH_POS\public\dashboard\home.php:562
Stack trace:
#0 [internal function]: {closure}(Array)
#1 C:\xampp\htdocs\JDH_POS\public\dashboard\home.php(561): array_filter(Array, Object(Closure))
#2 {main}
  thrown in C:\xampp\htdocs\JDH_POS\public\dashboard\home.php on line 562
[2026-06-16 00:12:08] [ERROR] [User: 2] [IP: ::1] [Company: 1] Fatal error: Uncaught Error: Call to undefined function has_permission() in C:\xampp\htdocs\JDH_POS\public\dashboard\home.php:562
Stack trace:
#0 [internal function]: {closure}(Array)
#1 C:\xampp\htdocs\JDH_POS\public\dashboard\home.php(561): array_filter(Array, Object(Closure))
#2 {main}
  thrown in C:\xampp\htdocs\JDH_POS\public\dashboard\home.php on line 562
[2026-06-16 00:14:41] [ERROR] [User: 1] [IP: ::1] [Company: 1] Fatal error: Uncaught Error: Call to undefined function has_permission() in C:\xampp\htdocs\JDH_POS\public\dashboard\home.php:562
Stack trace:
#0 [internal function]: {closure}(Array)
#1 C:\xampp\htdocs\JDH_POS\public\dashboard\home.php(561): array_filter(Array, Object(Closure))
#2 {main}
  thrown in C:\xampp\htdocs\JDH_POS\public\dashboard\home.php on line 562
[2026-06-16 00:14:50] [ERROR] [User: 1] [IP: ::1] [Company: 1] Fatal error: Uncaught Error: Call to undefined function has_permission() in C:\xampp\htdocs\JDH_POS\public\dashboard\home.php:562
Stack trace:
#0 [internal function]: {closure}(Array)
#1 C:\xampp\htdocs\JDH_POS\public\dashboard\home.php(561): array_filter(Array, Object(Closure))
#2 {main}
  thrown in C:\xampp\htdocs\JDH_POS\public\dashboard\home.php on line 562
[2026-06-16 00:15:53] [ERROR] [User: 1] [IP: ::1] [Company: 1] Fatal error: Uncaught Error: Call to undefined function has_permission() in C:\xampp\htdocs\JDH_POS\public\dashboard\home.php:562
Stack trace:
#0 [internal function]: {closure}(Array)
#1 C:\xampp\htdocs\JDH_POS\public\dashboard\home.php(561): array_filter(Array, Object(Closure))
#2 {main}
  thrown in C:\xampp\htdocs\JDH_POS\public\dashboard\home.php on line 562
[2026-06-16 00:16:08] [ERROR] [User: 1] [IP: ::1] [Company: 1] Fatal error: Uncaught Error: Call to undefined function has_permission() in C:\xampp\htdocs\JDH_POS\public\dashboard\home.php:562
Stack trace:
#0 [internal function]: {closure}(Array)
#1 C:\xampp\htdocs\JDH_POS\public\dashboard\home.php(561): array_filter(Array, Object(Closure))
#2 {main}
  thrown in C:\xampp\htdocs\JDH_POS\public\dashboard\home.php on line 562
[2026-06-16 00:16:20] [ERROR] [User: 1] [IP: ::1] [Company: 1] Fatal error: Uncaught Error: Call to undefined function has_permission() in C:\xampp\htdocs\JDH_POS\public\dashboard\home.php:562
Stack trace:
#0 [internal function]: {closure}(Array)
#1 C:\xampp\htdocs\JDH_POS\public\dashboard\home.php(561): array_filter(Array, Object(Closure))
#2 {main}
  thrown in C:\xampp\htdocs\JDH_POS\public\dashboard\home.php on line 562
[2026-06-16 00:39:22] [ERROR] [User: 2] [IP: ::1] [Company: 1] Fatal error: Uncaught Error: Unknown named parameter $isCompanyAdmin in C:\xampp\htdocs\JDH_POS\public\dashboard\home.php:93
Stack trace:
#0 {main}
  thrown in C:\xampp\htdocs\JDH_POS\public\dashboard\home.php on line 93
[2026-06-16 01:01:19] [ERROR] [User: 2] [IP: ::1] [Company: 1] Fatal error: Cannot declare class SecurityException, because the name is already in use in C:\xampp\htdocs\JDH_POS\src\Security\DataAccessScope.php on line 207
[2026-06-16 01:01:45] [ERROR] [User: 2] [IP: ::1] [Company: 1] Fatal error: Uncaught Error: Failed opening required 'C:\xampp\htdocs\JDH_POS\public\products/../../src/Barcode/LabelTemplate.php' (include_path='C:\xampp\php\PEAR') in C:\xampp\htdocs\JDH_POS\public\products\barcode_labels.php:42
Stack trace:
#0 {main}
  thrown in C:\xampp\htdocs\JDH_POS\public\products\barcode_labels.php on line 42
[2026-06-16 09:00:30] [ERROR] [User: 2] [IP: ::1] [Company: 1] Fatal error: Uncaught Error: Failed opening required 'C:\xampp\htdocs\JDH_POS\public\products/../../src/Barcode/LabelTemplate.php' (include_path='C:\xampp\php\PEAR') in C:\xampp\htdocs\JDH_POS\public\products\barcode_labels.php:42
Stack trace:
#0 {main}
  thrown in C:\xampp\htdocs\JDH_POS\public\products\barcode_labels.php on line 42
[2026-06-16 12:27:31] [ERROR] [User: 2] [IP: ::1] [Company: 1] Fatal error: Uncaught Error: Failed opening required 'C:\xampp\htdocs\JDH_POS\public\products/../../src/Barcode/LabelTemplate.php' (include_path='C:\xampp\php\PEAR') in C:\xampp\htdocs\JDH_POS\public\products\barcode_labels.php:42
Stack trace:
#0 {main}
  thrown in C:\xampp\htdocs\JDH_POS\public\products\barcode_labels.php on line 42
[2026-06-16 12:39:55] [ERROR] [User: 2] [IP: ::1] [Company: 1] Fatal error: Uncaught Error: Failed opening required 'C:\xampp\htdocs\JDH_POS\public\products/../../src/Barcode/ProductImporter.php' (include_path='C:\xampp\php\PEAR') in C:\xampp\htdocs\JDH_POS\public\products\barcode_labels.php:50
Stack trace:
#0 {main}
  thrown in C:\xampp\htdocs\JDH_POS\public\products\barcode_labels.php on line 50
[2026-06-16 12:39:57] [ERROR] [User: 2] [IP: ::1] [Company: 1] Fatal error: Uncaught Error: Failed opening required 'C:\xampp\htdocs\JDH_POS\public\products/../../src/Barcode/ProductImporter.php' (include_path='C:\xampp\php\PEAR') in C:\xampp\htdocs\JDH_POS\public\products\barcode_labels.php:50
Stack trace:
#0 {main}
  thrown in C:\xampp\htdocs\JDH_POS\public\products\barcode_labels.php on line 50
[2026-06-16 13:20:41] [ERROR] [User: 2] [IP: ::1] [Company: 1] Fatal error: Uncaught Error: Call to undefined method JDH\POS\Barcode\LabelPrintService::printLabels() in C:\xampp\htdocs\JDH_POS\public\products\barcode_labels_generate.php:621
Stack trace:
#0 {main}
  thrown in C:\xampp\htdocs\JDH_POS\public\products\barcode_labels_generate.php on line 621
[2026-06-16 13:20:53] [ERROR] [User: 2] [IP: ::1] [Company: 1] Fatal error: Uncaught Error: Call to undefined method JDH\POS\Barcode\LabelPrintService::printLabels() in C:\xampp\htdocs\JDH_POS\public\products\barcode_labels_generate.php:621
Stack trace:
#0 {main}
  thrown in C:\xampp\htdocs\JDH_POS\public\products\barcode_labels_generate.php on line 621
[2026-06-16 13:22:00] [ERROR] [User: 2] [IP: ::1] [Company: 1] Fatal error: Uncaught Error: Call to undefined method JDH\POS\Barcode\LabelPrintService::printLabels() in C:\xampp\htdocs\JDH_POS\public\products\barcode_labels_generate.php:621
Stack trace:
#0 {main}
  thrown in C:\xampp\htdocs\JDH_POS\public\products\barcode_labels_generate.php on line 621
[2026-06-16 13:22:03] [ERROR] [User: 2] [IP: ::1] [Company: 1] Fatal error: Uncaught Error: Call to undefined method JDH\POS\Barcode\LabelPrintService::printLabels() in C:\xampp\htdocs\JDH_POS\public\products\barcode_labels_generate.php:621
Stack trace:
#0 {main}
  thrown in C:\xampp\htdocs\JDH_POS\public\products\barcode_labels_generate.php on line 621
[2026-06-16 13:23:56] [ERROR] [User: 2] [IP: ::1] [Company: 1] Fatal error: Uncaught Error: Call to undefined method JDH\POS\Barcode\LabelPrintService::printLabels() in C:\xampp\htdocs\JDH_POS\public\products\barcode_labels_generate.php:621
Stack trace:
#0 {main}
  thrown in C:\xampp\htdocs\JDH_POS\public\products\barcode_labels_generate.php on line 621
[2026-06-16 13:23:58] [ERROR] [User: 2] [IP: ::1] [Company: 1] Fatal error: Uncaught Error: Call to undefined method JDH\POS\Barcode\LabelPrintService::reprintLastLabels() in C:\xampp\htdocs\JDH_POS\public\products\barcode_labels_generate.php:582
Stack trace:
#0 {main}
  thrown in C:\xampp\htdocs\JDH_POS\public\products\barcode_labels_generate.php on line 582
[2026-06-16 13:26:02] [ERROR] [User: 2] [IP: ::1] [Company: 1] Fatal error: Uncaught Error: Call to undefined method JDH\POS\Barcode\LabelTemplate::get() in C:\xampp\htdocs\JDH_POS\public\products\barcode_labels_generate.php:262
Stack trace:
#0 C:\xampp\htdocs\JDH_POS\public\products\barcode_labels_generate.php(464): processPdfJob('1164ca1a9dae13e...', 'JAKPOS', 1, Object(PDO))
#1 {main}
  thrown in C:\xampp\htdocs\JDH_POS\public\products\barcode_labels_generate.php on line 262
[2026-06-16 13:35:47] [ERROR] [User: 2] [IP: ::1] [Company: 1] Fatal error: Uncaught Error: Call to undefined method JDH\POS\Barcode\LabelPrintService::printLabels() in C:\xampp\htdocs\JDH_POS\public\products\barcode_labels_generate.php:621
Stack trace:
#0 {main}
  thrown in C:\xampp\htdocs\JDH_POS\public\products\barcode_labels_generate.php on line 621
[2026-06-16 13:35:49] [ERROR] [User: 2] [IP: ::1] [Company: 1] Fatal error: Uncaught Error: Call to undefined method JDH\POS\Barcode\LabelPrintService::printLabels() in C:\xampp\htdocs\JDH_POS\public\products\barcode_labels_generate.php:621
Stack trace:
#0 {main}
  thrown in C:\xampp\htdocs\JDH_POS\public\products\barcode_labels_generate.php on line 621
[2026-06-16 13:36:02] [ERROR] [User: 2] [IP: ::1] [Company: 1] Fatal error: Uncaught Error: Call to undefined method JDH\POS\Barcode\LabelPrintService::printLabels() in C:\xampp\htdocs\JDH_POS\public\products\barcode_labels_generate.php:621
Stack trace:
#0 {main}
  thrown in C:\xampp\htdocs\JDH_POS\public\products\barcode_labels_generate.php on line 621
[2026-06-16 13:36:04] [ERROR] [User: 2] [IP: ::1] [Company: 1] Fatal error: Uncaught Error: Call to undefined method JDH\POS\Barcode\LabelPrintService::printLabels() in C:\xampp\htdocs\JDH_POS\public\products\barcode_labels_generate.php:621
Stack trace:
#0 {main}
  thrown in C:\xampp\htdocs\JDH_POS\public\products\barcode_labels_generate.php on line 621
[2026-06-16 13:38:29] [ERROR] [User: 2] [IP: ::1] [Company: 1] Fatal error: Uncaught Error: Call to undefined method JDH\POS\Barcode\LabelPrintService::printLabels() in C:\xampp\htdocs\JDH_POS\public\products\barcode_labels_generate.php:621
Stack trace:
#0 {main}
  thrown in C:\xampp\htdocs\JDH_POS\public\products\barcode_labels_generate.php on line 621
[2026-06-16 13:38:35] [ERROR] [User: 2] [IP: ::1] [Company: 1] Fatal error: Uncaught Error: Call to undefined method JDH\POS\Barcode\LabelPrintService::printLabels() in C:\xampp\htdocs\JDH_POS\public\products\barcode_labels_generate.php:621
Stack trace:
#0 {main}
  thrown in C:\xampp\htdocs\JDH_POS\public\products\barcode_labels_generate.php on line 621
[2026-06-16 13:52:07] [ERROR] [User: 2] [IP: ::1] [Company: 1] Fatal error: Uncaught Error: Call to undefined method JDH\POS\Barcode\LabelPrintService::reprintLastLabels() in C:\xampp\htdocs\JDH_POS\public\products\barcode_labels_generate.php:654
Stack trace:
#0 {main}
  thrown in C:\xampp\htdocs\JDH_POS\public\products\barcode_labels_generate.php on line 654
[2026-06-16 14:12:56] [ERROR] [User: 1] [IP: ::1] [Company: 1] Fatal error: Maximum execution time of 120 seconds exceeded in C:\xampp\htdocs\JDH_POS\src\auth.php on line 73
[2026-06-16 14:13:35] [ERROR] [User: 2] [IP: ::1] [Company: 1] Fatal error: Maximum execution time of 120 seconds exceeded in C:\xampp\htdocs\JDH_POS\src\auth.php on line 51
[2026-06-16 14:14:47] [ERROR] [User: 2] [IP: ::1] [Company: 1] Fatal error: Maximum execution time of 120 seconds exceeded in C:\xampp\htdocs\JDH_POS\src\auth.php on line 73
[2026-06-16 14:21:46] [ERROR] [User: 2] [IP: ::1] [Company: 1] Fatal error: Maximum execution time of 120 seconds exceeded in C:\xampp\htdocs\JDH_POS\src\auth.php on line 73
[2026-06-16 14:25:40] [ERROR] [User: 1] [IP: ::1] [Company: 1] Fatal error: Maximum execution time of 120 seconds exceeded in C:\xampp\htdocs\JDH_POS\src\auth.php on line 51
[2026-06-16 14:30:03] [ERROR] [User: 1] [IP: ::1] [Company: 1] Fatal error: Maximum execution time of 120 seconds exceeded in C:\xampp\htdocs\JDH_POS\src\auth.php on line 79
[2026-06-16 14:40:17] [ERROR] [User: 1] [IP: ::1] [Company: 1] Fatal error: Maximum execution time of 120 seconds exceeded in C:\xampp\htdocs\JDH_POS\src\auth.php on line 51
[2026-06-16 14:40:53] [ERROR] [User: 1] [IP: ::1] [Company: 1] Fatal error: Maximum execution time of 120 seconds exceeded in C:\xampp\htdocs\JDH_POS\src\auth.php on line 79
[2026-06-16 14:51:02] [ERROR] [User: 1] [IP: ::1] [Company: 1] Fatal error: Maximum execution time of 120 seconds exceeded in C:\xampp\htdocs\JDH_POS\src\auth.php on line 51
[2026-06-16 14:52:18] [ERROR] [User: 1] [IP: ::1] [Company: 1] Fatal error: Maximum execution time of 120 seconds exceeded in C:\xampp\htdocs\JDH_POS\src\auth.php on line 51
[2026-06-16 14:53:53] [ERROR] [User: 1] [IP: ::1] [Company: 1] Fatal error: Maximum execution time of 120 seconds exceeded in C:\xampp\htdocs\JDH_POS\src\auth.php on line 73
[2026-06-16 15:00:19] [ERROR] [User: 1] [IP: ::1] [Company: 1] Fatal error: Maximum execution time of 120 seconds exceeded in C:\xampp\htdocs\JDH_POS\src\auth.php on line 51
[2026-06-16 15:01:43] [ERROR] [User: 2] [IP: ::1] [Company: 1] Fatal error: Maximum execution time of 120 seconds exceeded in C:\xampp\htdocs\JDH_POS\src\auth.php on line 75
[2026-06-16 15:08:09] [ERROR] [User: 1] [IP: ::1] [Company: 1] Fatal error: Maximum execution time of 120 seconds exceeded in C:\xampp\htdocs\JDH_POS\src\auth.php on line 82
[2026-06-16 15:09:42] [ERROR] [User: 2] [IP: ::1] [Company: 1] Fatal error: Maximum execution time of 120 seconds exceeded in C:\xampp\htdocs\JDH_POS\src\auth.php on line 75
[2026-06-16 15:12:17] [ERROR] [User: 1] [IP: ::1] [Company: 1] Fatal error: Maximum execution time of 120 seconds exceeded in C:\xampp\htdocs\JDH_POS\src\auth.php on line 51
[2026-06-16 15:13:10] [ERROR] [User: 1] [IP: ::1] [Company: 1] Fatal error: Maximum execution time of 120 seconds exceeded in C:\xampp\htdocs\JDH_POS\src\auth.php on line 73
[2026-06-16 15:15:30] [ERROR] [User: 1] [IP: ::1] [Company: 1] Fatal error: Maximum execution time of 120 seconds exceeded in C:\xampp\htdocs\JDH_POS\src\auth.php on line 51
[2026-06-16 15:26:53] [ERROR] [User: 2] [IP: ::1] [Company: 1] Fatal error: Maximum execution time of 120 seconds exceeded in C:\xampp\htdocs\JDH_POS\src\auth.php on line 73
[2026-06-16 15:29:41] [ERROR] [User: 2] [IP: ::1] [Company: 1] Fatal error: Maximum execution time of 120 seconds exceeded in C:\xampp\htdocs\JDH_POS\src\auth.php on line 51
[2026-06-16 15:32:23] [ERROR] [User: 2] [IP: ::1] [Company: 1] Fatal error: Maximum execution time of 120 seconds exceeded in C:\xampp\htdocs\JDH_POS\src\auth.php on line 75
[2026-06-16 15:41:30] [ERROR] [User: 2] [IP: ::1] [Company: 1] Fatal error: Maximum execution time of 120 seconds exceeded in C:\xampp\htdocs\JDH_POS\src\auth.php on line 75
[2026-06-16 15:50:51] [ERROR] [User: 1] [IP: ::1] [Company: 1] Fatal error: Maximum execution time of 120 seconds exceeded in C:\xampp\htdocs\JDH_POS\src\auth.php on line 75
[2026-06-16 16:00:07] [ERROR] [User: 1] [IP: ::1] [Company: 1] Fatal error: Maximum execution time of 120 seconds exceeded in C:\xampp\htdocs\JDH_POS\src\auth.php on line 82
[2026-06-16 16:08:04] [ERROR] [User: 1] [IP: ::1] [Company: 1] Fatal error: Maximum execution time of 120 seconds exceeded in C:\xampp\htdocs\JDH_POS\src\auth.php on line 51
[2026-06-16 16:51:10] [ERROR] [User: 1] [IP: ::1] [Company: 1] Fatal error: Maximum execution time of 120 seconds exceeded in C:\xampp\htdocs\JDH_POS\src\auth.php on line 51
[2026-06-16 17:04:38] [ERROR] [User: 1] [IP: ::1] [Company: 1] Fatal error: Maximum execution time of 120 seconds exceeded in C:\xampp\htdocs\JDH_POS\src\auth.php on line 82
[2026-06-16 17:05:05] [ERROR] [User: 1] [IP: ::1] [Company: 1] Fatal error: Maximum execution time of 120 seconds exceeded in C:\xampp\htdocs\JDH_POS\src\auth.php on line 82
[2026-06-16 17:10:40] [ERROR] [User: 1] [IP: ::1] [Company: 1] Fatal error: Maximum execution time of 120 seconds exceeded in C:\xampp\htdocs\JDH_POS\src\auth.php on line 73
[2026-06-16 17:13:07] [ERROR] [User: 2] [IP: ::1] [Company: 1] Fatal error: Maximum execution time of 120 seconds exceeded in C:\xampp\htdocs\JDH_POS\src\auth.php on line 51
[2026-06-16 17:18:15] [ERROR] [User: 1] [IP: ::1] [Company: 1] Fatal error: Maximum execution time of 120 seconds exceeded in C:\xampp\htdocs\JDH_POS\src\auth.php on line 51
[2026-06-16 17:19:12] [ERROR] [User: 1] [IP: ::1] [Company: 1] Fatal error: Maximum execution time of 120 seconds exceeded in C:\xampp\htdocs\JDH_POS\src\auth.php on line 73
[2026-06-16 17:19:24] [ERROR] [User: 2] [IP: ::1] [Company: 1] Fatal error: Maximum execution time of 120 seconds exceeded in C:\xampp\htdocs\JDH_POS\src\auth.php on line 73
[2026-06-16 17:25:15] [ERROR] [User: 1] [IP: ::1] [Company: 1] Fatal error: Maximum execution time of 120 seconds exceeded in C:\xampp\htdocs\JDH_POS\src\auth.php on line 73
[2026-06-16 17:27:39] [ERROR] [User: 1] [IP: ::1] [Company: 1] Fatal error: Maximum execution time of 120 seconds exceeded in C:\xampp\htdocs\JDH_POS\src\auth.php on line 82
[2026-06-16 17:34:48] [ERROR] [User: 1] [IP: ::1] [Company: 1] Fatal error: Maximum execution time of 120 seconds exceeded in C:\xampp\htdocs\JDH_POS\src\auth.php on line 82
[2026-06-16 17:45:09] [ERROR] [User: 1] [IP: ::1] [Company: 1] Fatal error: Maximum execution time of 120 seconds exceeded in C:\xampp\htdocs\JDH_POS\src\auth.php on line 51
[2026-06-16 18:02:26] [ERROR] [User: 1] [IP: ::1] [Company: 1] Fatal error: Maximum execution time of 120 seconds exceeded in C:\xampp\htdocs\JDH_POS\src\auth.php on line 82
[2026-06-16 18:05:27] [ERROR] [User: 1] [IP: ::1] [Company: 1] Fatal error: Maximum execution time of 120 seconds exceeded in C:\xampp\htdocs\JDH_POS\src\auth.php on line 82
[2026-06-16 18:08:42] [ERROR] [User: 1] [IP: ::1] [Company: 1] Fatal error: Maximum execution time of 120 seconds exceeded in C:\xampp\htdocs\JDH_POS\src\auth.php on line 82
[2026-06-16 18:12:14] [ERROR] [User: 1] [IP: ::1] [Company: 1] Fatal error: Maximum execution time of 120 seconds exceeded in C:\xampp\htdocs\JDH_POS\src\auth.php on line 82
[2026-06-16 18:13:52] [ERROR] [User: 1] [IP: ::1] [Company: 1] Fatal error: Maximum execution time of 120 seconds exceeded in C:\xampp\htdocs\JDH_POS\src\auth.php on line 51
[2026-06-16 18:14:04] [ERROR] [User: 2] [IP: ::1] [Company: 1] Fatal error: Maximum execution time of 120 seconds exceeded in C:\xampp\htdocs\JDH_POS\src\auth.php on line 75
[2026-06-16 18:25:57] [ERROR] [User: 1] [IP: ::1] [Company: 1] Fatal error: Maximum execution time of 120 seconds exceeded in C:\xampp\htdocs\JDH_POS\src\auth.php on line 73
[2026-06-16 18:31:42] [ERROR] [User: 1] [IP: ::1] [Company: 1] Fatal error: Maximum execution time of 120 seconds exceeded in C:\xampp\htdocs\JDH_POS\src\auth.php on line 73
[2026-06-16 18:35:44] [ERROR] [User: 1] [IP: ::1] [Company: 1] Fatal error: Maximum execution time of 120 seconds exceeded in C:\xampp\htdocs\JDH_POS\src\auth.php on line 73
[2026-06-16 18:43:35] [ERROR] [User: 1] [IP: ::1] [Company: 1] Fatal error: Maximum execution time of 120 seconds exceeded in C:\xampp\htdocs\JDH_POS\src\auth.php on line 51
[2026-06-16 18:44:22] [ERROR] [User: 2] [IP: ::1] [Company: 1] Fatal error: Maximum execution time of 120 seconds exceeded in C:\xampp\htdocs\JDH_POS\src\auth.php on line 51
[2026-06-16 18:56:30] [ERROR] [User: 2] [IP: ::1] [Company: 1] Fatal error: Maximum execution time of 120 seconds exceeded in C:\xampp\htdocs\JDH_POS\src\auth.php on line 82
[2026-06-16 19:08:39] [ERROR] [User: 2] [IP: ::1] [Company: 1] Fatal error: Maximum execution time of 120 seconds exceeded in C:\xampp\htdocs\JDH_POS\src\auth.php on line 73
[2026-06-16 19:31:29] [ERROR] [User: 1] [IP: ::1] [Company: 1] Fatal error: Maximum execution time of 120 seconds exceeded in C:\xampp\htdocs\JDH_POS\src\auth.php on line 82
[2026-06-16 19:35:05] [ERROR] [User: 2] [IP: ::1] [Company: 1] Fatal error: Maximum execution time of 120 seconds exceeded in C:\xampp\htdocs\JDH_POS\src\auth.php on line 82
[2026-06-16 19:38:53] [ERROR] [User: 2] [IP: ::1] [Company: 1] Fatal error: Maximum execution time of 120 seconds exceeded in C:\xampp\htdocs\JDH_POS\src\auth.php on line 82
[2026-06-16 19:39:43] [ERROR] [User: 1] [IP: ::1] [Company: 1] Fatal error: Maximum execution time of 120 seconds exceeded in C:\xampp\htdocs\JDH_POS\src\auth.php on line 75
[2026-06-16 19:50:35] [ERROR] [User: 2] [IP: ::1] [Company: 1] Fatal error: Maximum execution time of 120 seconds exceeded in C:\xampp\htdocs\JDH_POS\src\auth.php on line 73
[2026-06-16 19:58:53] [ERROR] [User: 2] [IP: ::1] [Company: 1] Fatal error: Maximum execution time of 120 seconds exceeded in C:\xampp\htdocs\JDH_POS\src\auth.php on line 75
[2026-06-16 20:00:09] [ERROR] [User: 2] [IP: ::1] [Company: 1] Fatal error: Maximum execution time of 120 seconds exceeded in C:\xampp\htdocs\JDH_POS\src\auth.php on line 75
[2026-06-16 20:01:11] [ERROR] [User: 2] [IP: ::1] [Company: 1] Fatal error: Maximum execution time of 120 seconds exceeded in C:\xampp\htdocs\JDH_POS\src\auth.php on line 75
[2026-06-16 20:03:59] [ERROR] [User: 2] [IP: ::1] [Company: 1] Fatal error: Maximum execution time of 120 seconds exceeded in C:\xampp\htdocs\JDH_POS\src\auth.php on line 75
[2026-06-16 20:04:31] [ERROR] [User: 2] [IP: ::1] [Company: 1] Fatal error: Maximum execution time of 120 seconds exceeded in C:\xampp\htdocs\JDH_POS\src\auth.php on line 51
[2026-06-16 20:04:31] [ERROR] [User: 2] [IP: ::1] [Company: 1] Fatal error: Uncaught Error: Call to undefined function is_authenticated() in C:\xampp\htdocs\JDH_POS\public\ajax\get_products_lazy.php:12
Stack trace:
#0 {main}
  thrown in C:\xampp\htdocs\JDH_POS\public\ajax\get_products_lazy.php on line 12
[2026-06-16 20:07:36] [ERROR] [User: 2] [IP: ::1] [Company: 1] Fatal error: Maximum execution time of 120 seconds exceeded in C:\xampp\htdocs\JDH_POS\src\auth.php on line 51
[2026-06-16 20:07:36] [ERROR] [User: 2] [IP: ::1] [Company: 1] Fatal error: Uncaught Error: Call to undefined function is_authenticated() in C:\xampp\htdocs\JDH_POS\public\ajax\get_products_lazy.php:12
Stack trace:
#0 {main}
  thrown in C:\xampp\htdocs\JDH_POS\public\ajax\get_products_lazy.php on line 12
[2026-06-16 21:08:17] [ERROR] [User: 1] [IP: ::1] [Company: 1] Fatal error: Maximum execution time of 120 seconds exceeded in C:\xampp\htdocs\JDH_POS\src\auth.php on line 82
[2026-06-16 21:08:25] [ERROR] [User: 2] [IP: ::1] [Company: 1] Fatal error: Maximum execution time of 120 seconds exceeded in C:\xampp\htdocs\JDH_POS\src\auth.php on line 75
[2026-06-16 21:08:54] [ERROR] [User: 2] [IP: ::1] [Company: 1] Fatal error: Uncaught Error: Call to undefined function is_authenticated() in C:\xampp\htdocs\JDH_POS\public\ajax\get_products_lazy.php:12
Stack trace:
#0 {main}
  thrown in C:\xampp\htdocs\JDH_POS\public\ajax\get_products_lazy.php on line 12
[2026-06-16 21:09:54] [ERROR] [User: 2] [IP: ::1] [Company: 1] Fatal error: Maximum execution time of 120 seconds exceeded in C:\xampp\htdocs\JDH_POS\src\auth.php on line 82
[2026-06-16 21:19:13] [ERROR] [User: 2] [IP: ::1] [Company: 1] Fatal error: Maximum execution time of 120 seconds exceeded in C:\xampp\htdocs\JDH_POS\src\auth.php on line 73
[2026-06-16 21:19:14] [ERROR] [User: 2] [IP: ::1] [Company: 1] Fatal error: Uncaught Error: Call to undefined function is_authenticated() in C:\xampp\htdocs\JDH_POS\public\ajax\get_products_lazy.php:12
Stack trace:
#0 {main}
  thrown in C:\xampp\htdocs\JDH_POS\public\ajax\get_products_lazy.php on line 12
[2026-06-16 21:31:31] [ERROR] [User: 2] [IP: ::1] [Company: 1] Fatal error: Maximum execution time of 120 seconds exceeded in C:\xampp\htdocs\JDH_POS\src\auth.php on line 73
[2026-06-16 21:32:48] [ERROR] [User: 2] [IP: ::1] [Company: 1] Fatal error: Maximum execution time of 120 seconds exceeded in C:\xampp\htdocs\JDH_POS\src\auth.php on line 82
[2026-06-16 21:34:40] [ERROR] [User: 2] [IP: ::1] [Company: 1] Fatal error: Maximum execution time of 120 seconds exceeded in C:\xampp\htdocs\JDH_POS\src\auth.php on line 82
[2026-06-16 21:36:14] [ERROR] [User: 2] [IP: ::1] [Company: 1] Fatal error: Maximum execution time of 120 seconds exceeded in C:\xampp\htdocs\JDH_POS\src\auth.php on line 82
[2026-06-16 21:37:40] [ERROR] [User: 2] [IP: ::1] [Company: 1] Fatal error: Maximum execution time of 120 seconds exceeded in C:\xampp\htdocs\JDH_POS\src\auth.php on line 82
[2026-06-16 21:37:41] [ERROR] [User: 2] [IP: ::1] [Company: 1] Fatal error: Uncaught Error: Call to undefined function is_authenticated() in C:\xampp\htdocs\JDH_POS\public\ajax\get_products_lazy.php:12
Stack trace:
#0 {main}
  thrown in C:\xampp\htdocs\JDH_POS\public\ajax\get_products_lazy.php on line 12
[2026-06-16 21:37:53] [ERROR] [User: 1] [IP: ::1] [Company: 1] Fatal error: Maximum execution time of 120 seconds exceeded in C:\xampp\htdocs\JDH_POS\src\auth.php on line 75
[2026-06-16 21:38:28] [ERROR] [User: 1] [IP: ::1] [Company: 1] Fatal error: Maximum execution time of 120 seconds exceeded in C:\xampp\htdocs\JDH_POS\src\auth.php on line 73
[2026-06-16 21:38:28] [ERROR] [User: 1] [IP: ::1] [Company: 1] Fatal error: Uncaught Error: Call to undefined function is_authenticated() in C:\xampp\htdocs\JDH_POS\public\ajax\get_products_lazy.php:12
Stack trace:
#0 {main}
  thrown in C:\xampp\htdocs\JDH_POS\public\ajax\get_products_lazy.php on line 12
[2026-06-16 21:48:35] [ERROR] [User: 1] [IP: ::1] [Company: 1] Fatal error: Maximum execution time of 120 seconds exceeded in C:\xampp\htdocs\JDH_POS\src\auth.php on line 51
[2026-06-16 21:48:36] [ERROR] [User: 1] [IP: ::1] [Company: 1] Fatal error: Uncaught Error: Call to undefined function is_authenticated() in C:\xampp\htdocs\JDH_POS\public\ajax\get_products_lazy.php:12
Stack trace:
#0 {main}
  thrown in C:\xampp\htdocs\JDH_POS\public\ajax\get_products_lazy.php on line 12
[2026-06-16 21:48:58] [ERROR] [User: 2] [IP: ::1] [Company: 1] Fatal error: Maximum execution time of 120 seconds exceeded in C:\xampp\htdocs\JDH_POS\src\auth.php on line 82
[2026-06-16 21:50:39] [ERROR] [User: 2] [IP: ::1] [Company: 1] Fatal error: Maximum execution time of 120 seconds exceeded in C:\xampp\htdocs\JDH_POS\src\auth.php on line 73
[2026-06-16 21:51:16] [ERROR] [User: 2] [IP: ::1] [Company: 1] Fatal error: Maximum execution time of 120 seconds exceeded in C:\xampp\htdocs\JDH_POS\src\auth.php on line 82
[2026-06-16 21:51:17] [ERROR] [User: 2] [IP: ::1] [Company: 1] Fatal error: Uncaught Error: Call to undefined function is_authenticated() in C:\xampp\htdocs\JDH_POS\public\ajax\get_products_lazy.php:12
Stack trace:
#0 {main}
  thrown in C:\xampp\htdocs\JDH_POS\public\ajax\get_products_lazy.php on line 12
[2026-06-16 21:55:38] [ERROR] [User: 1] [IP: ::1] [Company: 1] Fatal error: Maximum execution time of 120 seconds exceeded in C:\xampp\htdocs\JDH_POS\src\auth.php on line 73
[2026-06-16 21:56:39] [ERROR] [User: 1] [IP: ::1] [Company: 1] Fatal error: Maximum execution time of 120 seconds exceeded in C:\xampp\htdocs\JDH_POS\src\auth.php on line 51
[2026-06-16 21:58:24] [ERROR] [User: 2] [IP: ::1] [Company: 1] Fatal error: Maximum execution time of 120 seconds exceeded in C:\xampp\htdocs\JDH_POS\src\auth.php on line 82
[2026-06-16 22:02:04] [ERROR] [User: 2] [IP: ::1] [Company: 1] Fatal error: Maximum execution time of 120 seconds exceeded in C:\xampp\htdocs\JDH_POS\src\auth.php on line 73
[2026-06-16 22:04:45] [ERROR] [User: 1] [IP: ::1] [Company: 1] Fatal error: Maximum execution time of 120 seconds exceeded in C:\xampp\htdocs\JDH_POS\src\auth.php on line 51
[2026-06-16 22:05:31] [ERROR] [User: 1] [IP: ::1] [Company: 1] Fatal error: Maximum execution time of 120 seconds exceeded in C:\xampp\htdocs\JDH_POS\src\auth.php on line 51
[2026-06-16 22:07:05] [ERROR] [User: 1] [IP: ::1] [Company: 1] Fatal error: Maximum execution time of 120 seconds exceeded in C:\xampp\htdocs\JDH_POS\src\auth.php on line 73
[2026-06-16 22:09:06] [ERROR] [User: 1] [IP: ::1] [Company: 1] Fatal error: Maximum execution time of 120 seconds exceeded in C:\xampp\htdocs\JDH_POS\src\auth.php on line 82
[2026-06-16 22:12:50] [ERROR] [User: 1] [IP: ::1] [Company: 1] Fatal error: Maximum execution time of 120 seconds exceeded in C:\xampp\htdocs\JDH_POS\src\auth.php on line 51
[2026-06-16 22:21:35] [ERROR] [User: 1] [IP: ::1] [Company: 1] Fatal error: Maximum execution time of 120 seconds exceeded in C:\xampp\htdocs\JDH_POS\src\auth.php on line 75
[2026-06-16 22:24:24] [ERROR] [User: 1] [IP: ::1] [Company: 1] Fatal error: Maximum execution time of 120 seconds exceeded in C:\xampp\htdocs\JDH_POS\src\auth.php on line 51
[2026-06-16 22:35:54] [ERROR] [User: 1] [IP: ::1] [Company: 1] Fatal error: Maximum execution time of 120 seconds exceeded in C:\xampp\htdocs\JDH_POS\src\auth.php on line 75
[2026-06-16 22:38:37] [ERROR] [User: 1] [IP: ::1] [Company: 1] Fatal error: Maximum execution time of 120 seconds exceeded in C:\xampp\htdocs\JDH_POS\src\auth.php on line 73
[2026-06-16 22:43:50] [ERROR] [User: 2] [IP: ::1] [Company: 1] Fatal error: Maximum execution time of 120 seconds exceeded in C:\xampp\htdocs\JDH_POS\src\auth.php on line 51
[2026-06-16 22:44:39] [ERROR] [User: 2] [IP: ::1] [Company: 1] Fatal error: Maximum execution time of 120 seconds exceeded in C:\xampp\htdocs\JDH_POS\src\auth.php on line 73
[2026-06-16 22:46:20] [ERROR] [User: 1] [IP: ::1] [Company: 1] Fatal error: Maximum execution time of 120 seconds exceeded in C:\xampp\htdocs\JDH_POS\src\auth.php on line 82
[2026-06-16 22:50:23] [ERROR] [User: 1] [IP: ::1] [Company: 1] Fatal error: Maximum execution time of 120 seconds exceeded in C:\xampp\htdocs\JDH_POS\src\auth.php on line 51
[2026-06-16 22:51:20] [ERROR] [User: 2] [IP: ::1] [Company: 1] Fatal error: Maximum execution time of 120 seconds exceeded in C:\xampp\htdocs\JDH_POS\src\auth.php on line 75
[2026-06-16 23:08:59] [ERROR] [User: 1] [IP: ::1] [Company: 1] Fatal error: Maximum execution time of 120 seconds exceeded in C:\xampp\htdocs\JDH_POS\src\auth.php on line 73
[2026-06-16 23:11:26] [ERROR] [User: 2] [IP: ::1] [Company: 1] Fatal error: Maximum execution time of 120 seconds exceeded in C:\xampp\htdocs\JDH_POS\src\auth.php on line 82
[2026-06-16 23:17:09] [ERROR] [User: 2] [IP: ::1] [Company: 1] Fatal error: Maximum execution time of 120 seconds exceeded in C:\xampp\htdocs\JDH_POS\src\auth.php on line 51
[2026-06-16 23:17:49] [ERROR] [User: 1] [IP: ::1] [Company: 1] Fatal error: Maximum execution time of 120 seconds exceeded in C:\xampp\htdocs\JDH_POS\src\auth.php on line 75
[2026-06-16 23:27:31] [ERROR] [User: 2] [IP: ::1] [Company: 1] Fatal error: Maximum execution time of 120 seconds exceeded in C:\xampp\htdocs\JDH_POS\src\auth.php on line 75
[2026-06-16 23:38:53] [ERROR] [User: 1] [IP: ::1] [Company: 1] Fatal error: Uncaught TypeError: ucwords(): Argument #1 ($string) must be of type string, array given in C:\xampp\htdocs\JDH_POS\public\pos\pos.php:198
Stack trace:
#0 C:\xampp\htdocs\JDH_POS\public\pos\pos.php(198): ucwords(Array)
#1 {main}
  thrown in C:\xampp\htdocs\JDH_POS\public\pos\pos.php on line 198
[2026-06-16 23:39:00] [ERROR] [User: 1] [IP: ::1] [Company: 1] Fatal error: Uncaught TypeError: ucwords(): Argument #1 ($string) must be of type string, array given in C:\xampp\htdocs\JDH_POS\public\pos\pos.php:198
Stack trace:
#0 C:\xampp\htdocs\JDH_POS\public\pos\pos.php(198): ucwords(Array)
#1 {main}
  thrown in C:\xampp\htdocs\JDH_POS\public\pos\pos.php on line 198
[2026-06-16 23:42:06] [ERROR] [User: 1] [IP: ::1] [Company: 1] Fatal error: Maximum execution time of 120 seconds exceeded in C:\xampp\htdocs\JDH_POS\src\auth.php on line 73
