[2026-06-18 07:47:10] [ERROR] [User: 1] [IP: ::1] [Company: 1] Fatal error: Uncaught Error: Call to undefined function get_db_connection() in C:\xampp\htdocs\JDH_POS\public\api\notifications\count.php:22
Stack trace:
#0 {main}
  thrown in C:\xampp\htdocs\JDH_POS\public\api\notifications\count.php on line 22
[2026-06-18 08:11:24] [ERROR] [User: 2] [IP: ::1] [Company: 1] Fatal error: Uncaught Error: Failed opening required 'C:\xampp\htdocs\JDH_POS\public\pos/../../layouts/app.php' (include_path='C:\xampp\php\PEAR') in C:\xampp\htdocs\JDH_POS\public\pos\discounts.php:753
Stack trace:
#0 {main}
  thrown in C:\xampp\htdocs\JDH_POS\public\pos\discounts.php on line 753
[2026-06-18 08:23:05] [ERROR] [User: 2] [IP: ::1] [Company: 1] Fatal error: Uncaught Error: Failed opening required 'C:\xampp\htdocs\JDH_POS\public\pos/../../layouts/app.php' (include_path='C:\xampp\php\PEAR') in C:\xampp\htdocs\JDH_POS\public\pos\discounts.php:753
Stack trace:
#0 {main}
  thrown in C:\xampp\htdocs\JDH_POS\public\pos\discounts.php on line 753
[2026-06-18 08:23:07] [ERROR] [User: 2] [IP: ::1] [Company: 1] Fatal error: Uncaught Error: Failed opening required 'C:\xampp\htdocs\JDH_POS\public\pos/../../layouts/app.php' (include_path='C:\xampp\php\PEAR') in C:\xampp\htdocs\JDH_POS\public\pos\discounts.php:753
Stack trace:
#0 {main}
  thrown in C:\xampp\htdocs\JDH_POS\public\pos\discounts.php on line 753
[2026-06-18 08:23:17] [ERROR] [User: 2] [IP: ::1] [Company: 1] Fatal error: Uncaught Error: Failed opening required 'C:\xampp\htdocs\JDH_POS\public\pos/../../layouts/app.php' (include_path='C:\xampp\php\PEAR') in C:\xampp\htdocs\JDH_POS\public\pos\discounts.php:753
Stack trace:
#0 {main}
  thrown in C:\xampp\htdocs\JDH_POS\public\pos\discounts.php on line 753
[2026-06-18 08:31:01] [ERROR] [User: 2] [IP: ::1] [Company: 1] Fatal error: Uncaught Error: Failed opening required 'C:\xampp\htdocs\JDH_POS\public\pos/../../layouts/app.php' (include_path='C:\xampp\php\PEAR') in C:\xampp\htdocs\JDH_POS\public\pos\discounts.php:678
Stack trace:
#0 {main}
  thrown in C:\xampp\htdocs\JDH_POS\public\pos\discounts.php on line 678
[2026-06-18 08:31:04] [ERROR] [User: 2] [IP: ::1] [Company: 1] Fatal error: Uncaught Error: Failed opening required 'C:\xampp\htdocs\JDH_POS\public\pos/../../layouts/app.php' (include_path='C:\xampp\php\PEAR') in C:\xampp\htdocs\JDH_POS\public\pos\discounts.php:678
Stack trace:
#0 {main}
  thrown in C:\xampp\htdocs\JDH_POS\public\pos\discounts.php on line 678
[2026-06-18 08:31:25] [ERROR] [User: 2] [IP: ::1] [Company: 1] Fatal error: Uncaught Error: Failed opening required 'C:\xampp\htdocs\JDH_POS\public\pos/../../layouts/app.php' (include_path='C:\xampp\php\PEAR') in C:\xampp\htdocs\JDH_POS\public\pos\discounts.php:753
Stack trace:
#0 {main}
  thrown in C:\xampp\htdocs\JDH_POS\public\pos\discounts.php on line 753
[2026-06-18 08:47:31] [ERROR] [User: 2] [IP: ::1] [Company: 1] Fatal error: Uncaught Error: Failed opening required 'C:\xampp\htdocs\JDH_POS\public\pos/../../layouts/app.php' (include_path='C:\xampp\php\PEAR') in C:\xampp\htdocs\JDH_POS\public\pos\discounts.php:753
Stack trace:
#0 {main}
  thrown in C:\xampp\htdocs\JDH_POS\public\pos\discounts.php on line 753
[2026-06-18 08:47:33] [ERROR] [User: 2] [IP: ::1] [Company: 1] Fatal error: Uncaught Error: Failed opening required 'C:\xampp\htdocs\JDH_POS\public\pos/../../layouts/app.php' (include_path='C:\xampp\php\PEAR') in C:\xampp\htdocs\JDH_POS\public\pos\discounts.php:753
Stack trace:
#0 {main}
  thrown in C:\xampp\htdocs\JDH_POS\public\pos\discounts.php on line 753
[2026-06-18 10:51:50] [ERROR] [User: 2] [IP: ::1] [Company: 1] Fatal error: Uncaught Error: Failed opening required 'C:\xampp\htdocs\JDH_POS\public\pos/../../layouts/app.php' (include_path='C:\xampp\php\PEAR') in C:\xampp\htdocs\JDH_POS\public\pos\discounts.php:753
Stack trace:
#0 {main}
  thrown in C:\xampp\htdocs\JDH_POS\public\pos\discounts.php on line 753
[2026-06-18 13:48:44] [ERROR] [User: 2] [IP: ::1] [Company: 1] Fatal error: Uncaught Error: Failed opening required 'C:\xampp\htdocs\JDH_POS\public\pos/../../layouts/app.php' (include_path='C:\xampp\php\PEAR') in C:\xampp\htdocs\JDH_POS\public\pos\discounts.php:753
Stack trace:
#0 {main}
  thrown in C:\xampp\htdocs\JDH_POS\public\pos\discounts.php on line 753
[2026-06-18 14:51:00] [ERROR] [User: 2] [IP: ::1] [Company: 1] Fatal error: Uncaught Error: Failed opening required 'C:\xampp\htdocs\JDH_POS\public\pos/../../layouts/app.php' (include_path='C:\xampp\php\PEAR') in C:\xampp\htdocs\JDH_POS\public\pos\discounts.php:753
Stack trace:
#0 {main}
  thrown in C:\xampp\htdocs\JDH_POS\public\pos\discounts.php on line 753
[2026-06-18 14:51:16] [ERROR] [User: 2] [IP: ::1] [Company: 1] Fatal error: Uncaught Error: Failed opening required 'C:\xampp\htdocs\JDH_POS\public\pos/../../layouts/app.php' (include_path='C:\xampp\php\PEAR') in C:\xampp\htdocs\JDH_POS\public\pos\discounts.php:753
Stack trace:
#0 {main}
  thrown in C:\xampp\htdocs\JDH_POS\public\pos\discounts.php on line 753
[2026-06-18 14:51:28] [ERROR] [User: 2] [IP: ::1] [Company: 1] Fatal error: Uncaught Error: Failed opening required 'C:\xampp\htdocs\JDH_POS\public\pos/../../layouts/app.php' (include_path='C:\xampp\php\PEAR') in C:\xampp\htdocs\JDH_POS\public\pos\discounts.php:753
Stack trace:
#0 {main}
  thrown in C:\xampp\htdocs\JDH_POS\public\pos\discounts.php on line 753
[2026-06-18 15:26:58] [ERROR] [User: 2] [IP: ::1] [Company: 1] Fatal error: Uncaught Error: Call to undefined function resolve_branch_id() in C:\xampp\htdocs\JDH_POS\public\ajax\search_returns.php:23
Stack trace:
#0 {main}
  thrown in C:\xampp\htdocs\JDH_POS\public\ajax\search_returns.php on line 23
[2026-06-18 15:28:50] [ERROR] [User: 2] [IP: ::1] [Company: 1] Fatal error: Uncaught Error: Call to undefined function resolve_branch_id() in C:\xampp\htdocs\JDH_POS\public\ajax\search_returns.php:23
Stack trace:
#0 {main}
  thrown in C:\xampp\htdocs\JDH_POS\public\ajax\search_returns.php on line 23
[2026-06-18 15:29:33] [ERROR] [User: 2] [IP: ::1] [Company: 1] Fatal error: Uncaught Error: Call to undefined function resolve_branch_id() in C:\xampp\htdocs\JDH_POS\public\ajax\search_returns.php:23
Stack trace:
#0 {main}
  thrown in C:\xampp\htdocs\JDH_POS\public\ajax\search_returns.php on line 23
[2026-06-18 15:29:35] [ERROR] [User: 2] [IP: ::1] [Company: 1] Fatal error: Uncaught Error: Call to undefined function resolve_branch_id() in C:\xampp\htdocs\JDH_POS\public\ajax\search_returns.php:23
Stack trace:
#0 {main}
  thrown in C:\xampp\htdocs\JDH_POS\public\ajax\search_returns.php on line 23
[2026-06-18 16:31:50] [ERROR] [User: 2] [IP: ::1] [Company: 1] Fatal error: Uncaught Error: Failed opening required 'C:\xampp\htdocs\JDH_POS\public\pos\returns/../layouts/app.php' (include_path='C:\xampp\php\PEAR') in C:\xampp\htdocs\JDH_POS\public\pos\returns\return_sale.php:938
Stack trace:
#0 {main}
  thrown in C:\xampp\htdocs\JDH_POS\public\pos\returns\return_sale.php on line 938
[2026-06-18 16:31:58] [ERROR] [User: 2] [IP: ::1] [Company: 1] Fatal error: Uncaught Error: Failed opening required 'C:\xampp\htdocs\JDH_POS\public\pos\returns/../layouts/app.php' (include_path='C:\xampp\php\PEAR') in C:\xampp\htdocs\JDH_POS\public\pos\returns\return_sale.php:938
Stack trace:
#0 {main}
  thrown in C:\xampp\htdocs\JDH_POS\public\pos\returns\return_sale.php on line 938
[2026-06-18 16:32:24] [ERROR] [User: 2] [IP: ::1] [Company: 1] Fatal error: Uncaught Error: Failed opening required 'C:\xampp\htdocs\JDH_POS\public\pos\returns/../layouts/app.php' (include_path='C:\xampp\php\PEAR') in C:\xampp\htdocs\JDH_POS\public\pos\returns\select_sale_for_return.php:1022
Stack trace:
#0 {main}
  thrown in C:\xampp\htdocs\JDH_POS\public\pos\returns\select_sale_for_return.php on line 1022
[2026-06-18 16:39:07] [ERROR] [User: 2] [IP: ::1] [Company: 1] Fatal error: Uncaught Error: Failed opening required 'C:\xampp\htdocs\JDH_POS\public\pos\returns/../layouts/app.php' (include_path='C:\xampp\php\PEAR') in C:\xampp\htdocs\JDH_POS\public\pos\returns\select_sale_for_return.php:1022
Stack trace:
#0 {main}
  thrown in C:\xampp\htdocs\JDH_POS\public\pos\returns\select_sale_for_return.php on line 1022
[2026-06-18 16:40:24] [ERROR] [User: 2] [IP: ::1] [Company: 1] Fatal error: Uncaught Error: Failed opening required 'C:\xampp\htdocs\JDH_POS\public\pos\returns/../layouts/app.php' (include_path='C:\xampp\php\PEAR') in C:\xampp\htdocs\JDH_POS\public\pos\returns\return_sale.php:938
Stack trace:
#0 {main}
  thrown in C:\xampp\htdocs\JDH_POS\public\pos\returns\return_sale.php on line 938
[2026-06-18 17:28:05] [ERROR] [User: 2] [IP: ::1] [Company: 1] Fatal error: Uncaught Error: Failed opening required 'C:\xampp\htdocs\JDH_POS\public\pos\returns/../layouts/app.php' (include_path='C:\xampp\php\PEAR') in C:\xampp\htdocs\JDH_POS\public\pos\returns\select_sale_for_return.php:1022
Stack trace:
#0 {main}
  thrown in C:\xampp\htdocs\JDH_POS\public\pos\returns\select_sale_for_return.php on line 1022
[2026-06-18 18:14:16] [ERROR] [User: 2] [IP: ::1] [Company: 1] Fatal error: Uncaught TypeError: number_format(): Argument #1 ($num) must be of type float, string given in C:\xampp\htdocs\JDH_POS\public\pos\sales.php:265
Stack trace:
#0 C:\xampp\htdocs\JDH_POS\public\pos\sales.php(265): number_format('812.00', 2)
#1 C:\xampp\htdocs\JDH_POS\public\pos\sales.php(521): formatCurrency('812.00')
#2 {main}
  thrown in C:\xampp\htdocs\JDH_POS\public\pos\sales.php on line 265
[2026-06-18 18:24:08] [ERROR] [User: 2] [IP: ::1] [Company: 1] Fatal error: Uncaught TypeError: number_format(): Argument #1 ($num) must be of type float, string given in C:\xampp\htdocs\JDH_POS\public\pos\sales.php:255
Stack trace:
#0 C:\xampp\htdocs\JDH_POS\public\pos\sales.php(255): number_format('812.00', 2)
#1 C:\xampp\htdocs\JDH_POS\public\pos\sales.php(537): formatCurrency('812.00')
#2 {main}
  thrown in C:\xampp\htdocs\JDH_POS\public\pos\sales.php on line 255
[2026-06-18 18:24:12] [ERROR] [User: 2] [IP: ::1] [Company: 1] Fatal error: Uncaught TypeError: number_format(): Argument #1 ($num) must be of type float, string given in C:\xampp\htdocs\JDH_POS\public\pos\sales.php:255
Stack trace:
#0 C:\xampp\htdocs\JDH_POS\public\pos\sales.php(255): number_format('812.00', 2)
#1 C:\xampp\htdocs\JDH_POS\public\pos\sales.php(537): formatCurrency('812.00')
#2 {main}
  thrown in C:\xampp\htdocs\JDH_POS\public\pos\sales.php on line 255
[2026-06-18 18:29:17] [ERROR] [User: 2] [IP: ::1] [Company: 1] Fatal error: Uncaught Error: Call to undefined function get_business_type_config() in C:\xampp\htdocs\JDH_POS\public\pos\sales.php:54
Stack trace:
#0 {main}
  thrown in C:\xampp\htdocs\JDH_POS\public\pos\sales.php on line 54
[2026-06-18 18:29:48] [ERROR] [User: 2] [IP: ::1] [Company: 1] Fatal error: Uncaught Error: Call to undefined function get_business_type_config() in C:\xampp\htdocs\JDH_POS\public\pos\sales.php:54
Stack trace:
#0 {main}
  thrown in C:\xampp\htdocs\JDH_POS\public\pos\sales.php on line 54
[2026-06-18 18:29:52] [ERROR] [User: 2] [IP: ::1] [Company: 1] Fatal error: Uncaught Error: Call to undefined function get_business_type_config() in C:\xampp\htdocs\JDH_POS\public\pos\sales.php:54
Stack trace:
#0 {main}
  thrown in C:\xampp\htdocs\JDH_POS\public\pos\sales.php on line 54
[2026-06-18 19:22:51] [ERROR] [User: 2] [IP: ::1] [Company: 1] Fatal error: Uncaught Error: Failed opening required 'C:\xampp\htdocs\JDH_POS\public\pos\returns/../layouts/app.php' (include_path='C:\xampp\php\PEAR') in C:\xampp\htdocs\JDH_POS\public\pos\returns\return_sale.php:938
Stack trace:
#0 {main}
  thrown in C:\xampp\htdocs\JDH_POS\public\pos\returns\return_sale.php on line 938
[2026-06-18 20:23:49] [ERROR] [User: 2] [IP: ::1] [Company: 1] Fatal error: Uncaught Error: Failed opening required 'C:\xampp\htdocs\JDH_POS\public\pos\returns/../layouts/app.php' (include_path='C:\xampp\php\PEAR') in C:\xampp\htdocs\JDH_POS\public\pos\returns\select_sale_for_return.php:1022
Stack trace:
#0 {main}
  thrown in C:\xampp\htdocs\JDH_POS\public\pos\returns\select_sale_for_return.php on line 1022
