[2026-06-02 11:18:29] [ERROR] [User: 1] [IP: 0.0.0.0] [Company: 1] Fatal error: Uncaught Error: Call to undefined function getallheaders() in C:\xampp\htdocs\JDH_POS\src\TenantGuard.php:278
Stack trace:
#0 C:\xampp\htdocs\JDH_POS\src\auth.php(564): Request->__construct()
#1 C:\xampp\htdocs\JDH_POS\public\pos\select_sale_for_return.php(23): require_login()
#2 Standard input code(21): include('C:\\xampp\\htdocs...')
#3 {main}
  thrown in C:\xampp\htdocs\JDH_POS\src\TenantGuard.php on line 278
[2026-06-02 11:19:10] [ERROR] [User: 1] [IP: 0.0.0.0] [Company: 1] Fatal error: Uncaught Error: Call to undefined function getallheaders() in C:\xampp\htdocs\JDH_POS\src\TenantGuard.php:278
Stack trace:
#0 C:\xampp\htdocs\JDH_POS\src\auth.php(564): Request->__construct()
#1 C:\xampp\htdocs\JDH_POS\public\pos\select_sale_for_return.php(23): require_login()
#2 Standard input code(21): include('C:\\xampp\\htdocs...')
#3 {main}
  thrown in C:\xampp\htdocs\JDH_POS\src\TenantGuard.php on line 278
[2026-06-02 18:45:49] [ERROR] [User: 2] [IP: ::1] [Company: 1] Fatal error: Uncaught Error: Failed opening required 'C:\xampp\htdocs\JDH_POS\public\users\roles/../../src/db.php' (include_path='C:\xampp\php\PEAR') in C:\xampp\htdocs\JDH_POS\public\users\roles\roles.php:22
Stack trace:
#0 {main}
  thrown in C:\xampp\htdocs\JDH_POS\public\users\roles\roles.php on line 22
[2026-06-02 20:30:01] [ERROR] [User: 2] [IP: ::1] [Company: 1] Fatal error: Uncaught Error: Call to undefined function get_db_connection() in C:\xampp\htdocs\JDH_POS\public\dashboard\home.php:22
Stack trace:
#0 {main}
  thrown in C:\xampp\htdocs\JDH_POS\public\dashboard\home.php on line 22
[2026-06-02 20:32:08] [ERROR] [User: 2] [IP: ::1] [Company: 1] Fatal error: Uncaught Error: Call to undefined function get_db_connection() in C:\xampp\htdocs\JDH_POS\public\dashboard\home.php:22
Stack trace:
#0 {main}
  thrown in C:\xampp\htdocs\JDH_POS\public\dashboard\home.php on line 22
[2026-06-02 20:32:08] [ERROR] [User: 2] [IP: ::1] [Company: 1] Fatal error: Uncaught Error: Call to undefined function get_db_connection() in C:\xampp\htdocs\JDH_POS\public\dashboard\home.php:22
Stack trace:
#0 {main}
  thrown in C:\xampp\htdocs\JDH_POS\public\dashboard\home.php on line 22
[2026-06-02 20:32:09] [ERROR] [User: 2] [IP: ::1] [Company: 1] Fatal error: Uncaught Error: Call to undefined function get_db_connection() in C:\xampp\htdocs\JDH_POS\public\dashboard\home.php:22
Stack trace:
#0 {main}
  thrown in C:\xampp\htdocs\JDH_POS\public\dashboard\home.php on line 22
[2026-06-02 20:32:09] [ERROR] [User: 2] [IP: ::1] [Company: 1] Fatal error: Uncaught Error: Call to undefined function get_db_connection() in C:\xampp\htdocs\JDH_POS\public\dashboard\home.php:22
Stack trace:
#0 {main}
  thrown in C:\xampp\htdocs\JDH_POS\public\dashboard\home.php on line 22
[2026-06-02 20:32:10] [ERROR] [User: 2] [IP: ::1] [Company: 1] Fatal error: Uncaught Error: Call to undefined function get_db_connection() in C:\xampp\htdocs\JDH_POS\public\dashboard\home.php:22
Stack trace:
#0 {main}
  thrown in C:\xampp\htdocs\JDH_POS\public\dashboard\home.php on line 22
[2026-06-02 20:33:03] [ERROR] [User: 2] [IP: ::1] [Company: 1] Fatal error: Uncaught Error: Call to undefined function get_db_connection() in C:\xampp\htdocs\JDH_POS\public\dashboard\home.php:22
Stack trace:
#0 {main}
  thrown in C:\xampp\htdocs\JDH_POS\public\dashboard\home.php on line 22
[2026-06-02 20:33:04] [ERROR] [User: 2] [IP: ::1] [Company: 1] Fatal error: Uncaught Error: Call to undefined function get_db_connection() in C:\xampp\htdocs\JDH_POS\public\dashboard\home.php:22
Stack trace:
#0 {main}
  thrown in C:\xampp\htdocs\JDH_POS\public\dashboard\home.php on line 22
[2026-06-02 20:33:04] [ERROR] [User: 2] [IP: ::1] [Company: 1] Fatal error: Uncaught Error: Call to undefined function get_db_connection() in C:\xampp\htdocs\JDH_POS\public\dashboard\home.php:22
Stack trace:
#0 {main}
  thrown in C:\xampp\htdocs\JDH_POS\public\dashboard\home.php on line 22
[2026-06-02 20:33:04] [ERROR] [User: 2] [IP: ::1] [Company: 1] Fatal error: Uncaught Error: Call to undefined function get_db_connection() in C:\xampp\htdocs\JDH_POS\public\dashboard\home.php:22
Stack trace:
#0 {main}
  thrown in C:\xampp\htdocs\JDH_POS\public\dashboard\home.php on line 22
[2026-06-02 20:33:05] [ERROR] [User: 2] [IP: ::1] [Company: 1] Fatal error: Uncaught Error: Call to undefined function get_db_connection() in C:\xampp\htdocs\JDH_POS\public\dashboard\home.php:22
Stack trace:
#0 {main}
  thrown in C:\xampp\htdocs\JDH_POS\public\dashboard\home.php on line 22
[2026-06-02 20:33:07] [ERROR] [User: 2] [IP: ::1] [Company: 1] Fatal error: Uncaught Error: Call to undefined function get_db_connection() in C:\xampp\htdocs\JDH_POS\public\dashboard\home.php:22
Stack trace:
#0 {main}
  thrown in C:\xampp\htdocs\JDH_POS\public\dashboard\home.php on line 22
[2026-06-02 20:33:08] [ERROR] [User: 2] [IP: ::1] [Company: 1] Fatal error: Uncaught Error: Call to undefined function get_db_connection() in C:\xampp\htdocs\JDH_POS\public\dashboard\home.php:22
Stack trace:
#0 {main}
  thrown in C:\xampp\htdocs\JDH_POS\public\dashboard\home.php on line 22
[2026-06-02 20:52:22] [ERROR] [User: 2] [IP: ::1] [Company: 1] Fatal error: Uncaught Error: Failed opening required 'C:\xampp\htdocs\JDH_POS\public\users\roles/../layouts/app.php' (include_path='C:\xampp\php\PEAR') in C:\xampp\htdocs\JDH_POS\public\users\roles\roles.php:752
Stack trace:
#0 {main}
  thrown in C:\xampp\htdocs\JDH_POS\public\users\roles\roles.php on line 752
[2026-06-02 21:03:46] [ERROR] [User: 2] [IP: ::1] [Company: 1] Fatal error: Uncaught PDOException: SQLSTATE[42S22]: Column not found: 1054 Unknown column 'b.deleted_at' in 'where clause' in C:\xampp\htdocs\JDH_POS\public\products\brands.php:128
Stack trace:
#0 C:\xampp\htdocs\JDH_POS\public\products\brands.php(128): PDO->prepare('SELECT b.id, b....')
#1 {main}
  thrown in C:\xampp\htdocs\JDH_POS\public\products\brands.php on line 128
[2026-06-02 21:25:01] [ERROR] [User: 2] [IP: ::1] [Company: 1] Fatal error: Uncaught Error: Call to undefined function db_get_columns() in C:\xampp\htdocs\JDH_POS\src\auth.php:1045
Stack trace:
#0 C:\xampp\htdocs\JDH_POS\public\auth\logout.php(25): log_activity(2, 'auth.logout', 'User logged out', Array, 1)
#1 {main}
  thrown in C:\xampp\htdocs\JDH_POS\src\auth.php on line 1045
[2026-06-02 21:25:04] [ERROR] [User: 2] [IP: ::1] [Company: 1] Fatal error: Uncaught Error: Call to undefined function db_get_columns() in C:\xampp\htdocs\JDH_POS\src\auth.php:1045
Stack trace:
#0 C:\xampp\htdocs\JDH_POS\public\auth\logout.php(25): log_activity(2, 'auth.logout', 'User logged out', Array, 1)
#1 {main}
  thrown in C:\xampp\htdocs\JDH_POS\src\auth.php on line 1045
[2026-06-02 21:25:51] [ERROR] [User: 2] [IP: ::1] [Company: 1] Fatal error: Uncaught Error: Call to undefined function db_get_columns() in C:\xampp\htdocs\JDH_POS\src\auth.php:1045
Stack trace:
#0 C:\xampp\htdocs\JDH_POS\public\auth\logout.php(25): log_activity(2, 'auth.logout', 'User logged out', Array, 1)
#1 {main}
  thrown in C:\xampp\htdocs\JDH_POS\src\auth.php on line 1045
[2026-06-02 22:16:31] [ERROR] [User: 2] [IP: ::1] [Company: 1] Fatal error: Uncaught TypeError: App\Pos\PosBootstrapService::__construct(): Argument #1 ($pdo) must be of type PDO, null given, called in C:\xampp\htdocs\JDH_POS\public\pos\pos.php on line 150 and defined in C:\xampp\htdocs\JDH_POS\src\POS\PosBootstrapService.php:39
Stack trace:
#0 C:\xampp\htdocs\JDH_POS\public\pos\pos.php(150): App\Pos\PosBootstrapService->__construct(NULL, 1, 1)
#1 {main}
  thrown in C:\xampp\htdocs\JDH_POS\src\POS\PosBootstrapService.php on line 39
[2026-06-02 22:16:36] [ERROR] [User: 2] [IP: ::1] [Company: 1] Fatal error: Uncaught TypeError: App\Pos\PosBootstrapService::__construct(): Argument #1 ($pdo) must be of type PDO, null given, called in C:\xampp\htdocs\JDH_POS\public\pos\pos.php on line 150 and defined in C:\xampp\htdocs\JDH_POS\src\POS\PosBootstrapService.php:39
Stack trace:
#0 C:\xampp\htdocs\JDH_POS\public\pos\pos.php(150): App\Pos\PosBootstrapService->__construct(NULL, 1, 1)
#1 {main}
  thrown in C:\xampp\htdocs\JDH_POS\src\POS\PosBootstrapService.php on line 39
[2026-06-02 22:16:37] [ERROR] [User: 2] [IP: ::1] [Company: 1] Fatal error: Uncaught TypeError: App\Pos\PosBootstrapService::__construct(): Argument #1 ($pdo) must be of type PDO, null given, called in C:\xampp\htdocs\JDH_POS\public\pos\pos.php on line 150 and defined in C:\xampp\htdocs\JDH_POS\src\POS\PosBootstrapService.php:39
Stack trace:
#0 C:\xampp\htdocs\JDH_POS\public\pos\pos.php(150): App\Pos\PosBootstrapService->__construct(NULL, 1, 1)
#1 {main}
  thrown in C:\xampp\htdocs\JDH_POS\src\POS\PosBootstrapService.php on line 39
[2026-06-02 23:19:52] [ERROR] [User: 2] [IP: ::1] [Company: 1] Fatal error: Uncaught Error: Failed opening required 'C:\xampp\htdocs\JDH_POS\public\users/../../layouts/app.php' (include_path='C:\xampp\php\PEAR') in C:\xampp\htdocs\JDH_POS\public\users\advanced_permissions.php:912
Stack trace:
#0 {main}
  thrown in C:\xampp\htdocs\JDH_POS\public\users\advanced_permissions.php on line 912
[2026-06-02 23:25:13] [ERROR] [User: 2] [IP: ::1] [Company: 1] Fatal error: Uncaught TypeError: App\Pos\PosBootstrapService::__construct(): Argument #1 ($pdo) must be of type PDO, null given, called in C:\xampp\htdocs\JDH_POS\public\pos\pos.php on line 150 and defined in C:\xampp\htdocs\JDH_POS\src\POS\PosBootstrapService.php:39
Stack trace:
#0 C:\xampp\htdocs\JDH_POS\public\pos\pos.php(150): App\Pos\PosBootstrapService->__construct(NULL, 1, 1)
#1 {main}
  thrown in C:\xampp\htdocs\JDH_POS\src\POS\PosBootstrapService.php on line 39
[2026-06-02 23:37:54] [ERROR] [User: 2] [IP: ::1] [Company: 1] Fatal error: Uncaught Error: Failed opening required 'C:\xampp\htdocs\JDH_POS\public\users/../../layouts/app.php' (include_path='C:\xampp\php\PEAR') in C:\xampp\htdocs\JDH_POS\public\users\advanced_permissions.php:912
Stack trace:
#0 {main}
  thrown in C:\xampp\htdocs\JDH_POS\public\users\advanced_permissions.php on line 912
[2026-06-02 23:40:05] [ERROR] [User: 2] [IP: ::1] [Company: 1] Fatal error: Uncaught Error: Failed opening required 'C:\xampp\htdocs\JDH_POS\public\users/../../layouts/app.php' (include_path='C:\xampp\php\PEAR') in C:\xampp\htdocs\JDH_POS\public\users\advanced_permissions.php:912
Stack trace:
#0 {main}
  thrown in C:\xampp\htdocs\JDH_POS\public\users\advanced_permissions.php on line 912
[2026-06-02 23:52:20] [ERROR] [User: 2] [IP: ::1] [Company: 1] Fatal error: Uncaught TypeError: App\Pos\PosBootstrapService::__construct(): Argument #1 ($pdo) must be of type PDO, null given, called in C:\xampp\htdocs\JDH_POS\public\pos\pos.php on line 150 and defined in C:\xampp\htdocs\JDH_POS\src\POS\PosBootstrapService.php:39
Stack trace:
#0 C:\xampp\htdocs\JDH_POS\public\pos\pos.php(150): App\Pos\PosBootstrapService->__construct(NULL, 1, 1)
#1 {main}
  thrown in C:\xampp\htdocs\JDH_POS\src\POS\PosBootstrapService.php on line 39
