[2026-05-09 18:53:18] [ERROR] [User: 2] [IP: ::1] [Company: 1] Fatal error: Uncaught PDOException: SQLSTATE[42S22]: Column not found: 1054 Unknown column 'ec.color' in 'field list' in C:\xampp\htdocs\JDH_POS\public\expenses\expenses.php:433
Stack trace:
#0 C:\xampp\htdocs\JDH_POS\public\expenses\expenses.php(433): PDO->prepare('\n    SELECT \n  ...')
#1 {main}
  thrown in C:\xampp\htdocs\JDH_POS\public\expenses\expenses.php on line 433
[2026-05-09 18:56:03] [ERROR] [User: 2] [IP: ::1] [Company: 1] Fatal error: Uncaught PDOException: SQLSTATE[42S22]: Column not found: 1054 Unknown column 'ec.color' in 'field list' in C:\xampp\htdocs\JDH_POS\public\expenses\expenses.php:433
Stack trace:
#0 C:\xampp\htdocs\JDH_POS\public\expenses\expenses.php(433): PDO->prepare('\n    SELECT \n  ...')
#1 {main}
  thrown in C:\xampp\htdocs\JDH_POS\public\expenses\expenses.php on line 433
[2026-05-09 18:56:06] [ERROR] [User: 2] [IP: ::1] [Company: 1] Fatal error: Uncaught PDOException: SQLSTATE[42S22]: Column not found: 1054 Unknown column 'ec.color' in 'field list' in C:\xampp\htdocs\JDH_POS\public\expenses\expenses.php:433
Stack trace:
#0 C:\xampp\htdocs\JDH_POS\public\expenses\expenses.php(433): PDO->prepare('\n    SELECT \n  ...')
#1 {main}
  thrown in C:\xampp\htdocs\JDH_POS\public\expenses\expenses.php on line 433
[2026-05-09 18:56:07] [ERROR] [User: 2] [IP: ::1] [Company: 1] Fatal error: Uncaught PDOException: SQLSTATE[42S22]: Column not found: 1054 Unknown column 'ec.color' in 'field list' in C:\xampp\htdocs\JDH_POS\public\expenses\expenses.php:433
Stack trace:
#0 C:\xampp\htdocs\JDH_POS\public\expenses\expenses.php(433): PDO->prepare('\n    SELECT \n  ...')
#1 {main}
  thrown in C:\xampp\htdocs\JDH_POS\public\expenses\expenses.php on line 433
[2026-05-09 18:56:08] [ERROR] [User: 2] [IP: ::1] [Company: 1] Fatal error: Uncaught PDOException: SQLSTATE[42S22]: Column not found: 1054 Unknown column 'ec.color' in 'field list' in C:\xampp\htdocs\JDH_POS\public\expenses\expenses.php:433
Stack trace:
#0 C:\xampp\htdocs\JDH_POS\public\expenses\expenses.php(433): PDO->prepare('\n    SELECT \n  ...')
#1 {main}
  thrown in C:\xampp\htdocs\JDH_POS\public\expenses\expenses.php on line 433
[2026-05-09 18:56:08] [ERROR] [User: 2] [IP: ::1] [Company: 1] Fatal error: Uncaught PDOException: SQLSTATE[42S22]: Column not found: 1054 Unknown column 'ec.color' in 'field list' in C:\xampp\htdocs\JDH_POS\public\expenses\expenses.php:433
Stack trace:
#0 C:\xampp\htdocs\JDH_POS\public\expenses\expenses.php(433): PDO->prepare('\n    SELECT \n  ...')
#1 {main}
  thrown in C:\xampp\htdocs\JDH_POS\public\expenses\expenses.php on line 433
[2026-05-09 18:56:09] [ERROR] [User: 2] [IP: ::1] [Company: 1] Fatal error: Uncaught PDOException: SQLSTATE[42S22]: Column not found: 1054 Unknown column 'ec.color' in 'field list' in C:\xampp\htdocs\JDH_POS\public\expenses\expenses.php:433
Stack trace:
#0 C:\xampp\htdocs\JDH_POS\public\expenses\expenses.php(433): PDO->prepare('\n    SELECT \n  ...')
#1 {main}
  thrown in C:\xampp\htdocs\JDH_POS\public\expenses\expenses.php on line 433
[2026-05-09 18:56:38] [ERROR] [User: 2] [IP: ::1] [Company: 1] Fatal error: Uncaught PDOException: SQLSTATE[42S22]: Column not found: 1054 Unknown column 'ec.color' in 'field list' in C:\xampp\htdocs\JDH_POS\public\expenses\expenses.php:433
Stack trace:
#0 C:\xampp\htdocs\JDH_POS\public\expenses\expenses.php(433): PDO->prepare('\n    SELECT \n  ...')
#1 {main}
  thrown in C:\xampp\htdocs\JDH_POS\public\expenses\expenses.php on line 433
[2026-05-09 19:14:43] [ERROR] [User: 2] [IP: ::1] [Company: 1] Fatal error: Uncaught PDOException: SQLSTATE[42S22]: Column not found: 1054 Unknown column 'ec.color' in 'field list' in C:\xampp\htdocs\JDH_POS\public\expenses\expenses.php:441
Stack trace:
#0 C:\xampp\htdocs\JDH_POS\public\expenses\expenses.php(441): PDO->prepare('\n    SELECT \n  ...')
#1 {main}
  thrown in C:\xampp\htdocs\JDH_POS\public\expenses\expenses.php on line 441
