[2026-04-20 00:06:03] [ERROR] [User: 1] [IP: ::1] [Company: 1] Fatal error: Uncaught ValueError: str_repeat(): Argument #2 ($times) must be greater than or equal to 0 in C:\xampp\htdocs\JDH_POS\public\products\ProductModel.php:83
Stack trace:
#0 C:\xampp\htdocs\JDH_POS\public\products\ProductModel.php(83): str_repeat('?,', -1)
#1 C:\xampp\htdocs\JDH_POS\public\products\product_form.php(243): ProductModel->updateInventory(73, Array)
#2 {main}
  thrown in C:\xampp\htdocs\JDH_POS\public\products\ProductModel.php on line 83
[2026-04-20 00:06:08] [ERROR] [User: 1] [IP: ::1] [Company: 1] Fatal error: Uncaught ValueError: str_repeat(): Argument #2 ($times) must be greater than or equal to 0 in C:\xampp\htdocs\JDH_POS\public\products\ProductModel.php:83
Stack trace:
#0 C:\xampp\htdocs\JDH_POS\public\products\ProductModel.php(83): str_repeat('?,', -1)
#1 C:\xampp\htdocs\JDH_POS\public\products\product_form.php(243): ProductModel->updateInventory(73, Array)
#2 {main}
  thrown in C:\xampp\htdocs\JDH_POS\public\products\ProductModel.php on line 83
[2026-04-20 00:07:04] [ERROR] [User: 1] [IP: ::1] [Company: 1] Fatal error: Uncaught ValueError: str_repeat(): Argument #2 ($times) must be greater than or equal to 0 in C:\xampp\htdocs\JDH_POS\public\products\ProductModel.php:83
Stack trace:
#0 C:\xampp\htdocs\JDH_POS\public\products\ProductModel.php(83): str_repeat('?,', -1)
#1 C:\xampp\htdocs\JDH_POS\public\products\product_form.php(243): ProductModel->updateInventory(73, Array)
#2 {main}
  thrown in C:\xampp\htdocs\JDH_POS\public\products\ProductModel.php on line 83
[2026-04-20 00:08:09] [ERROR] [User: 1] [IP: ::1] [Company: 1] Fatal error: Uncaught ValueError: str_repeat(): Argument #2 ($times) must be greater than or equal to 0 in C:\xampp\htdocs\JDH_POS\public\products\ProductModel.php:83
Stack trace:
#0 C:\xampp\htdocs\JDH_POS\public\products\ProductModel.php(83): str_repeat('?,', -1)
#1 C:\xampp\htdocs\JDH_POS\public\products\product_form.php(243): ProductModel->updateInventory(73, Array)
#2 {main}
  thrown in C:\xampp\htdocs\JDH_POS\public\products\ProductModel.php on line 83
