[2026-06-15 09:03:23] [ERROR] [User: 2] [IP: ::1] [Company: 1] Fatal error: Uncaught Error: Call to undefined function is_logged_in() in C:\xampp\htdocs\JDH_POS\public\billing\get_payment_details.php:16
Stack trace:
#0 {main}
  thrown in C:\xampp\htdocs\JDH_POS\public\billing\get_payment_details.php on line 16
[2026-06-15 10:48:40] [ERROR] [User: 2] [IP: ::1] [Company: 1] Fatal error: Uncaught Error: Call to undefined function resolve_branch_id() in C:\xampp\htdocs\JDH_POS\public\ajax\search_sales_for_return.php:18
Stack trace:
#0 {main}
  thrown in C:\xampp\htdocs\JDH_POS\public\ajax\search_sales_for_return.php on line 18
[2026-06-15 10:48:41] [ERROR] [User: 2] [IP: ::1] [Company: 1] Fatal error: Uncaught Error: Call to undefined function resolve_branch_id() in C:\xampp\htdocs\JDH_POS\public\ajax\get_recent_returns.php:18
Stack trace:
#0 {main}
  thrown in C:\xampp\htdocs\JDH_POS\public\ajax\get_recent_returns.php on line 18
[2026-06-15 10:49:13] [ERROR] [User: 2] [IP: ::1] [Company: 1] Fatal error: Uncaught Error: Call to undefined function resolve_branch_id() in C:\xampp\htdocs\JDH_POS\public\ajax\search_sales_for_return.php:18
Stack trace:
#0 {main}
  thrown in C:\xampp\htdocs\JDH_POS\public\ajax\search_sales_for_return.php on line 18
[2026-06-15 10:49:13] [ERROR] [User: 2] [IP: ::1] [Company: 1] Fatal error: Uncaught Error: Call to undefined function resolve_branch_id() in C:\xampp\htdocs\JDH_POS\public\ajax\get_recent_returns.php:18
Stack trace:
#0 {main}
  thrown in C:\xampp\htdocs\JDH_POS\public\ajax\get_recent_returns.php on line 18
[2026-06-15 10:53:00] [ERROR] [User: 2] [IP: ::1] [Company: 1] Fatal error: Uncaught Error: Call to undefined function resolve_branch_id() in C:\xampp\htdocs\JDH_POS\public\ajax\search_sales_for_return.php:18
Stack trace:
#0 {main}
  thrown in C:\xampp\htdocs\JDH_POS\public\ajax\search_sales_for_return.php on line 18
[2026-06-15 10:53:00] [ERROR] [User: 2] [IP: ::1] [Company: 1] Fatal error: Uncaught Error: Call to undefined function resolve_branch_id() in C:\xampp\htdocs\JDH_POS\public\ajax\get_recent_returns.php:18
Stack trace:
#0 {main}
  thrown in C:\xampp\htdocs\JDH_POS\public\ajax\get_recent_returns.php on line 18
[2026-06-15 10:53:05] [ERROR] [User: 2] [IP: ::1] [Company: 1] Fatal error: Uncaught Error: Call to undefined function resolve_branch_id() in C:\xampp\htdocs\JDH_POS\public\ajax\get_recent_returns.php:18
Stack trace:
#0 {main}
  thrown in C:\xampp\htdocs\JDH_POS\public\ajax\get_recent_returns.php on line 18
[2026-06-15 10:53:05] [ERROR] [User: 2] [IP: ::1] [Company: 1] Fatal error: Uncaught Error: Call to undefined function resolve_branch_id() in C:\xampp\htdocs\JDH_POS\public\ajax\search_sales_for_return.php:18
Stack trace:
#0 {main}
  thrown in C:\xampp\htdocs\JDH_POS\public\ajax\search_sales_for_return.php on line 18
[2026-06-15 10:54:37] [ERROR] [User: 2] [IP: ::1] [Company: 1] Fatal error: Uncaught Error: Call to undefined function resolve_branch_id() in C:\xampp\htdocs\JDH_POS\public\ajax\get_recent_returns.php:18
Stack trace:
#0 {main}
  thrown in C:\xampp\htdocs\JDH_POS\public\ajax\get_recent_returns.php on line 18
[2026-06-15 11:01:03] [ERROR] [User: 2] [IP: ::1] [Company: 1] Fatal error: Uncaught Error: Call to undefined function resolve_branch_id() in C:\xampp\htdocs\JDH_POS\public\ajax\get_recent_returns.php:18
Stack trace:
#0 {main}
  thrown in C:\xampp\htdocs\JDH_POS\public\ajax\get_recent_returns.php on line 18
[2026-06-15 11:02:42] [ERROR] [User: 2] [IP: ::1] [Company: 1] Fatal error: Uncaught Error: Call to undefined function resolve_branch_id() in C:\xampp\htdocs\JDH_POS\public\ajax\get_recent_returns.php:18
Stack trace:
#0 {main}
  thrown in C:\xampp\htdocs\JDH_POS\public\ajax\get_recent_returns.php on line 18
[2026-06-15 11:07:20] [ERROR] [User: 2] [IP: ::1] [Company: 1] Fatal error: Uncaught Error: Call to undefined function resolve_branch_id() in C:\xampp\htdocs\JDH_POS\public\ajax\get_recent_returns.php:18
Stack trace:
#0 {main}
  thrown in C:\xampp\htdocs\JDH_POS\public\ajax\get_recent_returns.php on line 18
[2026-06-15 11:08:39] [ERROR] [User: 2] [IP: ::1] [Company: 1] Fatal error: Uncaught Error: Call to undefined function resolve_branch_id() in C:\xampp\htdocs\JDH_POS\public\ajax\get_recent_returns.php:18
Stack trace:
#0 {main}
  thrown in C:\xampp\htdocs\JDH_POS\public\ajax\get_recent_returns.php on line 18
[2026-06-15 11:08:47] [ERROR] [User: 2] [IP: ::1] [Company: 1] Fatal error: Uncaught Error: Call to undefined function resolve_branch_id() in C:\xampp\htdocs\JDH_POS\public\ajax\get_recent_returns.php:18
Stack trace:
#0 {main}
  thrown in C:\xampp\htdocs\JDH_POS\public\ajax\get_recent_returns.php on line 18
[2026-06-15 11:38:34] [ERROR] [User: 2] [IP: ::1] [Company: 1] Fatal error: Uncaught Error: Call to undefined function resolve_branch_id() in C:\xampp\htdocs\JDH_POS\public\ajax\get_recent_returns.php:18
Stack trace:
#0 {main}
  thrown in C:\xampp\htdocs\JDH_POS\public\ajax\get_recent_returns.php on line 18
[2026-06-15 11:38:41] [ERROR] [User: 2] [IP: ::1] [Company: 1] Fatal error: Uncaught Error: Call to undefined function resolve_branch_id() in C:\xampp\htdocs\JDH_POS\public\ajax\get_recent_returns.php:18
Stack trace:
#0 {main}
  thrown in C:\xampp\htdocs\JDH_POS\public\ajax\get_recent_returns.php on line 18
[2026-06-15 11:58:04] [ERROR] [User: 2] [IP: ::1] [Company: 1] Fatal error: Uncaught Error: Call to undefined function resolve_branch_id() in C:\xampp\htdocs\JDH_POS\public\ajax\get_recent_returns.php:18
Stack trace:
#0 {main}
  thrown in C:\xampp\htdocs\JDH_POS\public\ajax\get_recent_returns.php on line 18
[2026-06-15 11:58:17] [ERROR] [User: 2] [IP: ::1] [Company: 1] Fatal error: Uncaught Error: Call to undefined function resolve_branch_id() in C:\xampp\htdocs\JDH_POS\public\ajax\get_sale_for_return.php:26
Stack trace:
#0 {main}
  thrown in C:\xampp\htdocs\JDH_POS\public\ajax\get_sale_for_return.php on line 26
[2026-06-15 11:59:05] [ERROR] [User: 2] [IP: ::1] [Company: 1] Fatal error: Uncaught Error: Call to undefined function resolve_branch_id() in C:\xampp\htdocs\JDH_POS\public\ajax\get_recent_returns.php:18
Stack trace:
#0 {main}
  thrown in C:\xampp\htdocs\JDH_POS\public\ajax\get_recent_returns.php on line 18
[2026-06-15 11:59:39] [ERROR] [User: 2] [IP: ::1] [Company: 1] Fatal error: Uncaught Error: Call to undefined function resolve_branch_id() in C:\xampp\htdocs\JDH_POS\public\ajax\get_sale_for_return.php:26
Stack trace:
#0 {main}
  thrown in C:\xampp\htdocs\JDH_POS\public\ajax\get_sale_for_return.php on line 26
[2026-06-15 12:01:32] [ERROR] [User: 2] [IP: ::1] [Company: 1] Fatal error: Uncaught Error: Call to undefined function resolve_branch_id() in C:\xampp\htdocs\JDH_POS\public\ajax\get_recent_returns.php:18
Stack trace:
#0 {main}
  thrown in C:\xampp\htdocs\JDH_POS\public\ajax\get_recent_returns.php on line 18
[2026-06-15 12:43:40] [ERROR] [User: 2] [IP: ::1] [Company: 1] Fatal error: Uncaught Error: Call to undefined function db_get_categories_cached() in C:\xampp\htdocs\JDH_POS\public\pos\pos.php:546
Stack trace:
#0 {main}
  thrown in C:\xampp\htdocs\JDH_POS\public\pos\pos.php on line 546
[2026-06-15 12:46:51] [ERROR] [User: 2] [IP: ::1] [Company: 1] Fatal error: Uncaught Error: Call to undefined function db_get_categories_cached() in C:\xampp\htdocs\JDH_POS\public\pos\pos.php:546
Stack trace:
#0 {main}
  thrown in C:\xampp\htdocs\JDH_POS\public\pos\pos.php on line 546
[2026-06-15 12:46:53] [ERROR] [User: 2] [IP: ::1] [Company: 1] Fatal error: Uncaught Error: Call to undefined function db_get_categories_cached() in C:\xampp\htdocs\JDH_POS\public\pos\pos.php:546
Stack trace:
#0 {main}
  thrown in C:\xampp\htdocs\JDH_POS\public\pos\pos.php on line 546
[2026-06-15 23:01:52] [ERROR] [User: 2] [IP: ::1] [Company: 1] Fatal error: Uncaught Error: Failed opening required 'C:\xampp\htdocs\JDH_POS\public\products/../../src/Barcode/LabelTemplate.php' (include_path='C:\xampp\php\PEAR') in C:\xampp\htdocs\JDH_POS\public\products\barcode_labels.php:42
Stack trace:
#0 {main}
  thrown in C:\xampp\htdocs\JDH_POS\public\products\barcode_labels.php on line 42
[2026-06-15 23:12:42] [ERROR] [User: 2] [IP: ::1] [Company: 1] Fatal error: Uncaught Error: Call to undefined function admin_require_super_admin() in C:\xampp\htdocs\JDH_POS\public\admin\security_dashboard.php:19
Stack trace:
#0 {main}
  thrown in C:\xampp\htdocs\JDH_POS\public\admin\security_dashboard.php on line 19
[2026-06-15 23:14:19] [ERROR] [User: 2] [IP: ::1] [Company: 1] Fatal error: Uncaught Error: Call to undefined function admin_require_super_admin() in C:\xampp\htdocs\JDH_POS\public\admin\security_dashboard.php:19
Stack trace:
#0 {main}
  thrown in C:\xampp\htdocs\JDH_POS\public\admin\security_dashboard.php on line 19
[2026-06-15 23:56:26] [ERROR] [User: 1] [IP: ::1] [Company: 1] Fatal error: Uncaught Error: Call to undefined function has_permission() in C:\xampp\htdocs\JDH_POS\public\reports\reports.php:202
Stack trace:
#0 {main}
  thrown in C:\xampp\htdocs\JDH_POS\public\reports\reports.php on line 202
[2026-06-15 23:57:49] [ERROR] [User: 1] [IP: ::1] [Company: 1] Fatal error: Uncaught Error: Call to undefined function has_permission() in C:\xampp\htdocs\JDH_POS\public\reports\reports.php:202
Stack trace:
#0 {main}
  thrown in C:\xampp\htdocs\JDH_POS\public\reports\reports.php on line 202
[2026-06-15 23:57:53] [ERROR] [User: 1] [IP: ::1] [Company: 1] Fatal error: Uncaught Error: Call to undefined function has_permission() in C:\xampp\htdocs\JDH_POS\public\reports\reports.php:202
Stack trace:
#0 {main}
  thrown in C:\xampp\htdocs\JDH_POS\public\reports\reports.php on line 202
