[2026-05-21 08:17:25] [ERROR] [User: 2] [IP: ::1] [Company: 1] Fatal error: Uncaught PDOException: SQLSTATE[42S02]: Base table or view not found: 1146 Table 'jdh_pos.custom_reports' doesn't exist in C:\xampp\htdocs\JDH_POS\public\reports\custom_builder.php:674
Stack trace:
#0 C:\xampp\htdocs\JDH_POS\public\reports\custom_builder.php(674): PDO->prepare('\n        SELECT...')
#1 C:\xampp\htdocs\JDH_POS\public\reports\custom_builder.php(45): get_saved_reports(Object(PDO), 1, 2)
#2 {main}
  thrown in C:\xampp\htdocs\JDH_POS\public\reports\custom_builder.php on line 674
[2026-05-21 09:46:55] [ERROR] [User: 2] [IP: ::1] [Company: 1] Fatal error: Uncaught PDOException: SQLSTATE[42S02]: Base table or view not found: 1146 Table 'jdh_pos.custom_reports' doesn't exist in C:\xampp\htdocs\JDH_POS\public\reports\custom_builder.php:674
Stack trace:
#0 C:\xampp\htdocs\JDH_POS\public\reports\custom_builder.php(674): PDO->prepare('\n        SELECT...')
#1 C:\xampp\htdocs\JDH_POS\public\reports\custom_builder.php(45): get_saved_reports(Object(PDO), 1, 2)
#2 {main}
  thrown in C:\xampp\htdocs\JDH_POS\public\reports\custom_builder.php on line 674
[2026-05-21 09:47:43] [ERROR] [User: 2] [IP: ::1] [Company: 1] Fatal error: Uncaught PDOException: SQLSTATE[42S02]: Base table or view not found: 1146 Table 'jdh_pos.custom_reports' doesn't exist in C:\xampp\htdocs\JDH_POS\public\reports\custom_builder.php:674
Stack trace:
#0 C:\xampp\htdocs\JDH_POS\public\reports\custom_builder.php(674): PDO->prepare('\n        SELECT...')
#1 C:\xampp\htdocs\JDH_POS\public\reports\custom_builder.php(45): get_saved_reports(Object(PDO), 1, 2)
#2 {main}
  thrown in C:\xampp\htdocs\JDH_POS\public\reports\custom_builder.php on line 674
[2026-05-21 11:06:03] [ERROR] [User: 2] [IP: ::1] [Company: 1] Fatal error: Uncaught PDOException: SQLSTATE[42S02]: Base table or view not found: 1146 Table 'jdh_pos.custom_reports' doesn't exist in C:\xampp\htdocs\JDH_POS\public\reports\custom_builder.php:674
Stack trace:
#0 C:\xampp\htdocs\JDH_POS\public\reports\custom_builder.php(674): PDO->prepare('\n        SELECT...')
#1 C:\xampp\htdocs\JDH_POS\public\reports\custom_builder.php(45): get_saved_reports(Object(PDO), 1, 2)
#2 {main}
  thrown in C:\xampp\htdocs\JDH_POS\public\reports\custom_builder.php on line 674
[2026-05-21 12:46:20] [ERROR] [User: 2] [IP: ::1] [Company: 1] Fatal error: Uncaught PDOException: SQLSTATE[HY093]: Invalid parameter number in C:\xampp\htdocs\JDH_POS\public\products\products.php:259
Stack trace:
#0 C:\xampp\htdocs\JDH_POS\public\products\products.php(259): PDOStatement->execute(Array)
#1 {main}
  thrown in C:\xampp\htdocs\JDH_POS\public\products\products.php on line 259
[2026-05-21 13:06:44] [ERROR] [User: 2] [IP: ::1] [Company: 1] Fatal error: Uncaught PDOException: SQLSTATE[HY093]: Invalid parameter number in C:\xampp\htdocs\JDH_POS\public\products\products.php:259
Stack trace:
#0 C:\xampp\htdocs\JDH_POS\public\products\products.php(259): PDOStatement->execute(Array)
#1 {main}
  thrown in C:\xampp\htdocs\JDH_POS\public\products\products.php on line 259
[2026-05-21 13:06:59] [ERROR] [User: 2] [IP: ::1] [Company: 1] Fatal error: Uncaught PDOException: SQLSTATE[HY093]: Invalid parameter number in C:\xampp\htdocs\JDH_POS\public\products\products.php:259
Stack trace:
#0 C:\xampp\htdocs\JDH_POS\public\products\products.php(259): PDOStatement->execute(Array)
#1 {main}
  thrown in C:\xampp\htdocs\JDH_POS\public\products\products.php on line 259
[2026-05-21 13:42:57] [ERROR] [User: 2] [IP: ::1] [Company: 1] Fatal error: Uncaught PDOException: SQLSTATE[HY093]: Invalid parameter number in C:\xampp\htdocs\JDH_POS\public\products\products.php:259
Stack trace:
#0 C:\xampp\htdocs\JDH_POS\public\products\products.php(259): PDOStatement->execute(Array)
#1 {main}
  thrown in C:\xampp\htdocs\JDH_POS\public\products\products.php on line 259
[2026-05-21 13:43:00] [ERROR] [User: 2] [IP: ::1] [Company: 1] Fatal error: Uncaught PDOException: SQLSTATE[HY093]: Invalid parameter number in C:\xampp\htdocs\JDH_POS\public\products\products.php:259
Stack trace:
#0 C:\xampp\htdocs\JDH_POS\public\products\products.php(259): PDOStatement->execute(Array)
#1 {main}
  thrown in C:\xampp\htdocs\JDH_POS\public\products\products.php on line 259
[2026-05-21 19:32:55] [ERROR] [User: 2] [IP: ::1] [Company: 1] Fatal error: Uncaught PDOException: SQLSTATE[42S22]: Column not found: 1054 Unknown column 'deleted_at' in 'where clause' in C:\xampp\htdocs\JDH_POS\public\products\ProductModel.php:66
Stack trace:
#0 C:\xampp\htdocs\JDH_POS\public\products\ProductModel.php(66): PDO->prepare('SELECT id, name...')
#1 C:\xampp\htdocs\JDH_POS\public\products\product_form.php(60): ProductModel->getBrands()
#2 {main}
  thrown in C:\xampp\htdocs\JDH_POS\public\products\ProductModel.php on line 66
[2026-05-21 19:38:31] [ERROR] [User: 2] [IP: ::1] [Company: 1] Fatal error: Uncaught PDOException: SQLSTATE[42S22]: Column not found: 1054 Unknown column 'deleted_at' in 'where clause' in C:\xampp\htdocs\JDH_POS\public\products\ProductModel.php:66
Stack trace:
#0 C:\xampp\htdocs\JDH_POS\public\products\ProductModel.php(66): PDO->prepare('SELECT id, name...')
#1 C:\xampp\htdocs\JDH_POS\public\products\product_form.php(60): ProductModel->getBrands()
#2 {main}
  thrown in C:\xampp\htdocs\JDH_POS\public\products\ProductModel.php on line 66
[2026-05-21 19:41:53] [ERROR] [User: 2] [IP: ::1] [Company: 1] Fatal error: Uncaught PDOException: SQLSTATE[42S22]: Column not found: 1054 Unknown column 'deleted_at' in 'where clause' in C:\xampp\htdocs\JDH_POS\public\products\ProductModel.php:66
Stack trace:
#0 C:\xampp\htdocs\JDH_POS\public\products\ProductModel.php(66): PDO->prepare('SELECT id, name...')
#1 C:\xampp\htdocs\JDH_POS\public\products\product_form.php(60): ProductModel->getBrands()
#2 {main}
  thrown in C:\xampp\htdocs\JDH_POS\public\products\ProductModel.php on line 66
[2026-05-21 19:41:56] [ERROR] [User: 2] [IP: ::1] [Company: 1] Fatal error: Uncaught PDOException: SQLSTATE[42S22]: Column not found: 1054 Unknown column 'deleted_at' in 'where clause' in C:\xampp\htdocs\JDH_POS\public\products\ProductModel.php:66
Stack trace:
#0 C:\xampp\htdocs\JDH_POS\public\products\ProductModel.php(66): PDO->prepare('SELECT id, name...')
#1 C:\xampp\htdocs\JDH_POS\public\products\product_form.php(60): ProductModel->getBrands()
#2 {main}
  thrown in C:\xampp\htdocs\JDH_POS\public\products\ProductModel.php on line 66
[2026-05-21 19:52:20] [ERROR] [User: 2] [IP: ::1] [Company: 1] Fatal error: Uncaught PDOException: SQLSTATE[42S22]: Column not found: 1054 Unknown column 'deleted_at' in 'where clause' in C:\xampp\htdocs\JDH_POS\public\products\ProductModel.php:66
Stack trace:
#0 C:\xampp\htdocs\JDH_POS\public\products\ProductModel.php(66): PDO->prepare('SELECT id, name...')
#1 C:\xampp\htdocs\JDH_POS\public\products\product_form.php(60): ProductModel->getBrands()
#2 {main}
  thrown in C:\xampp\htdocs\JDH_POS\public\products\ProductModel.php on line 66
[2026-05-21 19:52:22] [ERROR] [User: 2] [IP: ::1] [Company: 1] Fatal error: Uncaught PDOException: SQLSTATE[42S22]: Column not found: 1054 Unknown column 'deleted_at' in 'where clause' in C:\xampp\htdocs\JDH_POS\public\products\ProductModel.php:66
Stack trace:
#0 C:\xampp\htdocs\JDH_POS\public\products\ProductModel.php(66): PDO->prepare('SELECT id, name...')
#1 C:\xampp\htdocs\JDH_POS\public\products\product_form.php(60): ProductModel->getBrands()
#2 {main}
  thrown in C:\xampp\htdocs\JDH_POS\public\products\ProductModel.php on line 66
[2026-05-21 19:52:58] [ERROR] [User: 2] [IP: ::1] [Company: 1] Fatal error: Uncaught PDOException: SQLSTATE[42S22]: Column not found: 1054 Unknown column 'deleted_at' in 'where clause' in C:\xampp\htdocs\JDH_POS\public\products\ProductModel.php:66
Stack trace:
#0 C:\xampp\htdocs\JDH_POS\public\products\ProductModel.php(66): PDO->prepare('SELECT id, name...')
#1 C:\xampp\htdocs\JDH_POS\public\products\product_form.php(60): ProductModel->getBrands()
#2 {main}
  thrown in C:\xampp\htdocs\JDH_POS\public\products\ProductModel.php on line 66
[2026-05-21 21:01:32] [ERROR] [User: 2] [IP: ::1] [Company: 1] Fatal error: Uncaught PDOException: SQLSTATE[42S22]: Column not found: 1054 Unknown column 'deleted_at' in 'where clause' in C:\xampp\htdocs\JDH_POS\public\products\ProductModel.php:66
Stack trace:
#0 C:\xampp\htdocs\JDH_POS\public\products\ProductModel.php(66): PDO->prepare('SELECT id, name...')
#1 C:\xampp\htdocs\JDH_POS\public\products\product_form.php(60): ProductModel->getBrands()
#2 {main}
  thrown in C:\xampp\htdocs\JDH_POS\public\products\ProductModel.php on line 66
[2026-05-21 21:58:29] [ERROR] [User: 2] [IP: ::1] [Company: 1] Fatal error: Uncaught PDOException: SQLSTATE[42S22]: Column not found: 1054 Unknown column 'deleted_at' in 'where clause' in C:\xampp\htdocs\JDH_POS\public\products\ProductModel.php:66
Stack trace:
#0 C:\xampp\htdocs\JDH_POS\public\products\ProductModel.php(66): PDO->prepare('SELECT id, name...')
#1 C:\xampp\htdocs\JDH_POS\public\products\product_form.php(60): ProductModel->getBrands()
#2 {main}
  thrown in C:\xampp\htdocs\JDH_POS\public\products\ProductModel.php on line 66
[2026-05-21 21:58:31] [ERROR] [User: 2] [IP: ::1] [Company: 1] Fatal error: Uncaught PDOException: SQLSTATE[42S22]: Column not found: 1054 Unknown column 'deleted_at' in 'where clause' in C:\xampp\htdocs\JDH_POS\public\products\ProductModel.php:66
Stack trace:
#0 C:\xampp\htdocs\JDH_POS\public\products\ProductModel.php(66): PDO->prepare('SELECT id, name...')
#1 C:\xampp\htdocs\JDH_POS\public\products\product_form.php(60): ProductModel->getBrands()
#2 {main}
  thrown in C:\xampp\htdocs\JDH_POS\public\products\ProductModel.php on line 66
[2026-05-21 21:58:31] [ERROR] [User: 2] [IP: ::1] [Company: 1] Fatal error: Uncaught PDOException: SQLSTATE[42S22]: Column not found: 1054 Unknown column 'deleted_at' in 'where clause' in C:\xampp\htdocs\JDH_POS\public\products\ProductModel.php:66
Stack trace:
#0 C:\xampp\htdocs\JDH_POS\public\products\ProductModel.php(66): PDO->prepare('SELECT id, name...')
#1 C:\xampp\htdocs\JDH_POS\public\products\product_form.php(60): ProductModel->getBrands()
#2 {main}
  thrown in C:\xampp\htdocs\JDH_POS\public\products\ProductModel.php on line 66
[2026-05-21 21:58:59] [ERROR] [User: 2] [IP: ::1] [Company: 1] Fatal error: Uncaught PDOException: SQLSTATE[42S22]: Column not found: 1054 Unknown column 'deleted_at' in 'where clause' in C:\xampp\htdocs\JDH_POS\public\products\ProductModel.php:66
Stack trace:
#0 C:\xampp\htdocs\JDH_POS\public\products\ProductModel.php(66): PDO->prepare('SELECT id, name...')
#1 C:\xampp\htdocs\JDH_POS\public\products\product_form.php(60): ProductModel->getBrands()
#2 {main}
  thrown in C:\xampp\htdocs\JDH_POS\public\products\ProductModel.php on line 66
[2026-05-21 21:59:16] [ERROR] [User: 2] [IP: ::1] [Company: 1] Fatal error: Uncaught PDOException: SQLSTATE[42S22]: Column not found: 1054 Unknown column 'deleted_at' in 'where clause' in C:\xampp\htdocs\JDH_POS\public\products\ProductModel.php:66
Stack trace:
#0 C:\xampp\htdocs\JDH_POS\public\products\ProductModel.php(66): PDO->prepare('SELECT id, name...')
#1 C:\xampp\htdocs\JDH_POS\public\products\product_form.php(60): ProductModel->getBrands()
#2 {main}
  thrown in C:\xampp\htdocs\JDH_POS\public\products\ProductModel.php on line 66
[2026-05-21 22:00:05] [ERROR] [User: 2] [IP: ::1] [Company: 1] Fatal error: Uncaught PDOException: SQLSTATE[42S22]: Column not found: 1054 Unknown column 'deleted_at' in 'where clause' in C:\xampp\htdocs\JDH_POS\public\products\ProductModel.php:66
Stack trace:
#0 C:\xampp\htdocs\JDH_POS\public\products\ProductModel.php(66): PDO->prepare('SELECT id, name...')
#1 C:\xampp\htdocs\JDH_POS\public\products\product_form.php(60): ProductModel->getBrands()
#2 {main}
  thrown in C:\xampp\htdocs\JDH_POS\public\products\ProductModel.php on line 66
[2026-05-21 22:00:05] [ERROR] [User: 2] [IP: ::1] [Company: 1] Fatal error: Uncaught PDOException: SQLSTATE[42S22]: Column not found: 1054 Unknown column 'deleted_at' in 'where clause' in C:\xampp\htdocs\JDH_POS\public\products\ProductModel.php:66
Stack trace:
#0 C:\xampp\htdocs\JDH_POS\public\products\ProductModel.php(66): PDO->prepare('SELECT id, name...')
#1 C:\xampp\htdocs\JDH_POS\public\products\product_form.php(60): ProductModel->getBrands()
#2 {main}
  thrown in C:\xampp\htdocs\JDH_POS\public\products\ProductModel.php on line 66
[2026-05-21 22:00:10] [ERROR] [User: 2] [IP: ::1] [Company: 1] Fatal error: Uncaught PDOException: SQLSTATE[42S22]: Column not found: 1054 Unknown column 'deleted_at' in 'where clause' in C:\xampp\htdocs\JDH_POS\public\products\ProductModel.php:66
Stack trace:
#0 C:\xampp\htdocs\JDH_POS\public\products\ProductModel.php(66): PDO->prepare('SELECT id, name...')
#1 C:\xampp\htdocs\JDH_POS\public\products\product_form.php(60): ProductModel->getBrands()
#2 {main}
  thrown in C:\xampp\htdocs\JDH_POS\public\products\ProductModel.php on line 66
[2026-05-21 22:00:10] [ERROR] [User: 2] [IP: ::1] [Company: 1] Fatal error: Uncaught PDOException: SQLSTATE[42S22]: Column not found: 1054 Unknown column 'deleted_at' in 'where clause' in C:\xampp\htdocs\JDH_POS\public\products\ProductModel.php:66
Stack trace:
#0 C:\xampp\htdocs\JDH_POS\public\products\ProductModel.php(66): PDO->prepare('SELECT id, name...')
#1 C:\xampp\htdocs\JDH_POS\public\products\product_form.php(60): ProductModel->getBrands()
#2 {main}
  thrown in C:\xampp\htdocs\JDH_POS\public\products\ProductModel.php on line 66
[2026-05-21 22:00:14] [ERROR] [User: 2] [IP: ::1] [Company: 1] Fatal error: Uncaught PDOException: SQLSTATE[42S22]: Column not found: 1054 Unknown column 'deleted_at' in 'where clause' in C:\xampp\htdocs\JDH_POS\public\products\ProductModel.php:66
Stack trace:
#0 C:\xampp\htdocs\JDH_POS\public\products\ProductModel.php(66): PDO->prepare('SELECT id, name...')
#1 C:\xampp\htdocs\JDH_POS\public\products\product_form.php(60): ProductModel->getBrands()
#2 {main}
  thrown in C:\xampp\htdocs\JDH_POS\public\products\ProductModel.php on line 66
[2026-05-21 22:11:05] [ERROR] [User: 2] [IP: ::1] [Company: 1] Fatal error: Uncaught PDOException: SQLSTATE[42S22]: Column not found: 1054 Unknown column 'deleted_at' in 'where clause' in C:\xampp\htdocs\JDH_POS\public\products\ProductModel.php:66
Stack trace:
#0 C:\xampp\htdocs\JDH_POS\public\products\ProductModel.php(66): PDO->prepare('SELECT id, name...')
#1 C:\xampp\htdocs\JDH_POS\public\products\product_form.php(60): ProductModel->getBrands()
#2 {main}
  thrown in C:\xampp\htdocs\JDH_POS\public\products\ProductModel.php on line 66
[2026-05-21 22:18:45] [ERROR] [User: 2] [IP: ::1] [Company: 1] Fatal error: Uncaught RuntimeException: Invalid query structure for tenant scoping in C:\xampp\htdocs\JDH_POS\src\BaseModel.php:76
Stack trace:
#0 C:\xampp\htdocs\JDH_POS\public\products\ProductModel.php(16): BaseModel->applyTenantScope(Object(PDOStatement), Array)
#1 C:\xampp\htdocs\JDH_POS\public\products\product_form.php(44): ProductModel->getProductWithBranches(7)
#2 {main}
  thrown in C:\xampp\htdocs\JDH_POS\src\BaseModel.php on line 76
[2026-05-21 22:19:03] [ERROR] [User: 2] [IP: ::1] [Company: 1] Fatal error: Uncaught RuntimeException: Invalid query structure for tenant scoping in C:\xampp\htdocs\JDH_POS\src\BaseModel.php:76
Stack trace:
#0 C:\xampp\htdocs\JDH_POS\public\products\ProductModel.php(16): BaseModel->applyTenantScope(Object(PDOStatement), Array)
#1 C:\xampp\htdocs\JDH_POS\public\products\product_form.php(44): ProductModel->getProductWithBranches(7)
#2 {main}
  thrown in C:\xampp\htdocs\JDH_POS\src\BaseModel.php on line 76
[2026-05-21 22:57:21] [ERROR] [User: 2] [IP: ::1] [Company: 1] Fatal error: Uncaught RuntimeException: Invalid query structure for tenant scoping in C:\xampp\htdocs\JDH_POS\src\BaseModel.php:76
Stack trace:
#0 C:\xampp\htdocs\JDH_POS\public\products\ProductModel.php(16): BaseModel->applyTenantScope(Object(PDOStatement), Array)
#1 C:\xampp\htdocs\JDH_POS\public\products\product_form.php(44): ProductModel->getProductWithBranches(1)
#2 {main}
  thrown in C:\xampp\htdocs\JDH_POS\src\BaseModel.php on line 76
[2026-05-21 23:18:36] [ERROR] [User: 2] [IP: ::1] [Company: 1] Fatal error: Uncaught RuntimeException: Invalid query structure for tenant scoping in C:\xampp\htdocs\JDH_POS\src\BaseModel.php:76
Stack trace:
#0 C:\xampp\htdocs\JDH_POS\public\products\ProductModel.php(16): BaseModel->applyTenantScope(Object(PDOStatement), Array)
#1 C:\xampp\htdocs\JDH_POS\public\products\product_form.php(44): ProductModel->getProductWithBranches(3)
#2 {main}
  thrown in C:\xampp\htdocs\JDH_POS\src\BaseModel.php on line 76
