[2026-04-04 17:13:33] [ERROR] [User: 1] [IP: ::1] [Company: 1] Fatal error: Uncaught PDOException: SQLSTATE[42S22]: Column not found: 1054 Unknown column 'active' in 'where clause' in C:\xampp\htdocs\JDH_POS\public\products\barcode_labels.php:80
Stack trace:
#0 C:\xampp\htdocs\JDH_POS\public\products\barcode_labels.php(80): PDO->prepare('SELECT id, name...')
#1 {main}
  thrown in C:\xampp\htdocs\JDH_POS\public\products\barcode_labels.php on line 80
[2026-04-04 17:13:35] [ERROR] [User: 1] [IP: ::1] [Company: 1] Fatal error: Uncaught PDOException: SQLSTATE[42S22]: Column not found: 1054 Unknown column 'active' in 'where clause' in C:\xampp\htdocs\JDH_POS\public\products\barcode_labels.php:80
Stack trace:
#0 C:\xampp\htdocs\JDH_POS\public\products\barcode_labels.php(80): PDO->prepare('SELECT id, name...')
#1 {main}
  thrown in C:\xampp\htdocs\JDH_POS\public\products\barcode_labels.php on line 80
[2026-04-04 17:13:40] [ERROR] [User: 1] [IP: ::1] [Company: 1] Fatal error: Uncaught PDOException: SQLSTATE[42S22]: Column not found: 1054 Unknown column 'active' in 'where clause' in C:\xampp\htdocs\JDH_POS\public\products\barcode_labels.php:80
Stack trace:
#0 C:\xampp\htdocs\JDH_POS\public\products\barcode_labels.php(80): PDO->prepare('SELECT id, name...')
#1 {main}
  thrown in C:\xampp\htdocs\JDH_POS\public\products\barcode_labels.php on line 80
[2026-04-04 17:14:34] [ERROR] [User: 1] [IP: ::1] [Company: 1] Fatal error: Uncaught PDOException: SQLSTATE[42S22]: Column not found: 1054 Unknown column 'active' in 'where clause' in C:\xampp\htdocs\JDH_POS\public\products\barcode_labels.php:80
Stack trace:
#0 C:\xampp\htdocs\JDH_POS\public\products\barcode_labels.php(80): PDO->prepare('SELECT id, name...')
#1 {main}
  thrown in C:\xampp\htdocs\JDH_POS\public\products\barcode_labels.php on line 80
[2026-04-04 17:15:28] [ERROR] [User: 1] [IP: ::1] [Company: 1] Fatal error: Uncaught PDOException: SQLSTATE[42S22]: Column not found: 1054 Unknown column 'active' in 'where clause' in C:\xampp\htdocs\JDH_POS\public\products\barcode_labels.php:80
Stack trace:
#0 C:\xampp\htdocs\JDH_POS\public\products\barcode_labels.php(80): PDO->prepare('SELECT id, name...')
#1 {main}
  thrown in C:\xampp\htdocs\JDH_POS\public\products\barcode_labels.php on line 80
[2026-04-04 17:17:48] [ERROR] [User: 1] [IP: ::1] [Company: 1] Fatal error: Uncaught PDOException: SQLSTATE[42S22]: Column not found: 1054 Unknown column 'active' in 'where clause' in C:\xampp\htdocs\JDH_POS\public\products\barcode_labels.php:80
Stack trace:
#0 C:\xampp\htdocs\JDH_POS\public\products\barcode_labels.php(80): PDO->prepare('SELECT id, name...')
#1 {main}
  thrown in C:\xampp\htdocs\JDH_POS\public\products\barcode_labels.php on line 80
[2026-04-04 17:17:49] [ERROR] [User: 1] [IP: ::1] [Company: 1] Fatal error: Uncaught PDOException: SQLSTATE[42S22]: Column not found: 1054 Unknown column 'active' in 'where clause' in C:\xampp\htdocs\JDH_POS\public\products\barcode_labels.php:80
Stack trace:
#0 C:\xampp\htdocs\JDH_POS\public\products\barcode_labels.php(80): PDO->prepare('SELECT id, name...')
#1 {main}
  thrown in C:\xampp\htdocs\JDH_POS\public\products\barcode_labels.php on line 80
[2026-04-04 17:17:50] [ERROR] [User: 1] [IP: ::1] [Company: 1] Fatal error: Uncaught PDOException: SQLSTATE[42S22]: Column not found: 1054 Unknown column 'active' in 'where clause' in C:\xampp\htdocs\JDH_POS\public\products\barcode_labels.php:80
Stack trace:
#0 C:\xampp\htdocs\JDH_POS\public\products\barcode_labels.php(80): PDO->prepare('SELECT id, name...')
#1 {main}
  thrown in C:\xampp\htdocs\JDH_POS\public\products\barcode_labels.php on line 80
[2026-04-04 17:23:06] [ERROR] [User: 1] [IP: ::1] [Company: 1] Fatal error: Uncaught PDOException: SQLSTATE[42S22]: Column not found: 1054 Unknown column 'active' in 'where clause' in C:\xampp\htdocs\JDH_POS\public\products\barcode_labels.php:82
Stack trace:
#0 C:\xampp\htdocs\JDH_POS\public\products\barcode_labels.php(82): PDO->prepare('SELECT id, name...')
#1 {main}
  thrown in C:\xampp\htdocs\JDH_POS\public\products\barcode_labels.php on line 82
[2026-04-04 17:23:07] [ERROR] [User: 1] [IP: ::1] [Company: 1] Fatal error: Uncaught PDOException: SQLSTATE[42S22]: Column not found: 1054 Unknown column 'active' in 'where clause' in C:\xampp\htdocs\JDH_POS\public\products\barcode_labels.php:82
Stack trace:
#0 C:\xampp\htdocs\JDH_POS\public\products\barcode_labels.php(82): PDO->prepare('SELECT id, name...')
#1 {main}
  thrown in C:\xampp\htdocs\JDH_POS\public\products\barcode_labels.php on line 82
[2026-04-04 17:41:22] [ERROR] [User: 1] [IP: ::1] [Company: 1] Fatal error: Uncaught Error: Call to undefined function table_has_col() in C:\xampp\htdocs\JDH_POS\public\dashboard\home.php:265
Stack trace:
#0 {main}
  thrown in C:\xampp\htdocs\JDH_POS\public\dashboard\home.php on line 265
[2026-04-04 17:41:25] [ERROR] [User: 1] [IP: ::1] [Company: 1] Fatal error: Uncaught Error: Call to undefined function table_has_col() in C:\xampp\htdocs\JDH_POS\public\dashboard\home.php:265
Stack trace:
#0 {main}
  thrown in C:\xampp\htdocs\JDH_POS\public\dashboard\home.php on line 265
[2026-04-04 17:41:26] [ERROR] [User: 1] [IP: ::1] [Company: 1] Fatal error: Uncaught Error: Call to undefined function table_has_col() in C:\xampp\htdocs\JDH_POS\public\dashboard\home.php:265
Stack trace:
#0 {main}
  thrown in C:\xampp\htdocs\JDH_POS\public\dashboard\home.php on line 265
[2026-04-04 17:41:26] [ERROR] [User: 1] [IP: ::1] [Company: 1] Fatal error: Uncaught Error: Call to undefined function table_has_col() in C:\xampp\htdocs\JDH_POS\public\dashboard\home.php:265
Stack trace:
#0 {main}
  thrown in C:\xampp\htdocs\JDH_POS\public\dashboard\home.php on line 265
[2026-04-04 18:41:33] [ERROR] [User: 1] [IP: ::1] [Company: 1] Fatal error: Uncaught Error: Failed opening required 'C:\xampp\htdocs\JDH_POS\admin/components/sidebar.php' (include_path='C:\xampp\php\PEAR') in C:\xampp\htdocs\JDH_POS\admin\index.php:165
Stack trace:
#0 {main}
  thrown in C:\xampp\htdocs\JDH_POS\admin\index.php on line 165
[2026-04-04 18:44:57] [ERROR] [User: 1] [IP: ::1] [Company: 1] Fatal error: Uncaught Error: Failed opening required 'C:\xampp\htdocs\JDH_POS\admin/components/sidebar.php' (include_path='C:\xampp\php\PEAR') in C:\xampp\htdocs\JDH_POS\admin\index.php:165
Stack trace:
#0 {main}
  thrown in C:\xampp\htdocs\JDH_POS\admin\index.php on line 165
[2026-04-04 18:47:28] [ERROR] [User: 1] [IP: ::1] [Company: 1] Fatal error: Uncaught Error: Failed opening required 'C:\xampp\htdocs\JDH_POS\admin/components/sidebar.php' (include_path='C:\xampp\php\PEAR') in C:\xampp\htdocs\JDH_POS\admin\index.php:165
Stack trace:
#0 {main}
  thrown in C:\xampp\htdocs\JDH_POS\admin\index.php on line 165
[2026-04-04 18:50:24] [ERROR] [User: 1] [IP: ::1] [Company: 1] Fatal error: Uncaught Error: Failed opening required 'C:\xampp\htdocs\JDH_POS\admin/components/sidebar.php' (include_path='C:\xampp\php\PEAR') in C:\xampp\htdocs\JDH_POS\admin\index.php:165
Stack trace:
#0 {main}
  thrown in C:\xampp\htdocs\JDH_POS\admin\index.php on line 165
[2026-04-04 18:50:28] [ERROR] [User: 1] [IP: ::1] [Company: 1] Fatal error: Uncaught Error: Failed opening required 'C:\xampp\htdocs\JDH_POS\admin/components/sidebar.php' (include_path='C:\xampp\php\PEAR') in C:\xampp\htdocs\JDH_POS\admin\index.php:165
Stack trace:
#0 {main}
  thrown in C:\xampp\htdocs\JDH_POS\admin\index.php on line 165
[2026-04-04 18:53:00] [ERROR] [User: 1] [IP: ::1] [Company: 1] Fatal error: Uncaught Error: Failed opening required 'C:\xampp\htdocs\JDH_POS\admin/components/sidebar.php' (include_path='C:\xampp\php\PEAR') in C:\xampp\htdocs\JDH_POS\admin\index.php:165
Stack trace:
#0 {main}
  thrown in C:\xampp\htdocs\JDH_POS\admin\index.php on line 165
[2026-04-04 18:53:03] [ERROR] [User: 1] [IP: ::1] [Company: 1] Fatal error: Uncaught Error: Failed opening required 'C:\xampp\htdocs\JDH_POS\admin/components/sidebar.php' (include_path='C:\xampp\php\PEAR') in C:\xampp\htdocs\JDH_POS\admin\index.php:165
Stack trace:
#0 {main}
  thrown in C:\xampp\htdocs\JDH_POS\admin\index.php on line 165
[2026-04-04 18:55:48] [ERROR] [User: 1] [IP: ::1] [Company: 1] Fatal error: Uncaught Error: Failed opening required 'C:\xampp\htdocs\JDH_POS\admin/components/sidebar.php' (include_path='C:\xampp\php\PEAR') in C:\xampp\htdocs\JDH_POS\admin\index.php:165
Stack trace:
#0 {main}
  thrown in C:\xampp\htdocs\JDH_POS\admin\index.php on line 165
[2026-04-04 18:56:02] [ERROR] [User: 1] [IP: ::1] [Company: 1] Fatal error: Uncaught Error: Failed opening required 'C:\xampp\htdocs\JDH_POS\admin/components/sidebar.php' (include_path='C:\xampp\php\PEAR') in C:\xampp\htdocs\JDH_POS\admin\index.php:165
Stack trace:
#0 {main}
  thrown in C:\xampp\htdocs\JDH_POS\admin\index.php on line 165
[2026-04-04 18:56:08] [ERROR] [User: 1] [IP: ::1] [Company: 1] Fatal error: Uncaught Error: Failed opening required 'C:\xampp\htdocs\JDH_POS\admin/components/sidebar.php' (include_path='C:\xampp\php\PEAR') in C:\xampp\htdocs\JDH_POS\admin\index.php:165
Stack trace:
#0 {main}
  thrown in C:\xampp\htdocs\JDH_POS\admin\index.php on line 165
[2026-04-04 18:58:06] [ERROR] [User: 1] [IP: ::1] [Company: 1] Fatal error: Uncaught Error: Failed opening required 'C:\xampp\htdocs\JDH_POS\admin/components/sidebar.php' (include_path='C:\xampp\php\PEAR') in C:\xampp\htdocs\JDH_POS\admin\index.php:169
Stack trace:
#0 {main}
  thrown in C:\xampp\htdocs\JDH_POS\admin\index.php on line 169
[2026-04-04 18:58:09] [ERROR] [User: 1] [IP: ::1] [Company: 1] Fatal error: Uncaught Error: Failed opening required 'C:\xampp\htdocs\JDH_POS\admin/components/sidebar.php' (include_path='C:\xampp\php\PEAR') in C:\xampp\htdocs\JDH_POS\admin\index.php:169
Stack trace:
#0 {main}
  thrown in C:\xampp\htdocs\JDH_POS\admin\index.php on line 169
[2026-04-04 18:58:10] [ERROR] [User: 1] [IP: ::1] [Company: 1] Fatal error: Uncaught Error: Failed opening required 'C:\xampp\htdocs\JDH_POS\admin/components/sidebar.php' (include_path='C:\xampp\php\PEAR') in C:\xampp\htdocs\JDH_POS\admin\index.php:169
Stack trace:
#0 {main}
  thrown in C:\xampp\htdocs\JDH_POS\admin\index.php on line 169
[2026-04-04 19:02:26] [ERROR] [User: 1] [IP: ::1] [Company: 1] Fatal error: Uncaught Error: Failed opening required 'C:\xampp\htdocs\JDH_POS\admin/components/sidebar.php' (include_path='C:\xampp\php\PEAR') in C:\xampp\htdocs\JDH_POS\admin\index.php:172
Stack trace:
#0 {main}
  thrown in C:\xampp\htdocs\JDH_POS\admin\index.php on line 172
[2026-04-04 19:02:30] [ERROR] [User: 1] [IP: ::1] [Company: 1] Fatal error: Uncaught Error: Failed opening required 'C:\xampp\htdocs\JDH_POS\admin/components/sidebar.php' (include_path='C:\xampp\php\PEAR') in C:\xampp\htdocs\JDH_POS\admin\index.php:172
Stack trace:
#0 {main}
  thrown in C:\xampp\htdocs\JDH_POS\admin\index.php on line 172
[2026-04-04 19:03:54] [ERROR] [User: 1] [IP: ::1] [Company: 1] Fatal error: Uncaught Error: Failed opening required 'C:\xampp\htdocs\JDH_POS\admin/components/sidebar.php' (include_path='C:\xampp\php\PEAR') in C:\xampp\htdocs\JDH_POS\admin\index.php:169
Stack trace:
#0 {main}
  thrown in C:\xampp\htdocs\JDH_POS\admin\index.php on line 169
[2026-04-04 19:05:50] [ERROR] [User: 1] [IP: ::1] [Company: 1] Fatal error: Uncaught Error: Failed opening required 'C:\xampp\htdocs\JDH_POS\admin/components/sidebar.php' (include_path='C:\xampp\php\PEAR') in C:\xampp\htdocs\JDH_POS\admin\index.php:169
Stack trace:
#0 {main}
  thrown in C:\xampp\htdocs\JDH_POS\admin\index.php on line 169
[2026-04-04 19:08:52] [ERROR] [User: 1] [IP: ::1] [Company: 1] Fatal error: Uncaught Error: Failed opening required 'C:\xampp\htdocs\JDH_POS\admin/components/sidebar.php' (include_path='C:\xampp\php\PEAR') in C:\xampp\htdocs\JDH_POS\admin\index.php:169
Stack trace:
#0 {main}
  thrown in C:\xampp\htdocs\JDH_POS\admin\index.php on line 169
[2026-04-04 19:19:54] [ERROR] [User: 1] [IP: ::1] [Company: 1] Fatal error: Uncaught Error: Failed opening required 'C:\xampp\htdocs\JDH_POS\admin/components/sidebar.php' (include_path='C:\xampp\php\PEAR') in C:\xampp\htdocs\JDH_POS\admin\index.php:290
Stack trace:
#0 {main}
  thrown in C:\xampp\htdocs\JDH_POS\admin\index.php on line 290
[2026-04-04 19:24:28] [ERROR] [User: 1] [IP: ::1] [Company: 1] Fatal error: Uncaught Error: Failed opening required 'C:\xampp\htdocs\JDH_POS\admin/components/sidebar.php' (include_path='C:\xampp\php\PEAR') in C:\xampp\htdocs\JDH_POS\admin\index.php:281
Stack trace:
#0 {main}
  thrown in C:\xampp\htdocs\JDH_POS\admin\index.php on line 281
[2026-04-04 19:28:11] [ERROR] [User: 1] [IP: ::1] [Company: 1] Fatal error: Uncaught Error: Failed opening required 'C:\xampp\htdocs\JDH_POS\admin/components/sidebar.php' (include_path='C:\xampp\php\PEAR') in C:\xampp\htdocs\JDH_POS\admin\index.php:273
Stack trace:
#0 {main}
  thrown in C:\xampp\htdocs\JDH_POS\admin\index.php on line 273
[2026-04-04 19:29:37] [ERROR] [User: 1] [IP: ::1] [Company: 1] Fatal error: Uncaught Error: Failed opening required 'C:\xampp\htdocs\JDH_POS\admin/components/sidebar.php' (include_path='C:\xampp\php\PEAR') in C:\xampp\htdocs\JDH_POS\admin\index.php:273
Stack trace:
#0 {main}
  thrown in C:\xampp\htdocs\JDH_POS\admin\index.php on line 273
[2026-04-04 19:34:10] [ERROR] [User: 1] [IP: ::1] [Company: 1] Fatal error: Uncaught Error: Failed opening required 'C:\xampp\htdocs\JDH_POS\admin/components/sidebar.php' (include_path='C:\xampp\php\PEAR') in C:\xampp\htdocs\JDH_POS\admin\index.php:273
Stack trace:
#0 {main}
  thrown in C:\xampp\htdocs\JDH_POS\admin\index.php on line 273
[2026-04-04 19:35:34] [ERROR] [User: 1] [IP: ::1] [Company: 1] Fatal error: Uncaught Error: Failed opening required 'C:\xampp\htdocs\JDH_POS\admin/components/sidebar.php' (include_path='C:\xampp\php\PEAR') in C:\xampp\htdocs\JDH_POS\admin\index.php:273
Stack trace:
#0 {main}
  thrown in C:\xampp\htdocs\JDH_POS\admin\index.php on line 273
[2026-04-04 19:41:14] [ERROR] [User: 1] [IP: ::1] [Company: 1] Fatal error: Uncaught Error: Failed opening required 'C:\xampp\htdocs\JDH_POS\admin/components/sidebar.php' (include_path='C:\xampp\php\PEAR') in C:\xampp\htdocs\JDH_POS\admin\index.php:273
Stack trace:
#0 {main}
  thrown in C:\xampp\htdocs\JDH_POS\admin\index.php on line 273
[2026-04-04 19:41:15] [ERROR] [User: 1] [IP: ::1] [Company: 1] Fatal error: Uncaught Error: Failed opening required 'C:\xampp\htdocs\JDH_POS\admin/components/sidebar.php' (include_path='C:\xampp\php\PEAR') in C:\xampp\htdocs\JDH_POS\admin\index.php:273
Stack trace:
#0 {main}
  thrown in C:\xampp\htdocs\JDH_POS\admin\index.php on line 273
[2026-04-04 20:54:50] [ERROR] [User: 1] [IP: ::1] [Company: 1] Fatal error: Uncaught Error: Failed opening required 'C:\xampp\htdocs\JDH_POS\admin/components/sidebar.php' (include_path='C:\xampp\php\PEAR') in C:\xampp\htdocs\JDH_POS\admin\index.php:273
Stack trace:
#0 {main}
  thrown in C:\xampp\htdocs\JDH_POS\admin\index.php on line 273
[2026-04-04 20:57:58] [ERROR] [User: 1] [IP: ::1] [Company: 1] Fatal error: Uncaught Error: Failed opening required 'C:\xampp\htdocs\JDH_POS\admin/components/sidebar.php' (include_path='C:\xampp\php\PEAR') in C:\xampp\htdocs\JDH_POS\admin\index.php:273
Stack trace:
#0 {main}
  thrown in C:\xampp\htdocs\JDH_POS\admin\index.php on line 273
[2026-04-04 21:18:01] [ERROR] [User: 1] [IP: ::1] [Company: 1] Fatal error: Uncaught PDOException: SQLSTATE[42S02]: Base table or view not found: 1146 Table 'jakababa_pos.user_branches' doesn't exist in C:\xampp\htdocs\JDH_POS\public\branches\branches.php:282
Stack trace:
#0 C:\xampp\htdocs\JDH_POS\public\branches\branches.php(282): PDO->prepare('\n    SELECT \n  ...')
#1 {main}
  thrown in C:\xampp\htdocs\JDH_POS\public\branches\branches.php on line 282
[2026-04-04 21:18:09] [ERROR] [User: 1] [IP: ::1] [Company: 1] Fatal error: Uncaught PDOException: SQLSTATE[42S02]: Base table or view not found: 1146 Table 'jakababa_pos.user_branches' doesn't exist in C:\xampp\htdocs\JDH_POS\public\branches\branches.php:282
Stack trace:
#0 C:\xampp\htdocs\JDH_POS\public\branches\branches.php(282): PDO->prepare('\n    SELECT \n  ...')
#1 {main}
  thrown in C:\xampp\htdocs\JDH_POS\public\branches\branches.php on line 282
[2026-04-04 22:12:51] [ERROR] [User: 1] [IP: ::1] [Company: 1] Fatal error: Uncaught Error: Failed opening required 'C:\xampp\htdocs\JDH_POS\admin/components/sidebar.php' (include_path='C:\xampp\php\PEAR') in C:\xampp\htdocs\JDH_POS\admin\index.php:273
Stack trace:
#0 {main}
  thrown in C:\xampp\htdocs\JDH_POS\admin\index.php on line 273
[2026-04-04 22:12:56] [ERROR] [User: 1] [IP: ::1] [Company: 1] Fatal error: Uncaught Error: Failed opening required 'C:\xampp\htdocs\JDH_POS\admin/components/sidebar.php' (include_path='C:\xampp\php\PEAR') in C:\xampp\htdocs\JDH_POS\admin\index.php:273
Stack trace:
#0 {main}
  thrown in C:\xampp\htdocs\JDH_POS\admin\index.php on line 273
