[2026-05-12 08:53:19] [ERROR] [User: 2] [IP: ::1] [Company: 1] Fatal error: Uncaught PDOException: SQLSTATE[42S22]: Column not found: 1054 Unknown column 'receipt_number' in 'field list' in C:\xampp\htdocs\JDH_POS\public\ajax\global_search.php:63
Stack trace:
#0 C:\xampp\htdocs\JDH_POS\public\ajax\global_search.php(63): PDO->prepare('\n        SELECT...')
#1 C:\xampp\htdocs\JDH_POS\public\ajax\global_search.php(21): perform_global_search(Object(PDO), 1, 'ro', 2)
#2 {main}
  thrown in C:\xampp\htdocs\JDH_POS\public\ajax\global_search.php on line 63
[2026-05-12 08:53:22] [ERROR] [User: 2] [IP: ::1] [Company: 1] Fatal error: Uncaught PDOException: SQLSTATE[42S22]: Column not found: 1054 Unknown column 'receipt_number' in 'field list' in C:\xampp\htdocs\JDH_POS\public\ajax\global_search.php:63
Stack trace:
#0 C:\xampp\htdocs\JDH_POS\public\ajax\global_search.php(63): PDO->prepare('\n        SELECT...')
#1 C:\xampp\htdocs\JDH_POS\public\ajax\global_search.php(21): perform_global_search(Object(PDO), 1, 'rom', 2)
#2 {main}
  thrown in C:\xampp\htdocs\JDH_POS\public\ajax\global_search.php on line 63
[2026-05-12 08:53:24] [ERROR] [User: 2] [IP: ::1] [Company: 1] Fatal error: Uncaught PDOException: SQLSTATE[42S22]: Column not found: 1054 Unknown column 'receipt_number' in 'field list' in C:\xampp\htdocs\JDH_POS\public\ajax\global_search.php:63
Stack trace:
#0 C:\xampp\htdocs\JDH_POS\public\ajax\global_search.php(63): PDO->prepare('\n        SELECT...')
#1 C:\xampp\htdocs\JDH_POS\public\ajax\global_search.php(21): perform_global_search(Object(PDO), 1, 'ro', 2)
#2 {main}
  thrown in C:\xampp\htdocs\JDH_POS\public\ajax\global_search.php on line 63
[2026-05-12 08:53:26] [ERROR] [User: 2] [IP: ::1] [Company: 1] Fatal error: Uncaught PDOException: SQLSTATE[42S22]: Column not found: 1054 Unknown column 'receipt_number' in 'field list' in C:\xampp\htdocs\JDH_POS\public\ajax\global_search.php:63
Stack trace:
#0 C:\xampp\htdocs\JDH_POS\public\ajax\global_search.php(63): PDO->prepare('\n        SELECT...')
#1 C:\xampp\htdocs\JDH_POS\public\ajax\global_search.php(21): perform_global_search(Object(PDO), 1, 'user', 2)
#2 {main}
  thrown in C:\xampp\htdocs\JDH_POS\public\ajax\global_search.php on line 63
[2026-05-12 08:53:29] [ERROR] [User: 2] [IP: ::1] [Company: 1] Fatal error: Uncaught PDOException: SQLSTATE[42S22]: Column not found: 1054 Unknown column 'receipt_number' in 'field list' in C:\xampp\htdocs\JDH_POS\public\ajax\global_search.php:63
Stack trace:
#0 C:\xampp\htdocs\JDH_POS\public\ajax\global_search.php(63): PDO->prepare('\n        SELECT...')
#1 C:\xampp\htdocs\JDH_POS\public\ajax\global_search.php(21): perform_global_search(Object(PDO), 1, 'us', 2)
#2 {main}
  thrown in C:\xampp\htdocs\JDH_POS\public\ajax\global_search.php on line 63
[2026-05-12 08:53:40] [ERROR] [User: 2] [IP: ::1] [Company: 1] Fatal error: Uncaught PDOException: SQLSTATE[42S22]: Column not found: 1054 Unknown column 'receipt_number' in 'field list' in C:\xampp\htdocs\JDH_POS\public\ajax\global_search.php:63
Stack trace:
#0 C:\xampp\htdocs\JDH_POS\public\ajax\global_search.php(63): PDO->prepare('\n        SELECT...')
#1 C:\xampp\htdocs\JDH_POS\public\ajax\global_search.php(21): perform_global_search(Object(PDO), 1, 'ou', 2)
#2 {main}
  thrown in C:\xampp\htdocs\JDH_POS\public\ajax\global_search.php on line 63
[2026-05-12 08:53:40] [ERROR] [User: 2] [IP: ::1] [Company: 1] Fatal error: Uncaught PDOException: SQLSTATE[42S22]: Column not found: 1054 Unknown column 'receipt_number' in 'field list' in C:\xampp\htdocs\JDH_POS\public\ajax\global_search.php:63
Stack trace:
#0 C:\xampp\htdocs\JDH_POS\public\ajax\global_search.php(63): PDO->prepare('\n        SELECT...')
#1 C:\xampp\htdocs\JDH_POS\public\ajax\global_search.php(21): perform_global_search(Object(PDO), 1, 'out', 2)
#2 {main}
  thrown in C:\xampp\htdocs\JDH_POS\public\ajax\global_search.php on line 63
[2026-05-12 08:53:43] [ERROR] [User: 2] [IP: ::1] [Company: 1] Fatal error: Uncaught PDOException: SQLSTATE[42S22]: Column not found: 1054 Unknown column 'receipt_number' in 'field list' in C:\xampp\htdocs\JDH_POS\public\ajax\global_search.php:63
Stack trace:
#0 C:\xampp\htdocs\JDH_POS\public\ajax\global_search.php(63): PDO->prepare('\n        SELECT...')
#1 C:\xampp\htdocs\JDH_POS\public\ajax\global_search.php(21): perform_global_search(Object(PDO), 1, 'ou', 2)
#2 {main}
  thrown in C:\xampp\htdocs\JDH_POS\public\ajax\global_search.php on line 63
[2026-05-12 08:58:10] [ERROR] [User: 2] [IP: ::1] [Company: 1] Fatal error: Uncaught PDOException: SQLSTATE[42S22]: Column not found: 1054 Unknown column 'receipt_number' in 'field list' in C:\xampp\htdocs\JDH_POS\public\ajax\global_search.php:63
Stack trace:
#0 C:\xampp\htdocs\JDH_POS\public\ajax\global_search.php(63): PDO->prepare('\n        SELECT...')
#1 C:\xampp\htdocs\JDH_POS\public\ajax\global_search.php(21): perform_global_search(Object(PDO), 1, 'ro', 2)
#2 {main}
  thrown in C:\xampp\htdocs\JDH_POS\public\ajax\global_search.php on line 63
[2026-05-12 13:42:04] [ERROR] [User: 2] [IP: ::1] [Company: 1] Fatal error: Uncaught PDOException: SQLSTATE[42S22]: Column not found: 1054 Unknown column 'api_key' in 'field list' in C:\xampp\htdocs\JDH_POS\public\mobile_pos.php:37
Stack trace:
#0 C:\xampp\htdocs\JDH_POS\public\mobile_pos.php(37): PDO->prepare('SELECT api_key ...')
#1 {main}
  thrown in C:\xampp\htdocs\JDH_POS\public\mobile_pos.php on line 37
[2026-05-12 13:55:15] [ERROR] [User: 2] [IP: ::1] [Company: 1] Fatal error: Uncaught PDOException: SQLSTATE[42S22]: Column not found: 1054 Unknown column 'api_key' in 'field list' in C:\xampp\htdocs\JDH_POS\public\mobile_pos.php:37
Stack trace:
#0 C:\xampp\htdocs\JDH_POS\public\mobile_pos.php(37): PDO->prepare('SELECT api_key ...')
#1 {main}
  thrown in C:\xampp\htdocs\JDH_POS\public\mobile_pos.php on line 37
[2026-05-12 14:01:02] [ERROR] [User: 2] [IP: ::1] [Company: 1] Fatal error: Uncaught PDOException: SQLSTATE[42S22]: Column not found: 1054 Unknown column 'api_key' in 'field list' in C:\xampp\htdocs\JDH_POS\public\mobile_pos.php:37
Stack trace:
#0 C:\xampp\htdocs\JDH_POS\public\mobile_pos.php(37): PDO->prepare('SELECT api_key ...')
#1 {main}
  thrown in C:\xampp\htdocs\JDH_POS\public\mobile_pos.php on line 37
[2026-05-12 14:01:05] [ERROR] [User: 2] [IP: ::1] [Company: 1] Fatal error: Uncaught PDOException: SQLSTATE[42S22]: Column not found: 1054 Unknown column 'api_key' in 'field list' in C:\xampp\htdocs\JDH_POS\public\mobile_pos.php:37
Stack trace:
#0 C:\xampp\htdocs\JDH_POS\public\mobile_pos.php(37): PDO->prepare('SELECT api_key ...')
#1 {main}
  thrown in C:\xampp\htdocs\JDH_POS\public\mobile_pos.php on line 37
[2026-05-12 14:02:50] [ERROR] [User: 2] [IP: ::1] [Company: 1] Fatal error: Uncaught PDOException: SQLSTATE[42S22]: Column not found: 1054 Unknown column 'api_key' in 'field list' in C:\xampp\htdocs\JDH_POS\public\mobile_pos.php:37
Stack trace:
#0 C:\xampp\htdocs\JDH_POS\public\mobile_pos.php(37): PDO->prepare('SELECT api_key ...')
#1 {main}
  thrown in C:\xampp\htdocs\JDH_POS\public\mobile_pos.php on line 37
[2026-05-12 14:05:48] [ERROR] [User: 2] [IP: ::1] [Company: 1] Fatal error: Uncaught PDOException: SQLSTATE[42S22]: Column not found: 1054 Unknown column 'api_key' in 'field list' in C:\xampp\htdocs\JDH_POS\public\mobile_pos.php:37
Stack trace:
#0 C:\xampp\htdocs\JDH_POS\public\mobile_pos.php(37): PDO->prepare('SELECT api_key ...')
#1 {main}
  thrown in C:\xampp\htdocs\JDH_POS\public\mobile_pos.php on line 37
[2026-05-12 14:08:14] [ERROR] [User: 2] [IP: ::1] [Company: 1] Fatal error: Uncaught PDOException: SQLSTATE[42S22]: Column not found: 1054 Unknown column 'api_key' in 'field list' in C:\xampp\htdocs\JDH_POS\public\mobile_pos.php:37
Stack trace:
#0 C:\xampp\htdocs\JDH_POS\public\mobile_pos.php(37): PDO->prepare('SELECT api_key ...')
#1 {main}
  thrown in C:\xampp\htdocs\JDH_POS\public\mobile_pos.php on line 37
[2026-05-12 14:11:11] [ERROR] [User: 2] [IP: ::1] [Company: 1] Fatal error: Uncaught PDOException: SQLSTATE[42S22]: Column not found: 1054 Unknown column 'api_key' in 'field list' in C:\xampp\htdocs\JDH_POS\public\mobile_pos.php:37
Stack trace:
#0 C:\xampp\htdocs\JDH_POS\public\mobile_pos.php(37): PDO->prepare('SELECT api_key ...')
#1 {main}
  thrown in C:\xampp\htdocs\JDH_POS\public\mobile_pos.php on line 37
[2026-05-12 14:12:21] [ERROR] [User: 2] [IP: ::1] [Company: 1] Fatal error: Uncaught PDOException: SQLSTATE[42S22]: Column not found: 1054 Unknown column 'api_key' in 'field list' in C:\xampp\htdocs\JDH_POS\public\mobile_pos.php:37
Stack trace:
#0 C:\xampp\htdocs\JDH_POS\public\mobile_pos.php(37): PDO->prepare('SELECT api_key ...')
#1 {main}
  thrown in C:\xampp\htdocs\JDH_POS\public\mobile_pos.php on line 37
[2026-05-12 14:14:24] [ERROR] [User: 2] [IP: ::1] [Company: 1] Fatal error: Uncaught PDOException: SQLSTATE[42S22]: Column not found: 1054 Unknown column 'api_key' in 'field list' in C:\xampp\htdocs\JDH_POS\public\mobile_pos.php:37
Stack trace:
#0 C:\xampp\htdocs\JDH_POS\public\mobile_pos.php(37): PDO->prepare('SELECT api_key ...')
#1 {main}
  thrown in C:\xampp\htdocs\JDH_POS\public\mobile_pos.php on line 37
[2026-05-12 14:16:18] [ERROR] [User: 2] [IP: ::1] [Company: 1] Fatal error: Uncaught PDOException: SQLSTATE[42S22]: Column not found: 1054 Unknown column 'api_key' in 'field list' in C:\xampp\htdocs\JDH_POS\public\mobile_pos.php:37
Stack trace:
#0 C:\xampp\htdocs\JDH_POS\public\mobile_pos.php(37): PDO->prepare('SELECT api_key ...')
#1 {main}
  thrown in C:\xampp\htdocs\JDH_POS\public\mobile_pos.php on line 37
[2026-05-12 14:16:21] [ERROR] [User: 2] [IP: ::1] [Company: 1] Fatal error: Uncaught PDOException: SQLSTATE[42S22]: Column not found: 1054 Unknown column 'api_key' in 'field list' in C:\xampp\htdocs\JDH_POS\public\mobile_pos.php:37
Stack trace:
#0 C:\xampp\htdocs\JDH_POS\public\mobile_pos.php(37): PDO->prepare('SELECT api_key ...')
#1 {main}
  thrown in C:\xampp\htdocs\JDH_POS\public\mobile_pos.php on line 37
[2026-05-12 14:20:41] [ERROR] [User: 2] [IP: ::1] [Company: 1] Fatal error: Uncaught PDOException: SQLSTATE[42S22]: Column not found: 1054 Unknown column 'api_key' in 'field list' in C:\xampp\htdocs\JDH_POS\public\mobile_pos.php:37
Stack trace:
#0 C:\xampp\htdocs\JDH_POS\public\mobile_pos.php(37): PDO->prepare('SELECT api_key ...')
#1 {main}
  thrown in C:\xampp\htdocs\JDH_POS\public\mobile_pos.php on line 37
[2026-05-12 14:20:53] [ERROR] [User: 2] [IP: ::1] [Company: 1] Fatal error: Uncaught PDOException: SQLSTATE[42S22]: Column not found: 1054 Unknown column 'api_key' in 'field list' in C:\xampp\htdocs\JDH_POS\public\mobile_pos.php:37
Stack trace:
#0 C:\xampp\htdocs\JDH_POS\public\mobile_pos.php(37): PDO->prepare('SELECT api_key ...')
#1 {main}
  thrown in C:\xampp\htdocs\JDH_POS\public\mobile_pos.php on line 37
[2026-05-12 14:21:14] [ERROR] [User: 2] [IP: ::1] [Company: 1] Fatal error: Uncaught PDOException: SQLSTATE[42S22]: Column not found: 1054 Unknown column 'api_key' in 'field list' in C:\xampp\htdocs\JDH_POS\public\mobile_pos.php:37
Stack trace:
#0 C:\xampp\htdocs\JDH_POS\public\mobile_pos.php(37): PDO->prepare('SELECT api_key ...')
#1 {main}
  thrown in C:\xampp\htdocs\JDH_POS\public\mobile_pos.php on line 37
[2026-05-12 14:21:36] [ERROR] [User: 2] [IP: ::1] [Company: 1] Fatal error: Uncaught PDOException: SQLSTATE[42S22]: Column not found: 1054 Unknown column 'api_key' in 'field list' in C:\xampp\htdocs\JDH_POS\public\mobile_pos.php:37
Stack trace:
#0 C:\xampp\htdocs\JDH_POS\public\mobile_pos.php(37): PDO->prepare('SELECT api_key ...')
#1 {main}
  thrown in C:\xampp\htdocs\JDH_POS\public\mobile_pos.php on line 37
[2026-05-12 14:23:21] [ERROR] [User: 2] [IP: ::1] [Company: 1] Fatal error: Uncaught PDOException: SQLSTATE[42S22]: Column not found: 1054 Unknown column 'api_key' in 'field list' in C:\xampp\htdocs\JDH_POS\public\mobile_pos.php:37
Stack trace:
#0 C:\xampp\htdocs\JDH_POS\public\mobile_pos.php(37): PDO->prepare('SELECT api_key ...')
#1 {main}
  thrown in C:\xampp\htdocs\JDH_POS\public\mobile_pos.php on line 37
[2026-05-12 14:27:03] [ERROR] [User: 2] [IP: ::1] [Company: 1] Fatal error: Uncaught PDOException: SQLSTATE[42S22]: Column not found: 1054 Unknown column 'api_key' in 'field list' in C:\xampp\htdocs\JDH_POS\public\mobile_pos.php:37
Stack trace:
#0 C:\xampp\htdocs\JDH_POS\public\mobile_pos.php(37): PDO->prepare('SELECT api_key ...')
#1 {main}
  thrown in C:\xampp\htdocs\JDH_POS\public\mobile_pos.php on line 37
[2026-05-12 14:27:19] [ERROR] [User: 2] [IP: ::1] [Company: 1] Fatal error: Uncaught PDOException: SQLSTATE[42S22]: Column not found: 1054 Unknown column 'api_key' in 'field list' in C:\xampp\htdocs\JDH_POS\public\mobile_pos.php:37
Stack trace:
#0 C:\xampp\htdocs\JDH_POS\public\mobile_pos.php(37): PDO->prepare('SELECT api_key ...')
#1 {main}
  thrown in C:\xampp\htdocs\JDH_POS\public\mobile_pos.php on line 37
[2026-05-12 14:28:33] [ERROR] [User: 2] [IP: ::1] [Company: 1] Fatal error: Uncaught PDOException: SQLSTATE[42S22]: Column not found: 1054 Unknown column 'api_key' in 'field list' in C:\xampp\htdocs\JDH_POS\public\mobile_pos.php:37
Stack trace:
#0 C:\xampp\htdocs\JDH_POS\public\mobile_pos.php(37): PDO->prepare('SELECT api_key ...')
#1 {main}
  thrown in C:\xampp\htdocs\JDH_POS\public\mobile_pos.php on line 37
[2026-05-12 14:32:57] [ERROR] [User: 2] [IP: ::1] [Company: 1] Fatal error: Uncaught PDOException: SQLSTATE[42S22]: Column not found: 1054 Unknown column 'api_key' in 'field list' in C:\xampp\htdocs\JDH_POS\public\mobile_pos.php:37
Stack trace:
#0 C:\xampp\htdocs\JDH_POS\public\mobile_pos.php(37): PDO->prepare('SELECT api_key ...')
#1 {main}
  thrown in C:\xampp\htdocs\JDH_POS\public\mobile_pos.php on line 37
[2026-05-12 15:34:05] [ERROR] [User: 2] [IP: ::1] [Company: 1] Fatal error: Maximum execution time of 120 seconds exceeded in C:\xampp\htdocs\JDH_POS\public\api\stock-events.php on line 54
[2026-05-12 15:34:05] [ERROR] [User: 2] [IP: ::1] [Company: 1] Fatal error: Maximum execution time of 120 seconds exceeded in C:\xampp\htdocs\JDH_POS\src\auth.php on line 55
[2026-05-12 15:36:06] [ERROR] [User: 2] [IP: ::1] [Company: 1] Fatal error: Maximum execution time of 120 seconds exceeded in C:\xampp\htdocs\JDH_POS\public\api\stock-events.php on line 54
[2026-05-12 15:36:06] [ERROR] [User: 2] [IP: ::1] [Company: 1] Fatal error: Maximum execution time of 120 seconds exceeded in C:\xampp\htdocs\JDH_POS\src\auth.php on line 55
[2026-05-12 15:39:23] [ERROR] [User: 2] [IP: ::1] [Company: 1] Fatal error: Maximum execution time of 120 seconds exceeded in C:\xampp\htdocs\JDH_POS\public\api\stock-events.php on line 54
[2026-05-12 15:39:23] [ERROR] [User: 2] [IP: ::1] [Company: 1] Fatal error: Maximum execution time of 120 seconds exceeded in C:\xampp\htdocs\JDH_POS\src\auth.php on line 55
[2026-05-12 15:41:27] [ERROR] [User: 2] [IP: ::1] [Company: 1] Fatal error: Maximum execution time of 120 seconds exceeded in C:\xampp\htdocs\JDH_POS\public\api\stock-events.php on line 54
[2026-05-12 15:43:32] [ERROR] [User: 2] [IP: ::1] [Company: 1] Fatal error: Maximum execution time of 120 seconds exceeded in C:\xampp\htdocs\JDH_POS\public\api\stock-events.php on line 54
[2026-05-12 15:45:41] [ERROR] [User: 2] [IP: ::1] [Company: 1] Fatal error: Maximum execution time of 120 seconds exceeded in C:\xampp\htdocs\JDH_POS\public\api\stock-events.php on line 54
[2026-05-12 15:48:00] [ERROR] [User: 2] [IP: ::1] [Company: 1] Fatal error: Maximum execution time of 120 seconds exceeded in C:\xampp\htdocs\JDH_POS\public\api\stock-events.php on line 54
[2026-05-12 15:50:31] [ERROR] [User: 2] [IP: ::1] [Company: 1] Fatal error: Maximum execution time of 120 seconds exceeded in C:\xampp\htdocs\JDH_POS\public\api\stock-events.php on line 54
[2026-05-12 15:52:51] [ERROR] [User: 2] [IP: ::1] [Company: 1] Fatal error: Maximum execution time of 120 seconds exceeded in C:\xampp\htdocs\JDH_POS\public\api\stock-events.php on line 54
[2026-05-12 15:52:51] [ERROR] [User: 2] [IP: ::1] [Company: 1] Fatal error: Maximum execution time of 120 seconds exceeded in C:\xampp\htdocs\JDH_POS\src\auth.php on line 55
[2026-05-12 16:18:34] [ERROR] [User: 2] [IP: ::1] [Company: 1] Fatal error: Maximum execution time of 120 seconds exceeded in C:\xampp\htdocs\JDH_POS\public\api\stock-events.php on line 54
[2026-05-12 16:18:34] [ERROR] [User: 2] [IP: ::1] [Company: 1] Fatal error: Maximum execution time of 120 seconds exceeded in C:\xampp\htdocs\JDH_POS\src\auth.php on line 55
[2026-05-12 16:18:35] [ERROR] [User: 2] [IP: ::1] [Company: 1] Fatal error: Uncaught PDOException: SQLSTATE[42S22]: Column not found: 1054 Unknown column 'api_key' in 'field list' in C:\xampp\htdocs\JDH_POS\public\mobile_pos.php:37
Stack trace:
#0 C:\xampp\htdocs\JDH_POS\public\mobile_pos.php(37): PDO->prepare('SELECT api_key ...')
#1 {main}
  thrown in C:\xampp\htdocs\JDH_POS\public\mobile_pos.php on line 37
[2026-05-12 16:20:34] [ERROR] [User: 2] [IP: ::1] [Company: 1] Fatal error: Maximum execution time of 120 seconds exceeded in C:\xampp\htdocs\JDH_POS\public\api\stock-events.php on line 54
[2026-05-12 16:21:52] [ERROR] [User: 2] [IP: ::1] [Company: 1] Fatal error: Maximum execution time of 120 seconds exceeded in C:\xampp\htdocs\JDH_POS\public\api\stock-events.php on line 54
[2026-05-12 16:21:52] [ERROR] [User: 2] [IP: ::1] [Company: 1] Fatal error: Maximum execution time of 120 seconds exceeded in C:\xampp\htdocs\JDH_POS\src\auth.php on line 55
[2026-05-12 16:21:52] [ERROR] [User: 2] [IP: ::1] [Company: 1] Fatal error: Maximum execution time of 120 seconds exceeded in C:\xampp\htdocs\JDH_POS\src\DashboardRepository.php on line 158
[2026-05-12 16:23:04] [ERROR] [User: 2] [IP: ::1] [Company: 1] Fatal error: Maximum execution time of 120 seconds exceeded in C:\xampp\htdocs\JDH_POS\public\api\stock-events.php on line 54
[2026-05-12 16:23:05] [ERROR] [User: 2] [IP: ::1] [Company: 1] Fatal error: Uncaught PDOException: SQLSTATE[42S22]: Column not found: 1054 Unknown column 'api_key' in 'field list' in C:\xampp\htdocs\JDH_POS\public\mobile_pos.php:37
Stack trace:
#0 C:\xampp\htdocs\JDH_POS\public\mobile_pos.php(37): PDO->prepare('SELECT api_key ...')
#1 {main}
  thrown in C:\xampp\htdocs\JDH_POS\public\mobile_pos.php on line 37
[2026-05-12 16:25:10] [ERROR] [User: 2] [IP: ::1] [Company: 1] Fatal error: Maximum execution time of 120 seconds exceeded in C:\xampp\htdocs\JDH_POS\public\api\stock-events.php on line 54
[2026-05-12 16:25:10] [ERROR] [User: 2] [IP: ::1] [Company: 1] Fatal error: Maximum execution time of 120 seconds exceeded in C:\xampp\htdocs\JDH_POS\src\auth.php on line 55
[2026-05-12 16:32:37] [ERROR] [User: 2] [IP: ::1] [Company: 1] Fatal error: Maximum execution time of 120 seconds exceeded in C:\xampp\htdocs\JDH_POS\public\api\stock-events.php on line 54
[2026-05-12 16:46:57] [ERROR] [User: 2] [IP: ::1] [Company: 1] Fatal error: Maximum execution time of 120 seconds exceeded in C:\xampp\htdocs\JDH_POS\public\api\stock-events.php on line 54
[2026-05-12 16:47:09] [ERROR] [User: 2] [IP: ::1] [Company: 1] Fatal error: Maximum execution time of 120 seconds exceeded in C:\xampp\htdocs\JDH_POS\public\api\stock-events.php on line 54
[2026-05-12 16:48:24] [ERROR] [User: 2] [IP: ::1] [Company: 1] Fatal error: Maximum execution time of 120 seconds exceeded in C:\xampp\htdocs\JDH_POS\public\api\stock-events.php on line 54
[2026-05-12 16:48:41] [ERROR] [User: 2] [IP: ::1] [Company: 1] Fatal error: Maximum execution time of 120 seconds exceeded in C:\xampp\htdocs\JDH_POS\public\api\stock-events.php on line 54
[2026-05-12 16:48:41] [ERROR] [User: 2] [IP: ::1] [Company: 1] Fatal error: Maximum execution time of 120 seconds exceeded in C:\xampp\htdocs\JDH_POS\src\auth.php on line 55
[2026-05-12 16:49:11] [ERROR] [User: 2] [IP: ::1] [Company: 1] Fatal error: Maximum execution time of 120 seconds exceeded in C:\xampp\htdocs\JDH_POS\public\api\stock-events.php on line 54
[2026-05-12 16:49:11] [ERROR] [User: 2] [IP: ::1] [Company: 1] Fatal error: Maximum execution time of 120 seconds exceeded in C:\xampp\htdocs\JDH_POS\src\auth.php on line 55
[2026-05-12 16:49:11] [ERROR] [User: 2] [IP: ::1] [Company: 1] Fatal error: Maximum execution time of 120 seconds exceeded in C:\xampp\htdocs\JDH_POS\src\auth.php on line 55
[2026-05-12 16:50:40] [ERROR] [User: 2] [IP: ::1] [Company: 1] Fatal error: Maximum execution time of 120 seconds exceeded in C:\xampp\htdocs\JDH_POS\public\api\stock-events.php on line 54
[2026-05-12 16:50:40] [ERROR] [User: 2] [IP: ::1] [Company: 1] Fatal error: Maximum execution time of 120 seconds exceeded in C:\xampp\htdocs\JDH_POS\src\auth.php on line 55
[2026-05-12 16:50:40] [ERROR] [User: 2] [IP: ::1] [Company: 1] Fatal error: Maximum execution time of 120 seconds exceeded in C:\xampp\htdocs\JDH_POS\src\auth.php on line 55
[2026-05-12 16:51:44] [ERROR] [User: 2] [IP: ::1] [Company: 1] Fatal error: Maximum execution time of 120 seconds exceeded in C:\xampp\htdocs\JDH_POS\public\api\stock-events.php on line 54
[2026-05-12 17:01:25] [ERROR] [User: 2] [IP: ::1] [Company: 1] Fatal error: Maximum execution time of 120 seconds exceeded in C:\xampp\htdocs\JDH_POS\public\api\stock-events.php on line 54
[2026-05-12 17:01:48] [ERROR] [User: 2] [IP: ::1] [Company: 1] Fatal error: Maximum execution time of 120 seconds exceeded in C:\xampp\htdocs\JDH_POS\public\api\stock-events.php on line 54
[2026-05-12 17:02:30] [ERROR] [User: 2] [IP: ::1] [Company: 1] Fatal error: Maximum execution time of 120 seconds exceeded in C:\xampp\htdocs\JDH_POS\public\api\stock-events.php on line 54
[2026-05-12 17:02:30] [ERROR] [User: 2] [IP: ::1] [Company: 1] Fatal error: Maximum execution time of 120 seconds exceeded in C:\xampp\htdocs\JDH_POS\src\auth.php on line 55
[2026-05-12 17:04:12] [ERROR] [User: 2] [IP: ::1] [Company: 1] Fatal error: Maximum execution time of 120 seconds exceeded in C:\xampp\htdocs\JDH_POS\public\api\stock-events.php on line 54
[2026-05-12 17:05:19] [ERROR] [User: 2] [IP: ::1] [Company: 1] Fatal error: Maximum execution time of 120 seconds exceeded in C:\xampp\htdocs\JDH_POS\public\api\stock-events.php on line 54
[2026-05-12 17:05:52] [ERROR] [User: 2] [IP: ::1] [Company: 1] Fatal error: Maximum execution time of 120 seconds exceeded in C:\xampp\htdocs\JDH_POS\public\api\stock-events.php on line 54
[2026-05-12 17:05:56] [ERROR] [User: 2] [IP: ::1] [Company: 1] Fatal error: Maximum execution time of 120 seconds exceeded in C:\xampp\htdocs\JDH_POS\src\auth.php on line 55
[2026-05-12 17:05:56] [ERROR] [User: 2] [IP: ::1] [Company: 1] Fatal error: Maximum execution time of 120 seconds exceeded in C:\xampp\htdocs\JDH_POS\src\auth.php on line 55
[2026-05-12 17:07:58] [ERROR] [User: 2] [IP: ::1] [Company: 1] Fatal error: Maximum execution time of 120 seconds exceeded in C:\xampp\htdocs\JDH_POS\public\api\stock-events.php on line 54
[2026-05-12 17:10:37] [ERROR] [User: 2] [IP: ::1] [Company: 1] Fatal error: Maximum execution time of 120 seconds exceeded in C:\xampp\htdocs\JDH_POS\public\api\stock-events.php on line 54
[2026-05-12 18:03:56] [ERROR] [User: 2] [IP: ::1] [Company: 1] Fatal error: Maximum execution time of 120 seconds exceeded in C:\xampp\htdocs\JDH_POS\public\api\stock-events.php on line 54
[2026-05-12 18:06:13] [ERROR] [User: 2] [IP: ::1] [Company: 1] Fatal error: Maximum execution time of 120 seconds exceeded in C:\xampp\htdocs\JDH_POS\public\api\stock-events.php on line 54
[2026-05-12 18:08:14] [ERROR] [User: 2] [IP: ::1] [Company: 1] Fatal error: Maximum execution time of 120 seconds exceeded in C:\xampp\htdocs\JDH_POS\public\api\stock-events.php on line 54
[2026-05-12 18:08:14] [ERROR] [User: 2] [IP: ::1] [Company: 1] Fatal error: Maximum execution time of 120 seconds exceeded in C:\xampp\htdocs\JDH_POS\public\layouts\app.php on line 41
[2026-05-12 18:16:48] [ERROR] [User: 2] [IP: ::1] [Company: 1] Fatal error: Maximum execution time of 120 seconds exceeded in C:\xampp\htdocs\JDH_POS\public\api\stock-events.php on line 54
[2026-05-12 20:56:06] [ERROR] [User: 2] [IP: ::1] [Company: 1] Fatal error: Maximum execution time of 120 seconds exceeded in C:\xampp\htdocs\JDH_POS\public\api\stock-events.php on line 54
[2026-05-12 20:56:08] [ERROR] [User: 2] [IP: ::1] [Company: 1] Fatal error: Maximum execution time of 120 seconds exceeded in C:\xampp\htdocs\JDH_POS\src\functions.php on line 13
[2026-05-12 21:03:37] [ERROR] [User: 2] [IP: ::1] [Company: 1] Fatal error: Maximum execution time of 120 seconds exceeded in C:\xampp\htdocs\JDH_POS\public\api\stock-events.php on line 54
[2026-05-12 21:21:22] [ERROR] [User: 2] [IP: ::1] [Company: 1] Fatal error: Maximum execution time of 120 seconds exceeded in C:\xampp\htdocs\JDH_POS\public\api\stock-events.php on line 54
[2026-05-12 21:23:25] [ERROR] [User: 2] [IP: ::1] [Company: 1] Fatal error: Maximum execution time of 120 seconds exceeded in C:\xampp\htdocs\JDH_POS\public\api\stock-events.php on line 54
[2026-05-12 21:32:32] [ERROR] [User: 2] [IP: ::1] [Company: 1] Fatal error: Maximum execution time of 120 seconds exceeded in C:\xampp\htdocs\JDH_POS\public\api\stock-events.php on line 54
[2026-05-12 21:33:59] [ERROR] [User: 2] [IP: ::1] [Company: 1] Fatal error: Maximum execution time of 120 seconds exceeded in C:\xampp\htdocs\JDH_POS\public\api\stock-events.php on line 54
[2026-05-12 21:33:59] [ERROR] [User: 2] [IP: ::1] [Company: 1] Fatal error: Maximum execution time of 120 seconds exceeded in C:\xampp\htdocs\JDH_POS\public\layouts\app.php on line 41
[2026-05-12 21:36:04] [ERROR] [User: 2] [IP: ::1] [Company: 1] Fatal error: Maximum execution time of 120 seconds exceeded in C:\xampp\htdocs\JDH_POS\public\api\stock-events.php on line 54
[2026-05-12 21:38:13] [ERROR] [User: 2] [IP: ::1] [Company: 1] Fatal error: Maximum execution time of 120 seconds exceeded in C:\xampp\htdocs\JDH_POS\public\api\stock-events.php on line 54
[2026-05-12 21:40:16] [ERROR] [User: 2] [IP: ::1] [Company: 1] Fatal error: Maximum execution time of 120 seconds exceeded in C:\xampp\htdocs\JDH_POS\public\api\stock-events.php on line 54
[2026-05-12 21:42:19] [ERROR] [User: 2] [IP: ::1] [Company: 1] Fatal error: Maximum execution time of 120 seconds exceeded in C:\xampp\htdocs\JDH_POS\public\api\stock-events.php on line 54
[2026-05-12 21:44:24] [ERROR] [User: 2] [IP: ::1] [Company: 1] Fatal error: Maximum execution time of 120 seconds exceeded in C:\xampp\htdocs\JDH_POS\public\api\stock-events.php on line 54
[2026-05-12 22:55:17] [ERROR] [User: 2] [IP: ::1] [Company: 1] Fatal error: Uncaught PDOException: SQLSTATE[42S02]: Base table or view not found: 1146 Table 'jdh_pos.custom_reports' doesn't exist in C:\xampp\htdocs\JDH_POS\public\reports\custom_builder.php:674
Stack trace:
#0 C:\xampp\htdocs\JDH_POS\public\reports\custom_builder.php(674): PDO->prepare('\n        SELECT...')
#1 C:\xampp\htdocs\JDH_POS\public\reports\custom_builder.php(45): get_saved_reports(Object(PDO), 1, 2)
#2 {main}
  thrown in C:\xampp\htdocs\JDH_POS\public\reports\custom_builder.php on line 674
[2026-05-12 22:55:19] [ERROR] [User: 2] [IP: ::1] [Company: 1] Fatal error: Uncaught PDOException: SQLSTATE[42S02]: Base table or view not found: 1146 Table 'jdh_pos.custom_reports' doesn't exist in C:\xampp\htdocs\JDH_POS\public\reports\custom_builder.php:674
Stack trace:
#0 C:\xampp\htdocs\JDH_POS\public\reports\custom_builder.php(674): PDO->prepare('\n        SELECT...')
#1 C:\xampp\htdocs\JDH_POS\public\reports\custom_builder.php(45): get_saved_reports(Object(PDO), 1, 2)
#2 {main}
  thrown in C:\xampp\htdocs\JDH_POS\public\reports\custom_builder.php on line 674
[2026-05-12 22:55:23] [ERROR] [User: 2] [IP: ::1] [Company: 1] Fatal error: Uncaught PDOException: SQLSTATE[42S02]: Base table or view not found: 1146 Table 'jdh_pos.custom_reports' doesn't exist in C:\xampp\htdocs\JDH_POS\public\reports\custom_builder.php:674
Stack trace:
#0 C:\xampp\htdocs\JDH_POS\public\reports\custom_builder.php(674): PDO->prepare('\n        SELECT...')
#1 C:\xampp\htdocs\JDH_POS\public\reports\custom_builder.php(45): get_saved_reports(Object(PDO), 1, 2)
#2 {main}
  thrown in C:\xampp\htdocs\JDH_POS\public\reports\custom_builder.php on line 674
[2026-05-12 22:55:25] [ERROR] [User: 2] [IP: ::1] [Company: 1] Fatal error: Uncaught PDOException: SQLSTATE[42S02]: Base table or view not found: 1146 Table 'jdh_pos.custom_reports' doesn't exist in C:\xampp\htdocs\JDH_POS\public\reports\custom_builder.php:674
Stack trace:
#0 C:\xampp\htdocs\JDH_POS\public\reports\custom_builder.php(674): PDO->prepare('\n        SELECT...')
#1 C:\xampp\htdocs\JDH_POS\public\reports\custom_builder.php(45): get_saved_reports(Object(PDO), 1, 2)
#2 {main}
  thrown in C:\xampp\htdocs\JDH_POS\public\reports\custom_builder.php on line 674
[2026-05-12 22:55:34] [ERROR] [User: 2] [IP: ::1] [Company: 1] Fatal error: Uncaught PDOException: SQLSTATE[42S02]: Base table or view not found: 1146 Table 'jdh_pos.custom_reports' doesn't exist in C:\xampp\htdocs\JDH_POS\public\reports\custom_builder.php:674
Stack trace:
#0 C:\xampp\htdocs\JDH_POS\public\reports\custom_builder.php(674): PDO->prepare('\n        SELECT...')
#1 C:\xampp\htdocs\JDH_POS\public\reports\custom_builder.php(45): get_saved_reports(Object(PDO), 1, 2)
#2 {main}
  thrown in C:\xampp\htdocs\JDH_POS\public\reports\custom_builder.php on line 674
