[2026-05-17 07:13:29] [ERROR] [User: 2] [IP: ::1] [Company: 1] Fatal error: Uncaught PDOException: SQLSTATE[42S02]: Base table or view not found: 1146 Table 'jdh_pos.custom_reports' doesn't exist in C:\xampp\htdocs\JDH_POS\public\reports\custom_builder.php:674
Stack trace:
#0 C:\xampp\htdocs\JDH_POS\public\reports\custom_builder.php(674): PDO->prepare('\n        SELECT...')
#1 C:\xampp\htdocs\JDH_POS\public\reports\custom_builder.php(45): get_saved_reports(Object(PDO), 1, 2)
#2 {main}
  thrown in C:\xampp\htdocs\JDH_POS\public\reports\custom_builder.php on line 674
[2026-05-17 07:24:48] [ERROR] [User: 2] [IP: ::1] [Company: 1] Fatal error: Uncaught PDOException: SQLSTATE[42S22]: Column not found: 1054 Unknown column 'receipt_number' in 'field list' in C:\xampp\htdocs\JDH_POS\public\ajax\global_search.php:63
Stack trace:
#0 C:\xampp\htdocs\JDH_POS\public\ajax\global_search.php(63): PDO->prepare('\n        SELECT...')
#1 C:\xampp\htdocs\JDH_POS\public\ajax\global_search.php(21): perform_global_search(Object(PDO), 1, 'ro', 2)
#2 {main}
  thrown in C:\xampp\htdocs\JDH_POS\public\ajax\global_search.php on line 63
[2026-05-17 09:33:30] [ERROR] [User: 2] [IP: ::1] [Company: 1] Fatal error: Uncaught TypeError: Services\Shop\OrderService::__construct(): Argument #1 ($pdo) must be of type Services\Shop\PDO, PDO given, called in C:\xampp\htdocs\JDH_POS\public\dashboard\shop\index.php on line 17 and defined in C:\xampp\htdocs\JDH_POS\src\Services\Shop\OrderService.php:13
Stack trace:
#0 C:\xampp\htdocs\JDH_POS\public\dashboard\shop\index.php(17): Services\Shop\OrderService->__construct(Object(PDO), 1)
#1 {main}
  thrown in C:\xampp\htdocs\JDH_POS\src\Services\Shop\OrderService.php on line 13
[2026-05-17 09:33:36] [ERROR] [User: 2] [IP: ::1] [Company: 1] Fatal error: Uncaught TypeError: Services\Shop\OrderService::__construct(): Argument #1 ($pdo) must be of type Services\Shop\PDO, PDO given, called in C:\xampp\htdocs\JDH_POS\public\dashboard\shop\index.php on line 17 and defined in C:\xampp\htdocs\JDH_POS\src\Services\Shop\OrderService.php:13
Stack trace:
#0 C:\xampp\htdocs\JDH_POS\public\dashboard\shop\index.php(17): Services\Shop\OrderService->__construct(Object(PDO), 1)
#1 {main}
  thrown in C:\xampp\htdocs\JDH_POS\src\Services\Shop\OrderService.php on line 13
[2026-05-17 14:16:21] [ERROR] [User: 2] [IP: ::1] [Company: 1] Fatal error: Uncaught TypeError: Services\Shop\OrderService::__construct(): Argument #1 ($pdo) must be of type Services\Shop\PDO, PDO given, called in C:\xampp\htdocs\JDH_POS\public\dashboard\shop\index.php on line 17 and defined in C:\xampp\htdocs\JDH_POS\src\Services\Shop\OrderService.php:13
Stack trace:
#0 C:\xampp\htdocs\JDH_POS\public\dashboard\shop\index.php(17): Services\Shop\OrderService->__construct(Object(PDO), 1)
#1 {main}
  thrown in C:\xampp\htdocs\JDH_POS\src\Services\Shop\OrderService.php on line 13
[2026-05-17 14:26:47] [ERROR] [User: 2] [IP: ::1] [Company: 1] Fatal error: Uncaught TypeError: Services\Shop\OrderService::__construct(): Argument #1 ($pdo) must be of type Services\Shop\PDO, PDO given, called in C:\xampp\htdocs\JDH_POS\public\dashboard\shop\index.php on line 17 and defined in C:\xampp\htdocs\JDH_POS\src\Services\Shop\OrderService.php:13
Stack trace:
#0 C:\xampp\htdocs\JDH_POS\public\dashboard\shop\index.php(17): Services\Shop\OrderService->__construct(Object(PDO), 1)
#1 {main}
  thrown in C:\xampp\htdocs\JDH_POS\src\Services\Shop\OrderService.php on line 13
[2026-05-17 14:59:28] [ERROR] [User: 2] [IP: ::1] [Company: 1] Fatal error: Uncaught TypeError: Services\Shop\OrderService::__construct(): Argument #1 ($pdo) must be of type Services\Shop\PDO, PDO given, called in C:\xampp\htdocs\JDH_POS\public\dashboard\shop\index.php on line 17 and defined in C:\xampp\htdocs\JDH_POS\src\Services\Shop\OrderService.php:13
Stack trace:
#0 C:\xampp\htdocs\JDH_POS\public\dashboard\shop\index.php(17): Services\Shop\OrderService->__construct(Object(PDO), 1)
#1 {main}
  thrown in C:\xampp\htdocs\JDH_POS\src\Services\Shop\OrderService.php on line 13
[2026-05-17 15:00:36] [ERROR] [User: 2] [IP: ::1] [Company: 1] Fatal error: Uncaught TypeError: Services\Shop\OrderService::__construct(): Argument #1 ($pdo) must be of type Services\Shop\PDO, PDO given, called in C:\xampp\htdocs\JDH_POS\public\dashboard\shop\index.php on line 17 and defined in C:\xampp\htdocs\JDH_POS\src\Services\Shop\OrderService.php:13
Stack trace:
#0 C:\xampp\htdocs\JDH_POS\public\dashboard\shop\index.php(17): Services\Shop\OrderService->__construct(Object(PDO), 1)
#1 {main}
  thrown in C:\xampp\htdocs\JDH_POS\src\Services\Shop\OrderService.php on line 13
[2026-05-17 16:32:18] [ERROR] [User: 2] [IP: ::1] [Company: 1] Fatal error: Uncaught Error: Call to undefined function get_settings() in C:\xampp\htdocs\JDH_POS\public\pos\discounts\discount_form.php:24
Stack trace:
#0 {main}
  thrown in C:\xampp\htdocs\JDH_POS\public\pos\discounts\discount_form.php on line 24
[2026-05-17 16:41:50] [ERROR] [User: 2] [IP: ::1] [Company: 1] Fatal error: Uncaught Error: Call to undefined function get_settings() in C:\xampp\htdocs\JDH_POS\public\pos\discounts\discounts.php:27
Stack trace:
#0 {main}
  thrown in C:\xampp\htdocs\JDH_POS\public\pos\discounts\discounts.php on line 27
[2026-05-17 16:41:57] [ERROR] [User: 2] [IP: ::1] [Company: 1] Fatal error: Uncaught Error: Call to undefined function get_settings() in C:\xampp\htdocs\JDH_POS\public\pos\discounts\discounts.php:27
Stack trace:
#0 {main}
  thrown in C:\xampp\htdocs\JDH_POS\public\pos\discounts\discounts.php on line 27
[2026-05-17 16:42:56] [ERROR] [User: 2] [IP: ::1] [Company: 1] Fatal error: Uncaught Error: Call to undefined function get_settings() in C:\xampp\htdocs\JDH_POS\public\pos\discounts\discounts.php:27
Stack trace:
#0 {main}
  thrown in C:\xampp\htdocs\JDH_POS\public\pos\discounts\discounts.php on line 27
[2026-05-17 16:47:17] [ERROR] [User: 2] [IP: ::1] [Company: 1] Fatal error: Uncaught Error: Call to undefined function get_settings() in C:\xampp\htdocs\JDH_POS\public\pos\discounts\discounts.php:27
Stack trace:
#0 {main}
  thrown in C:\xampp\htdocs\JDH_POS\public\pos\discounts\discounts.php on line 27
[2026-05-17 16:47:22] [ERROR] [User: 2] [IP: ::1] [Company: 1] Fatal error: Uncaught Error: Call to undefined function get_settings() in C:\xampp\htdocs\JDH_POS\public\pos\discounts\discounts.php:27
Stack trace:
#0 {main}
  thrown in C:\xampp\htdocs\JDH_POS\public\pos\discounts\discounts.php on line 27
[2026-05-17 16:47:37] [ERROR] [User: 2] [IP: ::1] [Company: 1] Fatal error: Uncaught Error: Call to undefined function get_settings() in C:\xampp\htdocs\JDH_POS\public\pos\discounts\discount_form.php:24
Stack trace:
#0 {main}
  thrown in C:\xampp\htdocs\JDH_POS\public\pos\discounts\discount_form.php on line 24
[2026-05-17 16:47:39] [ERROR] [User: 2] [IP: ::1] [Company: 1] Fatal error: Uncaught Error: Call to undefined function get_settings() in C:\xampp\htdocs\JDH_POS\public\pos\discounts\discounts.php:27
Stack trace:
#0 {main}
  thrown in C:\xampp\htdocs\JDH_POS\public\pos\discounts\discounts.php on line 27
[2026-05-17 16:47:40] [ERROR] [User: 2] [IP: ::1] [Company: 1] Fatal error: Uncaught Error: Call to undefined function get_settings() in C:\xampp\htdocs\JDH_POS\public\pos\discounts\discount_form.php:24
Stack trace:
#0 {main}
  thrown in C:\xampp\htdocs\JDH_POS\public\pos\discounts\discount_form.php on line 24
[2026-05-17 16:47:41] [ERROR] [User: 2] [IP: ::1] [Company: 1] Fatal error: Uncaught Error: Call to undefined function get_settings() in C:\xampp\htdocs\JDH_POS\public\pos\discounts\discounts.php:27
Stack trace:
#0 {main}
  thrown in C:\xampp\htdocs\JDH_POS\public\pos\discounts\discounts.php on line 27
[2026-05-17 16:47:55] [ERROR] [User: 2] [IP: ::1] [Company: 1] Fatal error: Uncaught Error: Call to undefined function get_settings() in C:\xampp\htdocs\JDH_POS\public\pos\discounts\discounts.php:27
Stack trace:
#0 {main}
  thrown in C:\xampp\htdocs\JDH_POS\public\pos\discounts\discounts.php on line 27
[2026-05-17 16:48:45] [ERROR] [User: 2] [IP: ::1] [Company: 1] Fatal error: Uncaught Error: Call to undefined function get_settings() in C:\xampp\htdocs\JDH_POS\public\pos\discounts\discounts.php:27
Stack trace:
#0 {main}
  thrown in C:\xampp\htdocs\JDH_POS\public\pos\discounts\discounts.php on line 27
[2026-05-17 16:49:35] [ERROR] [User: 2] [IP: ::1] [Company: 1] Fatal error: Uncaught Error: Call to undefined function get_settings() in C:\xampp\htdocs\JDH_POS\public\pos\discounts\discounts.php:27
Stack trace:
#0 {main}
  thrown in C:\xampp\htdocs\JDH_POS\public\pos\discounts\discounts.php on line 27
[2026-05-17 16:49:42] [ERROR] [User: 2] [IP: ::1] [Company: 1] Fatal error: Uncaught Error: Call to undefined function get_settings() in C:\xampp\htdocs\JDH_POS\public\pos\discounts\discounts.php:27
Stack trace:
#0 {main}
  thrown in C:\xampp\htdocs\JDH_POS\public\pos\discounts\discounts.php on line 27
[2026-05-17 17:03:35] [ERROR] [User: 2] [IP: ::1] [Company: 1] Fatal error: Uncaught PDOException: SQLSTATE[HY000] [2002] No connection could be made because the target machine actively refused it in C:\xampp\htdocs\JDH_POS\src\db.php:80
Stack trace:
#0 C:\xampp\htdocs\JDH_POS\src\db.php(80): PDO->__construct('mysql:host=loca...', 'root', Object(SensitiveParameterValue), Array)
#1 C:\xampp\htdocs\JDH_POS\public\dashboard\home.php(22): get_db_connection()
#2 {main}

Next RuntimeException: Database connection failed after retries in C:\xampp\htdocs\JDH_POS\src\db.php:117
Stack trace:
#0 C:\xampp\htdocs\JDH_POS\public\dashboard\home.php(22): get_db_connection()
#1 {main}
  thrown in C:\xampp\htdocs\JDH_POS\src\db.php on line 117
[2026-05-17 17:03:44] [ERROR] [User: 2] [IP: ::1] [Company: 1] Fatal error: Uncaught PDOException: SQLSTATE[HY000] [2002] No connection could be made because the target machine actively refused it in C:\xampp\htdocs\JDH_POS\src\db.php:80
Stack trace:
#0 C:\xampp\htdocs\JDH_POS\src\db.php(80): PDO->__construct('mysql:host=loca...', 'root', Object(SensitiveParameterValue), Array)
#1 C:\xampp\htdocs\JDH_POS\public\pos\discounts\discounts.php(19): get_db_connection()
#2 {main}

Next RuntimeException: Database connection failed after retries in C:\xampp\htdocs\JDH_POS\src\db.php:117
Stack trace:
#0 C:\xampp\htdocs\JDH_POS\public\pos\discounts\discounts.php(19): get_db_connection()
#1 {main}
  thrown in C:\xampp\htdocs\JDH_POS\src\db.php on line 117
[2026-05-17 17:03:54] [ERROR] [User: 2] [IP: ::1] [Company: 1] Fatal error: Uncaught PDOException: SQLSTATE[HY000] [2002] No connection could be made because the target machine actively refused it in C:\xampp\htdocs\JDH_POS\src\db.php:80
Stack trace:
#0 C:\xampp\htdocs\JDH_POS\src\db.php(80): PDO->__construct('mysql:host=loca...', 'root', Object(SensitiveParameterValue), Array)
#1 C:\xampp\htdocs\JDH_POS\public\dashboard\home.php(22): get_db_connection()
#2 {main}

Next RuntimeException: Database connection failed after retries in C:\xampp\htdocs\JDH_POS\src\db.php:117
Stack trace:
#0 C:\xampp\htdocs\JDH_POS\public\dashboard\home.php(22): get_db_connection()
#1 {main}
  thrown in C:\xampp\htdocs\JDH_POS\src\db.php on line 117
[2026-05-17 17:04:19] [ERROR] [User: 2] [IP: ::1] [Company: 1] Fatal error: Uncaught PDOException: SQLSTATE[HY000] [2002] No connection could be made because the target machine actively refused it in C:\xampp\htdocs\JDH_POS\src\db.php:80
Stack trace:
#0 C:\xampp\htdocs\JDH_POS\src\db.php(80): PDO->__construct('mysql:host=loca...', 'root', Object(SensitiveParameterValue), Array)
#1 C:\xampp\htdocs\JDH_POS\public\dashboard\home.php(22): get_db_connection()
#2 {main}

Next RuntimeException: Database connection failed after retries in C:\xampp\htdocs\JDH_POS\src\db.php:117
Stack trace:
#0 C:\xampp\htdocs\JDH_POS\public\dashboard\home.php(22): get_db_connection()
#1 {main}
  thrown in C:\xampp\htdocs\JDH_POS\src\db.php on line 117
[2026-05-17 17:05:43] [ERROR] [User: 2] [IP: ::1] [Company: 1] Fatal error: Uncaught PDOException: SQLSTATE[HY000] [2002] No connection could be made because the target machine actively refused it in C:\xampp\htdocs\JDH_POS\src\db.php:80
Stack trace:
#0 C:\xampp\htdocs\JDH_POS\src\db.php(80): PDO->__construct('mysql:host=loca...', 'root', Object(SensitiveParameterValue), Array)
#1 C:\xampp\htdocs\JDH_POS\public\dashboard\home.php(22): get_db_connection()
#2 {main}

Next RuntimeException: Database connection failed after retries in C:\xampp\htdocs\JDH_POS\src\db.php:117
Stack trace:
#0 C:\xampp\htdocs\JDH_POS\public\dashboard\home.php(22): get_db_connection()
#1 {main}
  thrown in C:\xampp\htdocs\JDH_POS\src\db.php on line 117
[2026-05-17 17:08:28] [ERROR] [User: 2] [IP: ::1] [Company: 1] Fatal error: Uncaught PDOException: SQLSTATE[HY000] [2002] No connection could be made because the target machine actively refused it in C:\xampp\htdocs\JDH_POS\src\db.php:80
Stack trace:
#0 C:\xampp\htdocs\JDH_POS\src\db.php(80): PDO->__construct('mysql:host=loca...', 'root', Object(SensitiveParameterValue), Array)
#1 C:\xampp\htdocs\JDH_POS\public\dashboard\home.php(22): get_db_connection()
#2 {main}

Next RuntimeException: Database connection failed after retries in C:\xampp\htdocs\JDH_POS\src\db.php:117
Stack trace:
#0 C:\xampp\htdocs\JDH_POS\public\dashboard\home.php(22): get_db_connection()
#1 {main}
  thrown in C:\xampp\htdocs\JDH_POS\src\db.php on line 117
[2026-05-17 17:08:49] [ERROR] [User: 2] [IP: ::1] [Company: 1] Fatal error: Uncaught PDOException: SQLSTATE[HY000] [2002] No connection could be made because the target machine actively refused it in C:\xampp\htdocs\JDH_POS\src\db.php:80
Stack trace:
#0 C:\xampp\htdocs\JDH_POS\src\db.php(80): PDO->__construct('mysql:host=loca...', 'root', Object(SensitiveParameterValue), Array)
#1 C:\xampp\htdocs\JDH_POS\public\dashboard\home.php(22): get_db_connection()
#2 {main}

Next RuntimeException: Database connection failed after retries in C:\xampp\htdocs\JDH_POS\src\db.php:117
Stack trace:
#0 C:\xampp\htdocs\JDH_POS\public\dashboard\home.php(22): get_db_connection()
#1 {main}
  thrown in C:\xampp\htdocs\JDH_POS\src\db.php on line 117
[2026-05-17 17:08:57] [ERROR] [User: 2] [IP: ::1] [Company: 1] Fatal error: Uncaught PDOException: SQLSTATE[HY000] [2002] No connection could be made because the target machine actively refused it in C:\xampp\htdocs\JDH_POS\src\db.php:80
Stack trace:
#0 C:\xampp\htdocs\JDH_POS\src\db.php(80): PDO->__construct('mysql:host=loca...', 'root', Object(SensitiveParameterValue), Array)
#1 C:\xampp\htdocs\JDH_POS\public\pos\discounts\discounts.php(19): get_db_connection()
#2 {main}

Next RuntimeException: Database connection failed after retries in C:\xampp\htdocs\JDH_POS\src\db.php:117
Stack trace:
#0 C:\xampp\htdocs\JDH_POS\public\pos\discounts\discounts.php(19): get_db_connection()
#1 {main}
  thrown in C:\xampp\htdocs\JDH_POS\src\db.php on line 117
[2026-05-17 17:09:05] [ERROR] [User: 2] [IP: ::1] [Company: 1] Fatal error: Uncaught PDOException: SQLSTATE[HY000] [2002] No connection could be made because the target machine actively refused it in C:\xampp\htdocs\JDH_POS\src\db.php:80
Stack trace:
#0 C:\xampp\htdocs\JDH_POS\src\db.php(80): PDO->__construct('mysql:host=loca...', 'root', Object(SensitiveParameterValue), Array)
#1 C:\xampp\htdocs\JDH_POS\public\dashboard\home.php(22): get_db_connection()
#2 {main}

Next RuntimeException: Database connection failed after retries in C:\xampp\htdocs\JDH_POS\src\db.php:117
Stack trace:
#0 C:\xampp\htdocs\JDH_POS\public\dashboard\home.php(22): get_db_connection()
#1 {main}
  thrown in C:\xampp\htdocs\JDH_POS\src\db.php on line 117
[2026-05-17 17:09:13] [ERROR] [User: 2] [IP: ::1] [Company: 1] Fatal error: Uncaught PDOException: SQLSTATE[HY000] [2002] No connection could be made because the target machine actively refused it in C:\xampp\htdocs\JDH_POS\src\db.php:80
Stack trace:
#0 C:\xampp\htdocs\JDH_POS\src\db.php(80): PDO->__construct('mysql:host=loca...', 'root', Object(SensitiveParameterValue), Array)
#1 C:\xampp\htdocs\JDH_POS\public\pos\discounts\discount_form.php(18): get_db_connection()
#2 {main}

Next RuntimeException: Database connection failed after retries in C:\xampp\htdocs\JDH_POS\src\db.php:117
Stack trace:
#0 C:\xampp\htdocs\JDH_POS\public\pos\discounts\discount_form.php(18): get_db_connection()
#1 {main}
  thrown in C:\xampp\htdocs\JDH_POS\src\db.php on line 117
[2026-05-17 17:09:21] [ERROR] [User: 2] [IP: ::1] [Company: 1] Fatal error: Uncaught PDOException: SQLSTATE[HY000] [2002] No connection could be made because the target machine actively refused it in C:\xampp\htdocs\JDH_POS\src\db.php:80
Stack trace:
#0 C:\xampp\htdocs\JDH_POS\src\db.php(80): PDO->__construct('mysql:host=loca...', 'root', Object(SensitiveParameterValue), Array)
#1 C:\xampp\htdocs\JDH_POS\public\pos\discounts\discounts.php(19): get_db_connection()
#2 {main}

Next RuntimeException: Database connection failed after retries in C:\xampp\htdocs\JDH_POS\src\db.php:117
Stack trace:
#0 C:\xampp\htdocs\JDH_POS\public\pos\discounts\discounts.php(19): get_db_connection()
#1 {main}
  thrown in C:\xampp\htdocs\JDH_POS\src\db.php on line 117
[2026-05-17 17:09:30] [ERROR] [User: 2] [IP: ::1] [Company: 1] Fatal error: Uncaught PDOException: SQLSTATE[HY000] [2002] No connection could be made because the target machine actively refused it in C:\xampp\htdocs\JDH_POS\src\db.php:80
Stack trace:
#0 C:\xampp\htdocs\JDH_POS\src\db.php(80): PDO->__construct('mysql:host=loca...', 'root', Object(SensitiveParameterValue), Array)
#1 C:\xampp\htdocs\JDH_POS\public\pos\discounts\discount_form.php(18): get_db_connection()
#2 {main}

Next RuntimeException: Database connection failed after retries in C:\xampp\htdocs\JDH_POS\src\db.php:117
Stack trace:
#0 C:\xampp\htdocs\JDH_POS\public\pos\discounts\discount_form.php(18): get_db_connection()
#1 {main}
  thrown in C:\xampp\htdocs\JDH_POS\src\db.php on line 117
[2026-05-17 17:09:38] [ERROR] [User: 2] [IP: ::1] [Company: 1] Fatal error: Uncaught PDOException: SQLSTATE[HY000] [2002] No connection could be made because the target machine actively refused it in C:\xampp\htdocs\JDH_POS\src\db.php:80
Stack trace:
#0 C:\xampp\htdocs\JDH_POS\src\db.php(80): PDO->__construct('mysql:host=loca...', 'root', Object(SensitiveParameterValue), Array)
#1 C:\xampp\htdocs\JDH_POS\public\pos\discounts\discounts.php(19): get_db_connection()
#2 {main}

Next RuntimeException: Database connection failed after retries in C:\xampp\htdocs\JDH_POS\src\db.php:117
Stack trace:
#0 C:\xampp\htdocs\JDH_POS\public\pos\discounts\discounts.php(19): get_db_connection()
#1 {main}
  thrown in C:\xampp\htdocs\JDH_POS\src\db.php on line 117
[2026-05-17 17:09:47] [ERROR] [User: 2] [IP: ::1] [Company: 1] Fatal error: Uncaught PDOException: SQLSTATE[HY000] [2002] No connection could be made because the target machine actively refused it in C:\xampp\htdocs\JDH_POS\src\db.php:80
Stack trace:
#0 C:\xampp\htdocs\JDH_POS\src\db.php(80): PDO->__construct('mysql:host=loca...', 'root', Object(SensitiveParameterValue), Array)
#1 C:\xampp\htdocs\JDH_POS\public\dashboard\home.php(22): get_db_connection()
#2 {main}

Next RuntimeException: Database connection failed after retries in C:\xampp\htdocs\JDH_POS\src\db.php:117
Stack trace:
#0 C:\xampp\htdocs\JDH_POS\public\dashboard\home.php(22): get_db_connection()
#1 {main}
  thrown in C:\xampp\htdocs\JDH_POS\src\db.php on line 117
[2026-05-17 17:09:56] [ERROR] [User: 2] [IP: ::1] [Company: 1] Fatal error: Uncaught PDOException: SQLSTATE[HY000] [2002] No connection could be made because the target machine actively refused it in C:\xampp\htdocs\JDH_POS\src\db.php:80
Stack trace:
#0 C:\xampp\htdocs\JDH_POS\src\db.php(80): PDO->__construct('mysql:host=loca...', 'root', Object(SensitiveParameterValue), Array)
#1 C:\xampp\htdocs\JDH_POS\public\dashboard\home.php(22): get_db_connection()
#2 {main}

Next RuntimeException: Database connection failed after retries in C:\xampp\htdocs\JDH_POS\src\db.php:117
Stack trace:
#0 C:\xampp\htdocs\JDH_POS\public\dashboard\home.php(22): get_db_connection()
#1 {main}
  thrown in C:\xampp\htdocs\JDH_POS\src\db.php on line 117
[2026-05-17 17:12:50] [ERROR] [User: 2] [IP: ::1] [Company: 1] Fatal error: Uncaught Error: Call to undefined function currency_service() in C:\xampp\htdocs\JDH_POS\src\functions.php:1405
Stack trace:
#0 C:\xampp\htdocs\JDH_POS\public\pos\discounts\discounts.php(28): current_currency()
#1 {main}
  thrown in C:\xampp\htdocs\JDH_POS\src\functions.php on line 1405
[2026-05-17 17:12:59] [ERROR] [User: 2] [IP: ::1] [Company: 1] Fatal error: Uncaught Error: Call to undefined function currency_service() in C:\xampp\htdocs\JDH_POS\src\functions.php:1405
Stack trace:
#0 C:\xampp\htdocs\JDH_POS\public\pos\discounts\discounts.php(28): current_currency()
#1 {main}
  thrown in C:\xampp\htdocs\JDH_POS\src\functions.php on line 1405
[2026-05-17 17:14:55] [ERROR] [User: 2] [IP: ::1] [Company: 1] Fatal error: Uncaught Error: Call to undefined function currency_service() in C:\xampp\htdocs\JDH_POS\src\functions.php:1405
Stack trace:
#0 C:\xampp\htdocs\JDH_POS\public\pos\discounts\discounts.php(28): current_currency()
#1 {main}
  thrown in C:\xampp\htdocs\JDH_POS\src\functions.php on line 1405
[2026-05-17 17:15:09] [ERROR] [User: 2] [IP: ::1] [Company: 1] Fatal error: Uncaught Error: Call to undefined function currency_service() in C:\xampp\htdocs\JDH_POS\src\functions.php:1405
Stack trace:
#0 C:\xampp\htdocs\JDH_POS\public\pos\discounts\discounts.php(28): current_currency()
#1 {main}
  thrown in C:\xampp\htdocs\JDH_POS\src\functions.php on line 1405
[2026-05-17 17:15:10] [ERROR] [User: 2] [IP: ::1] [Company: 1] Fatal error: Uncaught Error: Call to undefined function currency_service() in C:\xampp\htdocs\JDH_POS\src\functions.php:1405
Stack trace:
#0 C:\xampp\htdocs\JDH_POS\public\pos\discounts\discounts.php(28): current_currency()
#1 {main}
  thrown in C:\xampp\htdocs\JDH_POS\src\functions.php on line 1405
[2026-05-17 17:15:11] [ERROR] [User: 2] [IP: ::1] [Company: 1] Fatal error: Uncaught Error: Call to undefined function currency_service() in C:\xampp\htdocs\JDH_POS\src\functions.php:1405
Stack trace:
#0 C:\xampp\htdocs\JDH_POS\public\pos\discounts\discounts.php(28): current_currency()
#1 {main}
  thrown in C:\xampp\htdocs\JDH_POS\src\functions.php on line 1405
[2026-05-17 17:16:26] [ERROR] [User: 2] [IP: ::1] [Company: 1] Fatal error: Uncaught Error: Call to undefined function currency_service() in C:\xampp\htdocs\JDH_POS\src\functions.php:1405
Stack trace:
#0 C:\xampp\htdocs\JDH_POS\public\pos\discounts\discounts.php(28): current_currency()
#1 {main}
  thrown in C:\xampp\htdocs\JDH_POS\src\functions.php on line 1405
[2026-05-17 17:17:46] [ERROR] [User: 2] [IP: ::1] [Company: 1] Fatal error: Uncaught Error: Call to undefined function currency_service() in C:\xampp\htdocs\JDH_POS\src\functions.php:1405
Stack trace:
#0 C:\xampp\htdocs\JDH_POS\public\pos\discounts\discounts.php(28): current_currency()
#1 {main}
  thrown in C:\xampp\htdocs\JDH_POS\src\functions.php on line 1405
[2026-05-17 17:17:50] [ERROR] [User: 2] [IP: ::1] [Company: 1] Fatal error: Uncaught Error: Call to undefined function currency_service() in C:\xampp\htdocs\JDH_POS\src\functions.php:1405
Stack trace:
#0 C:\xampp\htdocs\JDH_POS\public\pos\discounts\discounts.php(28): current_currency()
#1 {main}
  thrown in C:\xampp\htdocs\JDH_POS\src\functions.php on line 1405
[2026-05-17 17:18:58] [ERROR] [User: 2] [IP: ::1] [Company: 1] Fatal error: Uncaught Error: Call to undefined function currency_service() in C:\xampp\htdocs\JDH_POS\src\functions.php:1405
Stack trace:
#0 C:\xampp\htdocs\JDH_POS\public\pos\discounts\discounts.php(28): current_currency()
#1 {main}
  thrown in C:\xampp\htdocs\JDH_POS\src\functions.php on line 1405
[2026-05-17 17:18:59] [ERROR] [User: 2] [IP: ::1] [Company: 1] Fatal error: Uncaught Error: Call to undefined function currency_service() in C:\xampp\htdocs\JDH_POS\src\functions.php:1405
Stack trace:
#0 C:\xampp\htdocs\JDH_POS\public\pos\discounts\discounts.php(28): current_currency()
#1 {main}
  thrown in C:\xampp\htdocs\JDH_POS\src\functions.php on line 1405
[2026-05-17 17:18:59] [ERROR] [User: 2] [IP: ::1] [Company: 1] Fatal error: Uncaught Error: Call to undefined function currency_service() in C:\xampp\htdocs\JDH_POS\src\functions.php:1405
Stack trace:
#0 C:\xampp\htdocs\JDH_POS\public\pos\discounts\discounts.php(28): current_currency()
#1 {main}
  thrown in C:\xampp\htdocs\JDH_POS\src\functions.php on line 1405
[2026-05-17 17:19:00] [ERROR] [User: 2] [IP: ::1] [Company: 1] Fatal error: Uncaught Error: Call to undefined function currency_service() in C:\xampp\htdocs\JDH_POS\src\functions.php:1405
Stack trace:
#0 C:\xampp\htdocs\JDH_POS\public\pos\discounts\discounts.php(28): current_currency()
#1 {main}
  thrown in C:\xampp\htdocs\JDH_POS\src\functions.php on line 1405
[2026-05-17 17:19:00] [ERROR] [User: 2] [IP: ::1] [Company: 1] Fatal error: Uncaught Error: Call to undefined function currency_service() in C:\xampp\htdocs\JDH_POS\src\functions.php:1405
Stack trace:
#0 C:\xampp\htdocs\JDH_POS\public\pos\discounts\discounts.php(28): current_currency()
#1 {main}
  thrown in C:\xampp\htdocs\JDH_POS\src\functions.php on line 1405
[2026-05-17 17:19:00] [ERROR] [User: 2] [IP: ::1] [Company: 1] Fatal error: Uncaught Error: Call to undefined function currency_service() in C:\xampp\htdocs\JDH_POS\src\functions.php:1405
Stack trace:
#0 C:\xampp\htdocs\JDH_POS\public\pos\discounts\discounts.php(28): current_currency()
#1 {main}
  thrown in C:\xampp\htdocs\JDH_POS\src\functions.php on line 1405
[2026-05-17 17:19:00] [ERROR] [User: 2] [IP: ::1] [Company: 1] Fatal error: Uncaught Error: Call to undefined function currency_service() in C:\xampp\htdocs\JDH_POS\src\functions.php:1405
Stack trace:
#0 C:\xampp\htdocs\JDH_POS\public\pos\discounts\discounts.php(28): current_currency()
#1 {main}
  thrown in C:\xampp\htdocs\JDH_POS\src\functions.php on line 1405
[2026-05-17 17:19:00] [ERROR] [User: 2] [IP: ::1] [Company: 1] Fatal error: Uncaught Error: Call to undefined function currency_service() in C:\xampp\htdocs\JDH_POS\src\functions.php:1405
Stack trace:
#0 C:\xampp\htdocs\JDH_POS\public\pos\discounts\discounts.php(28): current_currency()
#1 {main}
  thrown in C:\xampp\htdocs\JDH_POS\src\functions.php on line 1405
[2026-05-17 17:19:32] [ERROR] [User: 2] [IP: ::1] [Company: 1] Fatal error: Uncaught Error: Call to undefined function currency_service() in C:\xampp\htdocs\JDH_POS\src\functions.php:1405
Stack trace:
#0 C:\xampp\htdocs\JDH_POS\public\pos\discounts\discounts.php(28): current_currency()
#1 {main}
  thrown in C:\xampp\htdocs\JDH_POS\src\functions.php on line 1405
[2026-05-17 17:21:21] [ERROR] [User: 2] [IP: ::1] [Company: 1] Fatal error: Uncaught Error: Call to undefined function currency_service() in C:\xampp\htdocs\JDH_POS\src\functions.php:1405
Stack trace:
#0 C:\xampp\htdocs\JDH_POS\public\pos\discounts\discounts.php(28): current_currency()
#1 {main}
  thrown in C:\xampp\htdocs\JDH_POS\src\functions.php on line 1405
[2026-05-17 17:21:22] [ERROR] [User: 2] [IP: ::1] [Company: 1] Fatal error: Uncaught Error: Call to undefined function currency_service() in C:\xampp\htdocs\JDH_POS\src\functions.php:1405
Stack trace:
#0 C:\xampp\htdocs\JDH_POS\public\pos\discounts\discounts.php(28): current_currency()
#1 {main}
  thrown in C:\xampp\htdocs\JDH_POS\src\functions.php on line 1405
[2026-05-17 17:21:24] [ERROR] [User: 2] [IP: ::1] [Company: 1] Fatal error: Uncaught Error: Call to undefined function currency_service() in C:\xampp\htdocs\JDH_POS\src\functions.php:1405
Stack trace:
#0 C:\xampp\htdocs\JDH_POS\public\pos\discounts\discounts.php(28): current_currency()
#1 {main}
  thrown in C:\xampp\htdocs\JDH_POS\src\functions.php on line 1405
[2026-05-17 17:21:24] [ERROR] [User: 2] [IP: ::1] [Company: 1] Fatal error: Uncaught Error: Call to undefined function currency_service() in C:\xampp\htdocs\JDH_POS\src\functions.php:1405
Stack trace:
#0 C:\xampp\htdocs\JDH_POS\public\pos\discounts\discounts.php(28): current_currency()
#1 {main}
  thrown in C:\xampp\htdocs\JDH_POS\src\functions.php on line 1405
[2026-05-17 17:24:42] [ERROR] [User: 2] [IP: ::1] [Company: 1] Fatal error: Uncaught Error: Call to undefined function currency_service() in C:\xampp\htdocs\JDH_POS\src\functions.php:1405
Stack trace:
#0 C:\xampp\htdocs\JDH_POS\public\pos\discounts\discounts.php(28): current_currency()
#1 {main}
  thrown in C:\xampp\htdocs\JDH_POS\src\functions.php on line 1405
[2026-05-17 17:24:44] [ERROR] [User: 2] [IP: ::1] [Company: 1] Fatal error: Uncaught Error: Call to undefined function currency_service() in C:\xampp\htdocs\JDH_POS\src\functions.php:1405
Stack trace:
#0 C:\xampp\htdocs\JDH_POS\public\pos\discounts\discounts.php(28): current_currency()
#1 {main}
  thrown in C:\xampp\htdocs\JDH_POS\src\functions.php on line 1405
[2026-05-17 17:31:03] [ERROR] [User: 2] [IP: ::1] [Company: 1] Fatal error: Uncaught Error: Call to undefined function currency_service() in C:\xampp\htdocs\JDH_POS\src\functions.php:1405
Stack trace:
#0 C:\xampp\htdocs\JDH_POS\public\pos\discounts\discounts.php(28): current_currency()
#1 {main}
  thrown in C:\xampp\htdocs\JDH_POS\src\functions.php on line 1405
[2026-05-17 17:31:04] [ERROR] [User: 2] [IP: ::1] [Company: 1] Fatal error: Uncaught Error: Call to undefined function currency_service() in C:\xampp\htdocs\JDH_POS\src\functions.php:1405
Stack trace:
#0 C:\xampp\htdocs\JDH_POS\public\pos\discounts\discounts.php(28): current_currency()
#1 {main}
  thrown in C:\xampp\htdocs\JDH_POS\src\functions.php on line 1405
[2026-05-17 17:31:05] [ERROR] [User: 2] [IP: ::1] [Company: 1] Fatal error: Uncaught Error: Call to undefined function currency_service() in C:\xampp\htdocs\JDH_POS\src\functions.php:1405
Stack trace:
#0 C:\xampp\htdocs\JDH_POS\public\pos\discounts\discounts.php(28): current_currency()
#1 {main}
  thrown in C:\xampp\htdocs\JDH_POS\src\functions.php on line 1405
[2026-05-17 17:31:20] [ERROR] [User: 2] [IP: ::1] [Company: 1] Fatal error: Uncaught Error: Call to undefined function currency_service() in C:\xampp\htdocs\JDH_POS\src\functions.php:1405
Stack trace:
#0 C:\xampp\htdocs\JDH_POS\public\pos\discounts\discounts.php(28): current_currency()
#1 {main}
  thrown in C:\xampp\htdocs\JDH_POS\src\functions.php on line 1405
[2026-05-17 17:38:00] [ERROR] [User: 2] [IP: ::1] [Company: 1] Fatal error: Uncaught Error: Call to undefined function currency_service() in C:\xampp\htdocs\JDH_POS\src\functions.php:1405
Stack trace:
#0 C:\xampp\htdocs\JDH_POS\public\pos\discounts\discounts.php(28): current_currency()
#1 {main}
  thrown in C:\xampp\htdocs\JDH_POS\src\functions.php on line 1405
[2026-05-17 17:38:01] [ERROR] [User: 2] [IP: ::1] [Company: 1] Fatal error: Uncaught Error: Call to undefined function currency_service() in C:\xampp\htdocs\JDH_POS\src\functions.php:1405
Stack trace:
#0 C:\xampp\htdocs\JDH_POS\public\pos\discounts\discounts.php(28): current_currency()
#1 {main}
  thrown in C:\xampp\htdocs\JDH_POS\src\functions.php on line 1405
[2026-05-17 17:38:03] [ERROR] [User: 2] [IP: ::1] [Company: 1] Fatal error: Uncaught Error: Call to undefined function currency_service() in C:\xampp\htdocs\JDH_POS\src\functions.php:1405
Stack trace:
#0 C:\xampp\htdocs\JDH_POS\public\pos\discounts\discounts.php(28): current_currency()
#1 {main}
  thrown in C:\xampp\htdocs\JDH_POS\src\functions.php on line 1405
[2026-05-17 17:38:04] [ERROR] [User: 2] [IP: ::1] [Company: 1] Fatal error: Uncaught Error: Call to undefined function currency_service() in C:\xampp\htdocs\JDH_POS\src\functions.php:1405
Stack trace:
#0 C:\xampp\htdocs\JDH_POS\public\pos\discounts\discounts.php(28): current_currency()
#1 {main}
  thrown in C:\xampp\htdocs\JDH_POS\src\functions.php on line 1405
[2026-05-17 17:40:36] [ERROR] [User: 2] [IP: ::1] [Company: 1] Fatal error: Uncaught Error: Call to undefined function currency_service() in C:\xampp\htdocs\JDH_POS\src\functions.php:1405
Stack trace:
#0 C:\xampp\htdocs\JDH_POS\public\pos\discounts\discounts.php(28): current_currency()
#1 {main}
  thrown in C:\xampp\htdocs\JDH_POS\src\functions.php on line 1405
[2026-05-17 17:41:23] [ERROR] [User: 2] [IP: ::1] [Company: 1] Fatal error: Uncaught Error: Call to undefined function currency_service() in C:\xampp\htdocs\JDH_POS\src\functions.php:1405
Stack trace:
#0 C:\xampp\htdocs\JDH_POS\public\pos\discounts\discounts.php(28): current_currency()
#1 {main}
  thrown in C:\xampp\htdocs\JDH_POS\src\functions.php on line 1405
[2026-05-17 17:45:51] [ERROR] [User: 2] [IP: ::1] [Company: 1] Fatal error: Uncaught Error: Call to undefined function currency_service() in C:\xampp\htdocs\JDH_POS\src\functions.php:1405
Stack trace:
#0 C:\xampp\htdocs\JDH_POS\public\pos\discounts\discount_form.php(25): current_currency()
#1 {main}
  thrown in C:\xampp\htdocs\JDH_POS\src\functions.php on line 1405
[2026-05-17 17:45:55] [ERROR] [User: 2] [IP: ::1] [Company: 1] Fatal error: Uncaught Error: Call to undefined function currency_service() in C:\xampp\htdocs\JDH_POS\src\functions.php:1405
Stack trace:
#0 C:\xampp\htdocs\JDH_POS\public\pos\discounts\discount_form.php(25): current_currency()
#1 {main}
  thrown in C:\xampp\htdocs\JDH_POS\src\functions.php on line 1405
[2026-05-17 18:47:54] [ERROR] [User: 2] [IP: ::1] [Company: 1] Fatal error: Uncaught PDOException: SQLSTATE[42S02]: Base table or view not found: 1146 Table 'jdh_pos.custom_reports' doesn't exist in C:\xampp\htdocs\JDH_POS\public\reports\custom_builder.php:674
Stack trace:
#0 C:\xampp\htdocs\JDH_POS\public\reports\custom_builder.php(674): PDO->prepare('\n        SELECT...')
#1 C:\xampp\htdocs\JDH_POS\public\reports\custom_builder.php(45): get_saved_reports(Object(PDO), 1, 2)
#2 {main}
  thrown in C:\xampp\htdocs\JDH_POS\public\reports\custom_builder.php on line 674
[2026-05-17 19:20:41] [ERROR] [User: 2] [IP: ::1] [Company: 1] Fatal error: Uncaught PDOException: SQLSTATE[42S02]: Base table or view not found: 1146 Table 'jdh_pos.custom_reports' doesn't exist in C:\xampp\htdocs\JDH_POS\public\reports\custom_builder.php:674
Stack trace:
#0 C:\xampp\htdocs\JDH_POS\public\reports\custom_builder.php(674): PDO->prepare('\n        SELECT...')
#1 C:\xampp\htdocs\JDH_POS\public\reports\custom_builder.php(45): get_saved_reports(Object(PDO), 1, 2)
#2 {main}
  thrown in C:\xampp\htdocs\JDH_POS\public\reports\custom_builder.php on line 674
[2026-05-17 19:46:59] [ERROR] [User: 2] [IP: ::1] [Company: 1] Fatal error: Uncaught PDOException: SQLSTATE[42S02]: Base table or view not found: 1146 Table 'jdh_pos.custom_reports' doesn't exist in C:\xampp\htdocs\JDH_POS\public\reports\custom_builder.php:674
Stack trace:
#0 C:\xampp\htdocs\JDH_POS\public\reports\custom_builder.php(674): PDO->prepare('\n        SELECT...')
#1 C:\xampp\htdocs\JDH_POS\public\reports\custom_builder.php(45): get_saved_reports(Object(PDO), 1, 2)
#2 {main}
  thrown in C:\xampp\htdocs\JDH_POS\public\reports\custom_builder.php on line 674
[2026-05-17 19:56:58] [ERROR] [User: 2] [IP: ::1] [Company: 1] Fatal error: syntax error, unexpected double-quote mark, expecting ")" in C:\xampp\htdocs\JDH_POS\public\pos\returns\list_sell_return.php on line 214
[2026-05-17 19:57:08] [ERROR] [User: 2] [IP: ::1] [Company: 1] Fatal error: syntax error, unexpected double-quote mark, expecting ")" in C:\xampp\htdocs\JDH_POS\public\pos\returns\list_sell_return.php on line 214
[2026-05-17 19:57:24] [ERROR] [User: 2] [IP: ::1] [Company: 1] Fatal error: syntax error, unexpected double-quote mark, expecting ")" in C:\xampp\htdocs\JDH_POS\public\pos\returns\list_sell_return.php on line 214
[2026-05-17 19:58:17] [ERROR] [User: 2] [IP: ::1] [Company: 1] Fatal error: syntax error, unexpected double-quote mark, expecting ")" in C:\xampp\htdocs\JDH_POS\public\pos\returns\list_sell_return.php on line 214
[2026-05-17 19:58:59] [ERROR] [User: 2] [IP: ::1] [Company: 1] Fatal error: syntax error, unexpected double-quote mark, expecting ")" in C:\xampp\htdocs\JDH_POS\public\pos\returns\list_sell_return.php on line 214
[2026-05-17 23:42:41] [ERROR] [User: 2] [IP: ::1] [Company: 1] Fatal error: Uncaught PDOException: SQLSTATE[42S22]: Column not found: 1054 Unknown column 'pp.price_monthly' in 'field list' in C:\xampp\htdocs\JDH_POS\src\db.php:137
Stack trace:
#0 C:\xampp\htdocs\JDH_POS\src\db.php(137): PDO->prepare('SELECT t.*,\r\n  ...')
#1 C:\xampp\htdocs\JDH_POS\src\db.php(168): db_query('SELECT t.*,\r\n  ...', Array)
#2 C:\xampp\htdocs\JDH_POS\admin\companies.php(226): db_fetch_all('SELECT t.*,\r\n  ...', Array)
#3 {main}

Next RuntimeException: Database query failed in C:\xampp\htdocs\JDH_POS\src\db.php:142
Stack trace:
#0 C:\xampp\htdocs\JDH_POS\src\db.php(168): db_query('SELECT t.*,\r\n  ...', Array)
#1 C:\xampp\htdocs\JDH_POS\admin\companies.php(226): db_fetch_all('SELECT t.*,\r\n  ...', Array)
#2 {main}
  thrown in C:\xampp\htdocs\JDH_POS\src\db.php on line 142
