[2026-05-31 18:40:27] [ERROR] [User: 2] [IP: ::1] [Company: 1] Fatal error: Uncaught Error: Call to undefined function admin_hydrate_session_from_user() in C:\xampp\htdocs\JDH_POS\admin\bootstrap.php:29
Stack trace:
#0 C:\xampp\htdocs\JDH_POS\admin\bootstrap.php(70): admin_start_session()
#1 C:\xampp\htdocs\JDH_POS\admin\index.php(9): require_once('C:\\xampp\\htdocs...')
#2 {main}
  thrown in C:\xampp\htdocs\JDH_POS\admin\bootstrap.php on line 29
[2026-05-31 18:40:32] [ERROR] [User: 2] [IP: ::1] [Company: 1] Fatal error: Uncaught Error: Call to undefined function admin_hydrate_session_from_user() in C:\xampp\htdocs\JDH_POS\admin\bootstrap.php:29
Stack trace:
#0 C:\xampp\htdocs\JDH_POS\admin\bootstrap.php(70): admin_start_session()
#1 C:\xampp\htdocs\JDH_POS\admin\index.php(9): require_once('C:\\xampp\\htdocs...')
#2 {main}
  thrown in C:\xampp\htdocs\JDH_POS\admin\bootstrap.php on line 29
[2026-05-31 18:40:35] [ERROR] [User: 2] [IP: ::1] [Company: 1] Fatal error: Uncaught Error: Call to undefined function admin_hydrate_session_from_user() in C:\xampp\htdocs\JDH_POS\admin\bootstrap.php:29
Stack trace:
#0 C:\xampp\htdocs\JDH_POS\admin\bootstrap.php(70): admin_start_session()
#1 C:\xampp\htdocs\JDH_POS\admin\index.php(9): require_once('C:\\xampp\\htdocs...')
#2 {main}
  thrown in C:\xampp\htdocs\JDH_POS\admin\bootstrap.php on line 29
[2026-05-31 23:23:13] [ERROR] [User: 2] [IP: ::1] [Company: 1] Fatal error: Uncaught Error: Call to undefined function admin_hydrate_session_from_user() in C:\xampp\htdocs\JDH_POS\admin\bootstrap.php:29
Stack trace:
#0 C:\xampp\htdocs\JDH_POS\admin\bootstrap.php(70): admin_start_session()
#1 C:\xampp\htdocs\JDH_POS\admin\index.php(9): require_once('C:\\xampp\\htdocs...')
#2 {main}
  thrown in C:\xampp\htdocs\JDH_POS\admin\bootstrap.php on line 29
