[2026-06-11 08:08:34] [ERROR] [User: 2] [IP: ::1] [Company: 1] Fatal error: Cannot redeclare db_has_column() (previously declared in C:\xampp\htdocs\JDH_POS\src\db.php:52) in C:\xampp\htdocs\JDH_POS\src\MultiTenantFilter.php on line 424
[2026-06-11 08:09:34] [ERROR] [User: 2] [IP: ::1] [Company: 1] Fatal error: Cannot redeclare db_has_column() (previously declared in C:\xampp\htdocs\JDH_POS\src\db.php:52) in C:\xampp\htdocs\JDH_POS\src\MultiTenantFilter.php on line 424
[2026-06-11 08:10:34] [ERROR] [User: 2] [IP: ::1] [Company: 1] Fatal error: Cannot redeclare db_has_column() (previously declared in C:\xampp\htdocs\JDH_POS\src\db.php:52) in C:\xampp\htdocs\JDH_POS\src\MultiTenantFilter.php on line 424
[2026-06-11 08:11:34] [ERROR] [User: 2] [IP: ::1] [Company: 1] Fatal error: Cannot redeclare db_has_column() (previously declared in C:\xampp\htdocs\JDH_POS\src\db.php:52) in C:\xampp\htdocs\JDH_POS\src\MultiTenantFilter.php on line 424
[2026-06-11 08:12:34] [ERROR] [User: 2] [IP: ::1] [Company: 1] Fatal error: Cannot redeclare db_has_column() (previously declared in C:\xampp\htdocs\JDH_POS\src\db.php:52) in C:\xampp\htdocs\JDH_POS\src\MultiTenantFilter.php on line 424
[2026-06-11 08:13:34] [ERROR] [User: 2] [IP: ::1] [Company: 1] Fatal error: Cannot redeclare db_has_column() (previously declared in C:\xampp\htdocs\JDH_POS\src\db.php:52) in C:\xampp\htdocs\JDH_POS\src\MultiTenantFilter.php on line 424
[2026-06-11 08:14:20] [ERROR] [User: 2] [IP: ::1] [Company: 1] Fatal error: Cannot redeclare db_has_column() (previously declared in C:\xampp\htdocs\JDH_POS\src\db.php:52) in C:\xampp\htdocs\JDH_POS\src\MultiTenantFilter.php on line 424
[2026-06-11 08:14:24] [ERROR] [User: 2] [IP: ::1] [Company: 1] Fatal error: Cannot redeclare db_has_column() (previously declared in C:\xampp\htdocs\JDH_POS\src\db.php:52) in C:\xampp\htdocs\JDH_POS\src\MultiTenantFilter.php on line 424
[2026-06-11 08:14:30] [ERROR] [User: 2] [IP: ::1] [Company: 1] Fatal error: Cannot redeclare db_has_column() (previously declared in C:\xampp\htdocs\JDH_POS\src\db.php:52) in C:\xampp\htdocs\JDH_POS\src\MultiTenantFilter.php on line 424
[2026-06-11 08:14:37] [ERROR] [User: 2] [IP: ::1] [Company: 1] Fatal error: Cannot redeclare db_has_column() (previously declared in C:\xampp\htdocs\JDH_POS\src\db.php:52) in C:\xampp\htdocs\JDH_POS\src\MultiTenantFilter.php on line 424
[2026-06-11 08:14:39] [ERROR] [User: 2] [IP: ::1] [Company: 1] Fatal error: Cannot redeclare db_has_column() (previously declared in C:\xampp\htdocs\JDH_POS\src\db.php:52) in C:\xampp\htdocs\JDH_POS\src\MultiTenantFilter.php on line 424
[2026-06-11 08:14:42] [ERROR] [User: 2] [IP: ::1] [Company: 1] Fatal error: Cannot redeclare db_has_column() (previously declared in C:\xampp\htdocs\JDH_POS\src\db.php:52) in C:\xampp\htdocs\JDH_POS\src\MultiTenantFilter.php on line 424
[2026-06-11 08:14:44] [ERROR] [User: 2] [IP: ::1] [Company: 1] Fatal error: Cannot redeclare db_has_column() (previously declared in C:\xampp\htdocs\JDH_POS\src\db.php:52) in C:\xampp\htdocs\JDH_POS\src\MultiTenantFilter.php on line 424
[2026-06-11 08:14:45] [ERROR] [User: 2] [IP: ::1] [Company: 1] Fatal error: Cannot redeclare db_has_column() (previously declared in C:\xampp\htdocs\JDH_POS\src\db.php:52) in C:\xampp\htdocs\JDH_POS\src\MultiTenantFilter.php on line 424
[2026-06-11 08:14:46] [ERROR] [User: 2] [IP: ::1] [Company: 1] Fatal error: Cannot redeclare db_has_column() (previously declared in C:\xampp\htdocs\JDH_POS\src\db.php:52) in C:\xampp\htdocs\JDH_POS\src\MultiTenantFilter.php on line 424
[2026-06-11 08:42:34] [ERROR] [User: 2] [IP: ::1] [Company: 1] Fatal error: Uncaught PDOException: SQLSTATE[42S22]: Column not found: 1054 Unknown column '$current_branch_id' in 'where clause' in C:\xampp\htdocs\JDH_POS\public\pos\discounts\discounts.php:234
Stack trace:
#0 C:\xampp\htdocs\JDH_POS\public\pos\discounts\discounts.php(234): PDO->query('SELECT id, name...')
#1 {main}
  thrown in C:\xampp\htdocs\JDH_POS\public\pos\discounts\discounts.php on line 234
[2026-06-11 08:53:14] [ERROR] [User: 2] [IP: ::1] [Company: 1] Fatal error: Cannot redeclare db_has_column() (previously declared in C:\xampp\htdocs\JDH_POS\src\db.php:52) in C:\xampp\htdocs\JDH_POS\src\MultiTenantFilter.php on line 424
[2026-06-11 08:54:14] [ERROR] [User: 2] [IP: ::1] [Company: 1] Fatal error: Cannot redeclare db_has_column() (previously declared in C:\xampp\htdocs\JDH_POS\src\db.php:52) in C:\xampp\htdocs\JDH_POS\src\MultiTenantFilter.php on line 424
[2026-06-11 08:55:14] [ERROR] [User: 2] [IP: ::1] [Company: 1] Fatal error: Cannot redeclare db_has_column() (previously declared in C:\xampp\htdocs\JDH_POS\src\db.php:52) in C:\xampp\htdocs\JDH_POS\src\MultiTenantFilter.php on line 424
[2026-06-11 08:56:14] [ERROR] [User: 2] [IP: ::1] [Company: 1] Fatal error: Cannot redeclare db_has_column() (previously declared in C:\xampp\htdocs\JDH_POS\src\db.php:52) in C:\xampp\htdocs\JDH_POS\src\MultiTenantFilter.php on line 424
[2026-06-11 08:56:46] [ERROR] [User: 2] [IP: ::1] [Company: 1] Fatal error: Cannot redeclare db_has_column() (previously declared in C:\xampp\htdocs\JDH_POS\src\db.php:52) in C:\xampp\htdocs\JDH_POS\src\MultiTenantFilter.php on line 424
[2026-06-11 08:56:54] [ERROR] [User: 2] [IP: ::1] [Company: 1] Fatal error: Cannot redeclare db_has_column() (previously declared in C:\xampp\htdocs\JDH_POS\src\db.php:52) in C:\xampp\htdocs\JDH_POS\src\MultiTenantFilter.php on line 424
[2026-06-11 08:56:55] [ERROR] [User: 2] [IP: ::1] [Company: 1] Fatal error: Cannot redeclare db_has_column() (previously declared in C:\xampp\htdocs\JDH_POS\src\db.php:52) in C:\xampp\htdocs\JDH_POS\src\MultiTenantFilter.php on line 424
[2026-06-11 08:56:55] [ERROR] [User: 2] [IP: ::1] [Company: 1] Fatal error: Cannot redeclare db_has_column() (previously declared in C:\xampp\htdocs\JDH_POS\src\db.php:52) in C:\xampp\htdocs\JDH_POS\src\MultiTenantFilter.php on line 424
[2026-06-11 09:10:17] [ERROR] [User: 2] [IP: ::1] [Company: 1] Fatal error: Cannot redeclare db_has_column() (previously declared in C:\xampp\htdocs\JDH_POS\src\db.php:52) in C:\xampp\htdocs\JDH_POS\src\MultiTenantFilter.php on line 424
[2026-06-11 09:10:19] [ERROR] [User: 2] [IP: ::1] [Company: 1] Fatal error: Cannot redeclare db_has_column() (previously declared in C:\xampp\htdocs\JDH_POS\src\db.php:52) in C:\xampp\htdocs\JDH_POS\src\MultiTenantFilter.php on line 424
[2026-06-11 09:10:22] [ERROR] [User: 2] [IP: ::1] [Company: 1] Fatal error: Cannot redeclare db_has_column() (previously declared in C:\xampp\htdocs\JDH_POS\src\db.php:52) in C:\xampp\htdocs\JDH_POS\src\MultiTenantFilter.php on line 424
[2026-06-11 09:10:22] [ERROR] [User: 2] [IP: ::1] [Company: 1] Fatal error: Cannot redeclare db_has_column() (previously declared in C:\xampp\htdocs\JDH_POS\src\db.php:52) in C:\xampp\htdocs\JDH_POS\src\MultiTenantFilter.php on line 424
[2026-06-11 09:10:24] [ERROR] [User: 2] [IP: ::1] [Company: 1] Fatal error: Cannot redeclare db_has_column() (previously declared in C:\xampp\htdocs\JDH_POS\src\db.php:52) in C:\xampp\htdocs\JDH_POS\src\MultiTenantFilter.php on line 424
[2026-06-11 09:10:24] [ERROR] [User: 2] [IP: ::1] [Company: 1] Fatal error: Cannot redeclare db_has_column() (previously declared in C:\xampp\htdocs\JDH_POS\src\db.php:52) in C:\xampp\htdocs\JDH_POS\src\MultiTenantFilter.php on line 424
[2026-06-11 09:10:24] [ERROR] [User: 2] [IP: ::1] [Company: 1] Fatal error: Cannot redeclare db_has_column() (previously declared in C:\xampp\htdocs\JDH_POS\src\db.php:52) in C:\xampp\htdocs\JDH_POS\src\MultiTenantFilter.php on line 424
[2026-06-11 09:10:24] [ERROR] [User: 2] [IP: ::1] [Company: 1] Fatal error: Cannot redeclare db_has_column() (previously declared in C:\xampp\htdocs\JDH_POS\src\db.php:52) in C:\xampp\htdocs\JDH_POS\src\MultiTenantFilter.php on line 424
[2026-06-11 09:10:25] [ERROR] [User: 2] [IP: ::1] [Company: 1] Fatal error: Cannot redeclare db_has_column() (previously declared in C:\xampp\htdocs\JDH_POS\src\db.php:52) in C:\xampp\htdocs\JDH_POS\src\MultiTenantFilter.php on line 424
[2026-06-11 09:10:26] [ERROR] [User: 2] [IP: ::1] [Company: 1] Fatal error: Cannot redeclare db_has_column() (previously declared in C:\xampp\htdocs\JDH_POS\src\db.php:52) in C:\xampp\htdocs\JDH_POS\src\MultiTenantFilter.php on line 424
[2026-06-11 09:17:22] [ERROR] [User: 2] [IP: ::1] [Company: 1] Fatal error: Cannot redeclare db_has_column() (previously declared in C:\xampp\htdocs\JDH_POS\src\db.php:52) in C:\xampp\htdocs\JDH_POS\src\MultiTenantFilter.php on line 424
[2026-06-11 09:17:23] [ERROR] [User: 2] [IP: ::1] [Company: 1] Fatal error: Cannot redeclare db_has_column() (previously declared in C:\xampp\htdocs\JDH_POS\src\db.php:52) in C:\xampp\htdocs\JDH_POS\src\MultiTenantFilter.php on line 424
[2026-06-11 09:17:24] [ERROR] [User: 2] [IP: ::1] [Company: 1] Fatal error: Cannot redeclare db_has_column() (previously declared in C:\xampp\htdocs\JDH_POS\src\db.php:52) in C:\xampp\htdocs\JDH_POS\src\MultiTenantFilter.php on line 424
[2026-06-11 09:17:25] [ERROR] [User: 2] [IP: ::1] [Company: 1] Fatal error: Cannot redeclare db_has_column() (previously declared in C:\xampp\htdocs\JDH_POS\src\db.php:52) in C:\xampp\htdocs\JDH_POS\src\MultiTenantFilter.php on line 424
[2026-06-11 09:17:27] [ERROR] [User: 2] [IP: ::1] [Company: 1] Fatal error: Cannot redeclare db_has_column() (previously declared in C:\xampp\htdocs\JDH_POS\src\db.php:52) in C:\xampp\htdocs\JDH_POS\src\MultiTenantFilter.php on line 424
[2026-06-11 09:17:31] [ERROR] [User: 2] [IP: ::1] [Company: 1] Fatal error: Cannot redeclare db_has_column() (previously declared in C:\xampp\htdocs\JDH_POS\src\db.php:52) in C:\xampp\htdocs\JDH_POS\src\MultiTenantFilter.php on line 424
[2026-06-11 09:17:31] [ERROR] [User: 2] [IP: ::1] [Company: 1] Fatal error: Cannot redeclare db_has_column() (previously declared in C:\xampp\htdocs\JDH_POS\src\db.php:52) in C:\xampp\htdocs\JDH_POS\src\MultiTenantFilter.php on line 424
[2026-06-11 09:17:31] [ERROR] [User: 2] [IP: ::1] [Company: 1] Fatal error: Cannot redeclare db_has_column() (previously declared in C:\xampp\htdocs\JDH_POS\src\db.php:52) in C:\xampp\htdocs\JDH_POS\src\MultiTenantFilter.php on line 424
[2026-06-11 09:17:32] [ERROR] [User: 2] [IP: ::1] [Company: 1] Fatal error: Cannot redeclare db_has_column() (previously declared in C:\xampp\htdocs\JDH_POS\src\db.php:52) in C:\xampp\htdocs\JDH_POS\src\MultiTenantFilter.php on line 424
[2026-06-11 09:17:32] [ERROR] [User: 2] [IP: ::1] [Company: 1] Fatal error: Cannot redeclare db_has_column() (previously declared in C:\xampp\htdocs\JDH_POS\src\db.php:52) in C:\xampp\htdocs\JDH_POS\src\MultiTenantFilter.php on line 424
[2026-06-11 09:17:32] [ERROR] [User: 2] [IP: ::1] [Company: 1] Fatal error: Cannot redeclare db_has_column() (previously declared in C:\xampp\htdocs\JDH_POS\src\db.php:52) in C:\xampp\htdocs\JDH_POS\src\MultiTenantFilter.php on line 424
[2026-06-11 09:17:32] [ERROR] [User: 2] [IP: ::1] [Company: 1] Fatal error: Cannot redeclare db_has_column() (previously declared in C:\xampp\htdocs\JDH_POS\src\db.php:52) in C:\xampp\htdocs\JDH_POS\src\MultiTenantFilter.php on line 424
[2026-06-11 09:17:33] [ERROR] [User: 2] [IP: ::1] [Company: 1] Fatal error: Cannot redeclare db_has_column() (previously declared in C:\xampp\htdocs\JDH_POS\src\db.php:52) in C:\xampp\htdocs\JDH_POS\src\MultiTenantFilter.php on line 424
[2026-06-11 09:17:33] [ERROR] [User: 2] [IP: ::1] [Company: 1] Fatal error: Cannot redeclare db_has_column() (previously declared in C:\xampp\htdocs\JDH_POS\src\db.php:52) in C:\xampp\htdocs\JDH_POS\src\MultiTenantFilter.php on line 424
[2026-06-11 09:17:33] [ERROR] [User: 2] [IP: ::1] [Company: 1] Fatal error: Cannot redeclare db_has_column() (previously declared in C:\xampp\htdocs\JDH_POS\src\db.php:52) in C:\xampp\htdocs\JDH_POS\src\MultiTenantFilter.php on line 424
[2026-06-11 09:17:33] [ERROR] [User: 2] [IP: ::1] [Company: 1] Fatal error: Cannot redeclare db_has_column() (previously declared in C:\xampp\htdocs\JDH_POS\src\db.php:52) in C:\xampp\htdocs\JDH_POS\src\MultiTenantFilter.php on line 424
[2026-06-11 09:17:33] [ERROR] [User: 2] [IP: ::1] [Company: 1] Fatal error: Cannot redeclare db_has_column() (previously declared in C:\xampp\htdocs\JDH_POS\src\db.php:52) in C:\xampp\htdocs\JDH_POS\src\MultiTenantFilter.php on line 424
[2026-06-11 09:17:34] [ERROR] [User: 2] [IP: ::1] [Company: 1] Fatal error: Cannot redeclare db_has_column() (previously declared in C:\xampp\htdocs\JDH_POS\src\db.php:52) in C:\xampp\htdocs\JDH_POS\src\MultiTenantFilter.php on line 424
[2026-06-11 09:17:35] [ERROR] [User: 2] [IP: ::1] [Company: 1] Fatal error: Cannot redeclare db_has_column() (previously declared in C:\xampp\htdocs\JDH_POS\src\db.php:52) in C:\xampp\htdocs\JDH_POS\src\MultiTenantFilter.php on line 424
[2026-06-11 09:17:35] [ERROR] [User: 2] [IP: ::1] [Company: 1] Fatal error: Cannot redeclare db_has_column() (previously declared in C:\xampp\htdocs\JDH_POS\src\db.php:52) in C:\xampp\htdocs\JDH_POS\src\MultiTenantFilter.php on line 424
[2026-06-11 09:22:16] [ERROR] [User: 2] [IP: ::1] [Company: 1] Fatal error: Cannot redeclare db_has_column() (previously declared in C:\xampp\htdocs\JDH_POS\src\db.php:52) in C:\xampp\htdocs\JDH_POS\src\MultiTenantFilter.php on line 424
[2026-06-11 10:13:47] [ERROR] [User: 2] [IP: ::1] [Company: 1] Fatal error: Cannot redeclare db_has_column() (previously declared in C:\xampp\htdocs\JDH_POS\src\db.php:52) in C:\xampp\htdocs\JDH_POS\src\MultiTenantFilter.php on line 424
[2026-06-11 10:13:48] [ERROR] [User: 2] [IP: ::1] [Company: 1] Fatal error: Cannot redeclare db_has_column() (previously declared in C:\xampp\htdocs\JDH_POS\src\db.php:52) in C:\xampp\htdocs\JDH_POS\src\MultiTenantFilter.php on line 424
[2026-06-11 10:36:19] [ERROR] [User: 2] [IP: ::1] [Company: 1] Fatal error: Cannot redeclare db_has_column() (previously declared in C:\xampp\htdocs\JDH_POS\src\db.php:52) in C:\xampp\htdocs\JDH_POS\src\MultiTenantFilter.php on line 424
[2026-06-11 10:36:22] [ERROR] [User: 2] [IP: ::1] [Company: 1] Fatal error: Cannot redeclare db_has_column() (previously declared in C:\xampp\htdocs\JDH_POS\src\db.php:52) in C:\xampp\htdocs\JDH_POS\src\MultiTenantFilter.php on line 424
[2026-06-11 10:36:24] [ERROR] [User: 2] [IP: ::1] [Company: 1] Fatal error: Cannot redeclare db_has_column() (previously declared in C:\xampp\htdocs\JDH_POS\src\db.php:52) in C:\xampp\htdocs\JDH_POS\src\MultiTenantFilter.php on line 424
[2026-06-11 10:36:25] [ERROR] [User: 2] [IP: ::1] [Company: 1] Fatal error: Cannot redeclare db_has_column() (previously declared in C:\xampp\htdocs\JDH_POS\src\db.php:52) in C:\xampp\htdocs\JDH_POS\src\MultiTenantFilter.php on line 424
[2026-06-11 10:36:27] [ERROR] [User: 2] [IP: ::1] [Company: 1] Fatal error: Cannot redeclare db_has_column() (previously declared in C:\xampp\htdocs\JDH_POS\src\db.php:52) in C:\xampp\htdocs\JDH_POS\src\MultiTenantFilter.php on line 424
[2026-06-11 11:11:55] [ERROR] [User: 2] [IP: ::1] [Company: 1] Fatal error: Uncaught PDOException: SQLSTATE[42S22]: Column not found: 1054 Unknown column '$current_branch_id' in 'where clause' in C:\xampp\htdocs\JDH_POS\public\pos\discounts\discounts.php:234
Stack trace:
#0 C:\xampp\htdocs\JDH_POS\public\pos\discounts\discounts.php(234): PDO->query('SELECT id, name...')
#1 {main}
  thrown in C:\xampp\htdocs\JDH_POS\public\pos\discounts\discounts.php on line 234
[2026-06-11 12:05:12] [ERROR] [User: 2] [IP: ::1] [Company: 1] Fatal error: Uncaught PDOException: SQLSTATE[42S22]: Column not found: 1054 Unknown column '$current_branch_id' in 'where clause' in C:\xampp\htdocs\JDH_POS\public\pos\discounts\discounts.php:234
Stack trace:
#0 C:\xampp\htdocs\JDH_POS\public\pos\discounts\discounts.php(234): PDO->query('SELECT id, name...')
#1 {main}
  thrown in C:\xampp\htdocs\JDH_POS\public\pos\discounts\discounts.php on line 234
[2026-06-11 12:27:29] [ERROR] [User: 2] [IP: ::1] [Company: 1] Fatal error: Uncaught PDOException: SQLSTATE[42S22]: Column not found: 1054 Unknown column '$current_branch_id' in 'where clause' in C:\xampp\htdocs\JDH_POS\public\pos\discounts\discounts.php:234
Stack trace:
#0 C:\xampp\htdocs\JDH_POS\public\pos\discounts\discounts.php(234): PDO->query('SELECT id, name...')
#1 {main}
  thrown in C:\xampp\htdocs\JDH_POS\public\pos\discounts\discounts.php on line 234
[2026-06-11 12:27:38] [ERROR] [User: 2] [IP: ::1] [Company: 1] Fatal error: Uncaught Error: Call to undefined function get_current_business_type_id() in C:\xampp\htdocs\JDH_POS\public\products\products.php:26
Stack trace:
#0 {main}
  thrown in C:\xampp\htdocs\JDH_POS\public\products\products.php on line 26
[2026-06-11 12:36:14] [ERROR] [User: 2] [IP: ::1] [Company: 1] Fatal error: Uncaught Error: Call to undefined function get_current_business_type_id() in C:\xampp\htdocs\JDH_POS\public\products\products.php:26
Stack trace:
#0 {main}
  thrown in C:\xampp\htdocs\JDH_POS\public\products\products.php on line 26
[2026-06-11 13:45:33] [ERROR] [User: 2] [IP: ::1] [Company: 1] Fatal error: Uncaught TypeError: ucwords(): Argument #1 ($string) must be of type string, array given in C:\xampp\htdocs\JDH_POS\public\pos\pos.php:250
Stack trace:
#0 C:\xampp\htdocs\JDH_POS\public\pos\pos.php(250): ucwords(Array)
#1 {main}
  thrown in C:\xampp\htdocs\JDH_POS\public\pos\pos.php on line 250
[2026-06-11 13:45:38] [ERROR] [User: 2] [IP: ::1] [Company: 1] Fatal error: Uncaught TypeError: ucwords(): Argument #1 ($string) must be of type string, array given in C:\xampp\htdocs\JDH_POS\public\pos\pos.php:250
Stack trace:
#0 C:\xampp\htdocs\JDH_POS\public\pos\pos.php(250): ucwords(Array)
#1 {main}
  thrown in C:\xampp\htdocs\JDH_POS\public\pos\pos.php on line 250
[2026-06-11 13:45:59] [ERROR] [User: 2] [IP: ::1] [Company: 1] Fatal error: Uncaught TypeError: ucwords(): Argument #1 ($string) must be of type string, array given in C:\xampp\htdocs\JDH_POS\public\pos\pos.php:250
Stack trace:
#0 C:\xampp\htdocs\JDH_POS\public\pos\pos.php(250): ucwords(Array)
#1 {main}
  thrown in C:\xampp\htdocs\JDH_POS\public\pos\pos.php on line 250
[2026-06-11 13:46:26] [ERROR] [User: 2] [IP: ::1] [Company: 1] Fatal error: Uncaught TypeError: ucwords(): Argument #1 ($string) must be of type string, array given in C:\xampp\htdocs\JDH_POS\public\pos\pos.php:250
Stack trace:
#0 C:\xampp\htdocs\JDH_POS\public\pos\pos.php(250): ucwords(Array)
#1 {main}
  thrown in C:\xampp\htdocs\JDH_POS\public\pos\pos.php on line 250
[2026-06-11 13:48:28] [ERROR] [User: 2] [IP: ::1] [Company: 1] Fatal error: Uncaught TypeError: ucwords(): Argument #1 ($string) must be of type string, array given in C:\xampp\htdocs\JDH_POS\public\pos\pos.php:250
Stack trace:
#0 C:\xampp\htdocs\JDH_POS\public\pos\pos.php(250): ucwords(Array)
#1 {main}
  thrown in C:\xampp\htdocs\JDH_POS\public\pos\pos.php on line 250
[2026-06-11 14:56:51] [ERROR] [User: 2] [IP: ::1] [Company: 1] Fatal error: Uncaught TypeError: ucwords(): Argument #1 ($string) must be of type string, array given in C:\xampp\htdocs\JDH_POS\public\pos\pos.php:250
Stack trace:
#0 C:\xampp\htdocs\JDH_POS\public\pos\pos.php(250): ucwords(Array)
#1 {main}
  thrown in C:\xampp\htdocs\JDH_POS\public\pos\pos.php on line 250
[2026-06-11 14:57:59] [ERROR] [User: 2] [IP: ::1] [Company: 1] Fatal error: Uncaught TypeError: ucwords(): Argument #1 ($string) must be of type string, array given in C:\xampp\htdocs\JDH_POS\public\pos\pos.php:250
Stack trace:
#0 C:\xampp\htdocs\JDH_POS\public\pos\pos.php(250): ucwords(Array)
#1 {main}
  thrown in C:\xampp\htdocs\JDH_POS\public\pos\pos.php on line 250
[2026-06-11 15:40:16] [ERROR] [User: 2] [IP: ::1] [Company: 1] Fatal error: Uncaught TypeError: ucwords(): Argument #1 ($string) must be of type string, array given in C:\xampp\htdocs\JDH_POS\public\pos\pos.php:250
Stack trace:
#0 C:\xampp\htdocs\JDH_POS\public\pos\pos.php(250): ucwords(Array)
#1 {main}
  thrown in C:\xampp\htdocs\JDH_POS\public\pos\pos.php on line 250
[2026-06-11 15:42:35] [ERROR] [User: 2] [IP: ::1] [Company: 1] Fatal error: Uncaught TypeError: ucwords(): Argument #1 ($string) must be of type string, array given in C:\xampp\htdocs\JDH_POS\public\pos\pos.php:250
Stack trace:
#0 C:\xampp\htdocs\JDH_POS\public\pos\pos.php(250): ucwords(Array)
#1 {main}
  thrown in C:\xampp\htdocs\JDH_POS\public\pos\pos.php on line 250
[2026-06-11 16:29:54] [ERROR] [User: 2] [IP: ::1] [Company: 1] Fatal error: Uncaught TypeError: ucwords(): Argument #1 ($string) must be of type string, array given in C:\xampp\htdocs\JDH_POS\public\pos\pos.php:250
Stack trace:
#0 C:\xampp\htdocs\JDH_POS\public\pos\pos.php(250): ucwords(Array)
#1 {main}
  thrown in C:\xampp\htdocs\JDH_POS\public\pos\pos.php on line 250
[2026-06-11 16:30:03] [ERROR] [User: 2] [IP: ::1] [Company: 1] Fatal error: Uncaught TypeError: ucwords(): Argument #1 ($string) must be of type string, array given in C:\xampp\htdocs\JDH_POS\public\pos\pos.php:250
Stack trace:
#0 C:\xampp\htdocs\JDH_POS\public\pos\pos.php(250): ucwords(Array)
#1 {main}
  thrown in C:\xampp\htdocs\JDH_POS\public\pos\pos.php on line 250
[2026-06-11 16:33:06] [ERROR] [User: 2] [IP: ::1] [Company: 1] Fatal error: Uncaught TypeError: ucwords(): Argument #1 ($string) must be of type string, array given in C:\xampp\htdocs\JDH_POS\public\pos\pos.php:250
Stack trace:
#0 C:\xampp\htdocs\JDH_POS\public\pos\pos.php(250): ucwords(Array)
#1 {main}
  thrown in C:\xampp\htdocs\JDH_POS\public\pos\pos.php on line 250
[2026-06-11 16:33:52] [ERROR] [User: 2] [IP: ::1] [Company: 1] Fatal error: Uncaught TypeError: ucwords(): Argument #1 ($string) must be of type string, array given in C:\xampp\htdocs\JDH_POS\public\pos\pos.php:250
Stack trace:
#0 C:\xampp\htdocs\JDH_POS\public\pos\pos.php(250): ucwords(Array)
#1 {main}
  thrown in C:\xampp\htdocs\JDH_POS\public\pos\pos.php on line 250
[2026-06-11 16:35:37] [ERROR] [User: 2] [IP: ::1] [Company: 1] Fatal error: Uncaught TypeError: ucwords(): Argument #1 ($string) must be of type string, array given in C:\xampp\htdocs\JDH_POS\public\pos\pos.php:250
Stack trace:
#0 C:\xampp\htdocs\JDH_POS\public\pos\pos.php(250): ucwords(Array)
#1 {main}
  thrown in C:\xampp\htdocs\JDH_POS\public\pos\pos.php on line 250
[2026-06-11 16:43:38] [ERROR] [User: 2] [IP: ::1] [Company: 1] Fatal error: Uncaught TypeError: ucwords(): Argument #1 ($string) must be of type string, array given in C:\xampp\htdocs\JDH_POS\public\pos\pos.php:250
Stack trace:
#0 C:\xampp\htdocs\JDH_POS\public\pos\pos.php(250): ucwords(Array)
#1 {main}
  thrown in C:\xampp\htdocs\JDH_POS\public\pos\pos.php on line 250
[2026-06-11 17:42:25] [ERROR] [User: 2] [IP: ::1] [Company: 1] Fatal error: Uncaught TypeError: ucwords(): Argument #1 ($string) must be of type string, array given in C:\xampp\htdocs\JDH_POS\public\pos\pos.php:250
Stack trace:
#0 C:\xampp\htdocs\JDH_POS\public\pos\pos.php(250): ucwords(Array)
#1 {main}
  thrown in C:\xampp\htdocs\JDH_POS\public\pos\pos.php on line 250
[2026-06-11 18:07:18] [ERROR] [User: 2] [IP: ::1] [Company: 1] Fatal error: Uncaught Error: Call to undefined function get_current_business_type_id() in C:\xampp\htdocs\JDH_POS\public\products\products.php:26
Stack trace:
#0 {main}
  thrown in C:\xampp\htdocs\JDH_POS\public\products\products.php on line 26
[2026-06-11 18:35:02] [ERROR] [User: 2] [IP: ::1] [Company: 1] Fatal error: Uncaught Error: Call to undefined function get_current_business_type_id() in C:\xampp\htdocs\JDH_POS\public\products\products.php:26
Stack trace:
#0 {main}
  thrown in C:\xampp\htdocs\JDH_POS\public\products\products.php on line 26
