[2026-03-31 15:36:49] [ERROR] [User: 1] [IP: ::1] [Company: 1] Fatal error: Uncaught PDOException: SQLSTATE[42S22]: Column not found: 1054 Unknown column 'c.currency' in 'field list' in C:\xampp\htdocs\JDH_POS\public\pos\pos.php:45
Stack trace:
#0 C:\xampp\htdocs\JDH_POS\public\pos\pos.php(45): PDO->prepare('\n        SELECT...')
#1 C:\xampp\htdocs\JDH_POS\public\pos\pos.php(400): fetch_company(Object(PDO), 1)
#2 {main}
  thrown in C:\xampp\htdocs\JDH_POS\public\pos\pos.php on line 45
[2026-03-31 15:36:52] [ERROR] [User: 1] [IP: ::1] [Company: 1] Fatal error: Uncaught PDOException: SQLSTATE[42S22]: Column not found: 1054 Unknown column 'c.currency' in 'field list' in C:\xampp\htdocs\JDH_POS\public\pos\pos.php:45
Stack trace:
#0 C:\xampp\htdocs\JDH_POS\public\pos\pos.php(45): PDO->prepare('\n        SELECT...')
#1 C:\xampp\htdocs\JDH_POS\public\pos\pos.php(400): fetch_company(Object(PDO), 1)
#2 {main}
  thrown in C:\xampp\htdocs\JDH_POS\public\pos\pos.php on line 45
[2026-03-31 15:39:25] [ERROR] [User: 1] [IP: ::1] [Company: 1] Fatal error: Uncaught PDOException: SQLSTATE[42S22]: Column not found: 1054 Unknown column 'c.currency' in 'field list' in C:\xampp\htdocs\JDH_POS\public\pos\pos.php:45
Stack trace:
#0 C:\xampp\htdocs\JDH_POS\public\pos\pos.php(45): PDO->prepare('\n        SELECT...')
#1 C:\xampp\htdocs\JDH_POS\public\pos\pos.php(400): fetch_company(Object(PDO), 1)
#2 {main}
  thrown in C:\xampp\htdocs\JDH_POS\public\pos\pos.php on line 45
[2026-03-31 15:39:26] [ERROR] [User: 1] [IP: ::1] [Company: 1] Fatal error: Uncaught PDOException: SQLSTATE[42S22]: Column not found: 1054 Unknown column 'c.currency' in 'field list' in C:\xampp\htdocs\JDH_POS\public\pos\pos.php:45
Stack trace:
#0 C:\xampp\htdocs\JDH_POS\public\pos\pos.php(45): PDO->prepare('\n        SELECT...')
#1 C:\xampp\htdocs\JDH_POS\public\pos\pos.php(400): fetch_company(Object(PDO), 1)
#2 {main}
  thrown in C:\xampp\htdocs\JDH_POS\public\pos\pos.php on line 45
[2026-03-31 15:41:06] [ERROR] [User: 1] [IP: ::1] [Company: 1] Fatal error: Uncaught PDOException: SQLSTATE[42S22]: Column not found: 1054 Unknown column 'c.currency' in 'field list' in C:\xampp\htdocs\JDH_POS\public\pos\pos.php:45
Stack trace:
#0 C:\xampp\htdocs\JDH_POS\public\pos\pos.php(45): PDO->prepare('\n        SELECT...')
#1 C:\xampp\htdocs\JDH_POS\public\pos\pos.php(400): fetch_company(Object(PDO), 1)
#2 {main}
  thrown in C:\xampp\htdocs\JDH_POS\public\pos\pos.php on line 45
[2026-03-31 15:41:08] [ERROR] [User: 1] [IP: ::1] [Company: 1] Fatal error: Uncaught PDOException: SQLSTATE[42S22]: Column not found: 1054 Unknown column 'c.currency' in 'field list' in C:\xampp\htdocs\JDH_POS\public\pos\pos.php:45
Stack trace:
#0 C:\xampp\htdocs\JDH_POS\public\pos\pos.php(45): PDO->prepare('\n        SELECT...')
#1 C:\xampp\htdocs\JDH_POS\public\pos\pos.php(400): fetch_company(Object(PDO), 1)
#2 {main}
  thrown in C:\xampp\htdocs\JDH_POS\public\pos\pos.php on line 45
[2026-03-31 15:42:52] [ERROR] [User: 1] [IP: ::1] [Company: 1] Fatal error: Uncaught PDOException: SQLSTATE[42S22]: Column not found: 1054 Unknown column 'c.currency' in 'field list' in C:\xampp\htdocs\JDH_POS\public\pos\pos.php:45
Stack trace:
#0 C:\xampp\htdocs\JDH_POS\public\pos\pos.php(45): PDO->prepare('\n        SELECT...')
#1 C:\xampp\htdocs\JDH_POS\public\pos\pos.php(400): fetch_company(Object(PDO), 1)
#2 {main}
  thrown in C:\xampp\htdocs\JDH_POS\public\pos\pos.php on line 45
[2026-03-31 15:42:54] [ERROR] [User: 1] [IP: ::1] [Company: 1] Fatal error: Uncaught PDOException: SQLSTATE[42S22]: Column not found: 1054 Unknown column 'c.currency' in 'field list' in C:\xampp\htdocs\JDH_POS\public\pos\pos.php:45
Stack trace:
#0 C:\xampp\htdocs\JDH_POS\public\pos\pos.php(45): PDO->prepare('\n        SELECT...')
#1 C:\xampp\htdocs\JDH_POS\public\pos\pos.php(400): fetch_company(Object(PDO), 1)
#2 {main}
  thrown in C:\xampp\htdocs\JDH_POS\public\pos\pos.php on line 45
[2026-03-31 15:58:54] [ERROR] [User: 1] [IP: ::1] [Company: 1] Fatal error: Uncaught PDOException: SQLSTATE[42S22]: Column not found: 1054 Unknown column 'c.currency' in 'field list' in C:\xampp\htdocs\JDH_POS\public\pos\pos.php:45
Stack trace:
#0 C:\xampp\htdocs\JDH_POS\public\pos\pos.php(45): PDO->prepare('\n        SELECT...')
#1 C:\xampp\htdocs\JDH_POS\public\pos\pos.php(400): fetch_company(Object(PDO), 1)
#2 {main}
  thrown in C:\xampp\htdocs\JDH_POS\public\pos\pos.php on line 45
[2026-03-31 15:59:08] [ERROR] [User: 1] [IP: ::1] [Company: 1] Fatal error: Uncaught PDOException: SQLSTATE[42S22]: Column not found: 1054 Unknown column 'c.currency' in 'field list' in C:\xampp\htdocs\JDH_POS\public\pos\pos.php:45
Stack trace:
#0 C:\xampp\htdocs\JDH_POS\public\pos\pos.php(45): PDO->prepare('\n        SELECT...')
#1 C:\xampp\htdocs\JDH_POS\public\pos\pos.php(400): fetch_company(Object(PDO), 1)
#2 {main}
  thrown in C:\xampp\htdocs\JDH_POS\public\pos\pos.php on line 45
[2026-03-31 15:59:17] [ERROR] [User: 1] [IP: ::1] [Company: 1] Fatal error: Uncaught PDOException: SQLSTATE[42S22]: Column not found: 1054 Unknown column 'c.currency' in 'field list' in C:\xampp\htdocs\JDH_POS\public\pos\pos.php:45
Stack trace:
#0 C:\xampp\htdocs\JDH_POS\public\pos\pos.php(45): PDO->prepare('\n        SELECT...')
#1 C:\xampp\htdocs\JDH_POS\public\pos\pos.php(400): fetch_company(Object(PDO), 1)
#2 {main}
  thrown in C:\xampp\htdocs\JDH_POS\public\pos\pos.php on line 45
[2026-03-31 15:59:18] [ERROR] [User: 1] [IP: ::1] [Company: 1] Fatal error: Uncaught PDOException: SQLSTATE[42S22]: Column not found: 1054 Unknown column 'c.currency' in 'field list' in C:\xampp\htdocs\JDH_POS\public\pos\pos.php:45
Stack trace:
#0 C:\xampp\htdocs\JDH_POS\public\pos\pos.php(45): PDO->prepare('\n        SELECT...')
#1 C:\xampp\htdocs\JDH_POS\public\pos\pos.php(400): fetch_company(Object(PDO), 1)
#2 {main}
  thrown in C:\xampp\htdocs\JDH_POS\public\pos\pos.php on line 45
[2026-03-31 15:59:20] [ERROR] [User: 1] [IP: ::1] [Company: 1] Fatal error: Uncaught PDOException: SQLSTATE[42S22]: Column not found: 1054 Unknown column 'c.currency' in 'field list' in C:\xampp\htdocs\JDH_POS\public\pos\pos.php:45
Stack trace:
#0 C:\xampp\htdocs\JDH_POS\public\pos\pos.php(45): PDO->prepare('\n        SELECT...')
#1 C:\xampp\htdocs\JDH_POS\public\pos\pos.php(400): fetch_company(Object(PDO), 1)
#2 {main}
  thrown in C:\xampp\htdocs\JDH_POS\public\pos\pos.php on line 45
[2026-03-31 15:59:23] [ERROR] [User: 1] [IP: ::1] [Company: 1] Fatal error: Uncaught PDOException: SQLSTATE[42S22]: Column not found: 1054 Unknown column 'c.currency' in 'field list' in C:\xampp\htdocs\JDH_POS\public\pos\pos.php:45
Stack trace:
#0 C:\xampp\htdocs\JDH_POS\public\pos\pos.php(45): PDO->prepare('\n        SELECT...')
#1 C:\xampp\htdocs\JDH_POS\public\pos\pos.php(400): fetch_company(Object(PDO), 1)
#2 {main}
  thrown in C:\xampp\htdocs\JDH_POS\public\pos\pos.php on line 45
[2026-03-31 16:00:50] [ERROR] [User: 1] [IP: ::1] [Company: 1] Fatal error: Uncaught PDOException: SQLSTATE[42S22]: Column not found: 1054 Unknown column 'c.currency' in 'field list' in C:\xampp\htdocs\JDH_POS\public\pos\pos.php:45
Stack trace:
#0 C:\xampp\htdocs\JDH_POS\public\pos\pos.php(45): PDO->prepare('\n        SELECT...')
#1 C:\xampp\htdocs\JDH_POS\public\pos\pos.php(400): fetch_company(Object(PDO), 1)
#2 {main}
  thrown in C:\xampp\htdocs\JDH_POS\public\pos\pos.php on line 45
[2026-03-31 16:02:41] [ERROR] [User: 1] [IP: ::1] [Company: 1] Fatal error: Uncaught PDOException: SQLSTATE[42S22]: Column not found: 1054 Unknown column 'c.currency' in 'field list' in C:\xampp\htdocs\JDH_POS\public\pos\pos.php:57
Stack trace:
#0 C:\xampp\htdocs\JDH_POS\public\pos\pos.php(57): PDO->prepare('\n        SELECT...')
#1 C:\xampp\htdocs\JDH_POS\public\pos\pos.php(412): fetch_company(Object(PDO), 1)
#2 {main}
  thrown in C:\xampp\htdocs\JDH_POS\public\pos\pos.php on line 57
[2026-03-31 16:02:42] [ERROR] [User: 1] [IP: ::1] [Company: 1] Fatal error: Uncaught PDOException: SQLSTATE[42S22]: Column not found: 1054 Unknown column 'c.currency' in 'field list' in C:\xampp\htdocs\JDH_POS\public\pos\pos.php:57
Stack trace:
#0 C:\xampp\htdocs\JDH_POS\public\pos\pos.php(57): PDO->prepare('\n        SELECT...')
#1 C:\xampp\htdocs\JDH_POS\public\pos\pos.php(412): fetch_company(Object(PDO), 1)
#2 {main}
  thrown in C:\xampp\htdocs\JDH_POS\public\pos\pos.php on line 57
[2026-03-31 16:02:42] [ERROR] [User: 1] [IP: ::1] [Company: 1] Fatal error: Uncaught PDOException: SQLSTATE[42S22]: Column not found: 1054 Unknown column 'c.currency' in 'field list' in C:\xampp\htdocs\JDH_POS\public\pos\pos.php:57
Stack trace:
#0 C:\xampp\htdocs\JDH_POS\public\pos\pos.php(57): PDO->prepare('\n        SELECT...')
#1 C:\xampp\htdocs\JDH_POS\public\pos\pos.php(412): fetch_company(Object(PDO), 1)
#2 {main}
  thrown in C:\xampp\htdocs\JDH_POS\public\pos\pos.php on line 57
[2026-03-31 16:02:43] [ERROR] [User: 1] [IP: ::1] [Company: 1] Fatal error: Uncaught PDOException: SQLSTATE[42S22]: Column not found: 1054 Unknown column 'c.currency' in 'field list' in C:\xampp\htdocs\JDH_POS\public\pos\pos.php:57
Stack trace:
#0 C:\xampp\htdocs\JDH_POS\public\pos\pos.php(57): PDO->prepare('\n        SELECT...')
#1 C:\xampp\htdocs\JDH_POS\public\pos\pos.php(412): fetch_company(Object(PDO), 1)
#2 {main}
  thrown in C:\xampp\htdocs\JDH_POS\public\pos\pos.php on line 57
[2026-03-31 16:02:47] [ERROR] [User: 1] [IP: ::1] [Company: 1] Fatal error: Uncaught PDOException: SQLSTATE[42S22]: Column not found: 1054 Unknown column 'c.currency' in 'field list' in C:\xampp\htdocs\JDH_POS\public\pos\pos.php:57
Stack trace:
#0 C:\xampp\htdocs\JDH_POS\public\pos\pos.php(57): PDO->prepare('\n        SELECT...')
#1 C:\xampp\htdocs\JDH_POS\public\pos\pos.php(412): fetch_company(Object(PDO), 1)
#2 {main}
  thrown in C:\xampp\htdocs\JDH_POS\public\pos\pos.php on line 57
[2026-03-31 16:02:48] [ERROR] [User: 1] [IP: ::1] [Company: 1] Fatal error: Uncaught PDOException: SQLSTATE[42S22]: Column not found: 1054 Unknown column 'c.currency' in 'field list' in C:\xampp\htdocs\JDH_POS\public\pos\pos.php:57
Stack trace:
#0 C:\xampp\htdocs\JDH_POS\public\pos\pos.php(57): PDO->prepare('\n        SELECT...')
#1 C:\xampp\htdocs\JDH_POS\public\pos\pos.php(412): fetch_company(Object(PDO), 1)
#2 {main}
  thrown in C:\xampp\htdocs\JDH_POS\public\pos\pos.php on line 57
[2026-03-31 16:06:48] [ERROR] [User: 1] [IP: ::1] [Company: 1] Fatal error: Uncaught PDOException: SQLSTATE[42S22]: Column not found: 1054 Unknown column 'c.currency' in 'field list' in C:\xampp\htdocs\JDH_POS\public\pos\pos.php:62
Stack trace:
#0 C:\xampp\htdocs\JDH_POS\public\pos\pos.php(62): PDO->prepare('\n        SELECT...')
#1 C:\xampp\htdocs\JDH_POS\public\pos\pos.php(417): fetch_company(Object(PDO), 1)
#2 {main}
  thrown in C:\xampp\htdocs\JDH_POS\public\pos\pos.php on line 62
[2026-03-31 16:11:46] [ERROR] [User: 1] [IP: ::1] [Company: 1] Fatal error: Uncaught PDOException: SQLSTATE[42S22]: Column not found: 1054 Unknown column 'c.currency' in 'field list' in C:\xampp\htdocs\JDH_POS\public\pos\pos.php:62
Stack trace:
#0 C:\xampp\htdocs\JDH_POS\public\pos\pos.php(62): PDO->prepare('\n        SELECT...')
#1 C:\xampp\htdocs\JDH_POS\public\pos\pos.php(417): fetch_company(Object(PDO), 1)
#2 {main}
  thrown in C:\xampp\htdocs\JDH_POS\public\pos\pos.php on line 62
[2026-03-31 17:06:30] [ERROR] [User: 1] [IP: ::1] [Company: 1] Fatal error: Uncaught PDOException: SQLSTATE[42S22]: Column not found: 1054 Unknown column 'c.currency' in 'field list' in C:\xampp\htdocs\JDH_POS\public\pos\pos.php:78
Stack trace:
#0 C:\xampp\htdocs\JDH_POS\public\pos\pos.php(78): PDO->prepare('\n        SELECT...')
#1 C:\xampp\htdocs\JDH_POS\public\pos\pos.php(476): fetch_company(Object(PDO), 1)
#2 {main}
  thrown in C:\xampp\htdocs\JDH_POS\public\pos\pos.php on line 78
[2026-03-31 17:06:36] [ERROR] [User: 1] [IP: ::1] [Company: 1] Fatal error: Uncaught PDOException: SQLSTATE[42S22]: Column not found: 1054 Unknown column 'c.currency' in 'field list' in C:\xampp\htdocs\JDH_POS\public\pos\pos.php:78
Stack trace:
#0 C:\xampp\htdocs\JDH_POS\public\pos\pos.php(78): PDO->prepare('\n        SELECT...')
#1 C:\xampp\htdocs\JDH_POS\public\pos\pos.php(476): fetch_company(Object(PDO), 1)
#2 {main}
  thrown in C:\xampp\htdocs\JDH_POS\public\pos\pos.php on line 78
[2026-03-31 17:06:37] [ERROR] [User: 1] [IP: ::1] [Company: 1] Fatal error: Uncaught PDOException: SQLSTATE[42S22]: Column not found: 1054 Unknown column 'c.currency' in 'field list' in C:\xampp\htdocs\JDH_POS\public\pos\pos.php:78
Stack trace:
#0 C:\xampp\htdocs\JDH_POS\public\pos\pos.php(78): PDO->prepare('\n        SELECT...')
#1 C:\xampp\htdocs\JDH_POS\public\pos\pos.php(476): fetch_company(Object(PDO), 1)
#2 {main}
  thrown in C:\xampp\htdocs\JDH_POS\public\pos\pos.php on line 78
[2026-03-31 17:07:04] [ERROR] [User: 1] [IP: ::1] [Company: 1] Fatal error: Uncaught Error: Call to undefined function get_company_settings() in C:\xampp\htdocs\JDH_POS\public\pos\pos.php:30
Stack trace:
#0 {main}
  thrown in C:\xampp\htdocs\JDH_POS\public\pos\pos.php on line 30
[2026-03-31 17:07:22] [ERROR] [User: 1] [IP: ::1] [Company: 1] Fatal error: Uncaught Error: Call to undefined function get_company_settings() in C:\xampp\htdocs\JDH_POS\public\pos\pos.php:30
Stack trace:
#0 {main}
  thrown in C:\xampp\htdocs\JDH_POS\public\pos\pos.php on line 30
[2026-03-31 17:07:28] [ERROR] [User: 1] [IP: ::1] [Company: 1] Fatal error: Uncaught Error: Call to undefined function get_company_settings() in C:\xampp\htdocs\JDH_POS\public\pos\pos.php:30
Stack trace:
#0 {main}
  thrown in C:\xampp\htdocs\JDH_POS\public\pos\pos.php on line 30
[2026-03-31 17:09:07] [ERROR] [User: 1] [IP: ::1] [Company: 1] Fatal error: Uncaught PDOException: SQLSTATE[42S22]: Column not found: 1054 Unknown column 'c.currency' in 'field list' in C:\xampp\htdocs\JDH_POS\public\pos\pos.php:78
Stack trace:
#0 C:\xampp\htdocs\JDH_POS\public\pos\pos.php(78): PDO->prepare('\n        SELECT...')
#1 C:\xampp\htdocs\JDH_POS\public\pos\pos.php(472): fetch_company(Object(PDO), 1)
#2 {main}
  thrown in C:\xampp\htdocs\JDH_POS\public\pos\pos.php on line 78
[2026-03-31 17:13:11] [ERROR] [User: 1] [IP: ::1] [Company: 1] Fatal error: Uncaught PDOException: SQLSTATE[42S22]: Column not found: 1054 Unknown column 'c.timezone' in 'field list' in C:\xampp\htdocs\JDH_POS\public\pos\pos.php:78
Stack trace:
#0 C:\xampp\htdocs\JDH_POS\public\pos\pos.php(78): PDO->prepare('\n        SELECT...')
#1 C:\xampp\htdocs\JDH_POS\public\pos\pos.php(472): fetch_company(Object(PDO), 1)
#2 {main}
  thrown in C:\xampp\htdocs\JDH_POS\public\pos\pos.php on line 78
[2026-03-31 17:13:12] [ERROR] [User: 1] [IP: ::1] [Company: 1] Fatal error: Uncaught PDOException: SQLSTATE[42S22]: Column not found: 1054 Unknown column 'c.timezone' in 'field list' in C:\xampp\htdocs\JDH_POS\public\pos\pos.php:78
Stack trace:
#0 C:\xampp\htdocs\JDH_POS\public\pos\pos.php(78): PDO->prepare('\n        SELECT...')
#1 C:\xampp\htdocs\JDH_POS\public\pos\pos.php(472): fetch_company(Object(PDO), 1)
#2 {main}
  thrown in C:\xampp\htdocs\JDH_POS\public\pos\pos.php on line 78
[2026-03-31 17:13:12] [ERROR] [User: 1] [IP: ::1] [Company: 1] Fatal error: Uncaught PDOException: SQLSTATE[42S22]: Column not found: 1054 Unknown column 'c.timezone' in 'field list' in C:\xampp\htdocs\JDH_POS\public\pos\pos.php:78
Stack trace:
#0 C:\xampp\htdocs\JDH_POS\public\pos\pos.php(78): PDO->prepare('\n        SELECT...')
#1 C:\xampp\htdocs\JDH_POS\public\pos\pos.php(472): fetch_company(Object(PDO), 1)
#2 {main}
  thrown in C:\xampp\htdocs\JDH_POS\public\pos\pos.php on line 78
[2026-03-31 17:13:13] [ERROR] [User: 1] [IP: ::1] [Company: 1] Fatal error: Uncaught PDOException: SQLSTATE[42S22]: Column not found: 1054 Unknown column 'c.timezone' in 'field list' in C:\xampp\htdocs\JDH_POS\public\pos\pos.php:78
Stack trace:
#0 C:\xampp\htdocs\JDH_POS\public\pos\pos.php(78): PDO->prepare('\n        SELECT...')
#1 C:\xampp\htdocs\JDH_POS\public\pos\pos.php(472): fetch_company(Object(PDO), 1)
#2 {main}
  thrown in C:\xampp\htdocs\JDH_POS\public\pos\pos.php on line 78
[2026-03-31 17:13:13] [ERROR] [User: 1] [IP: ::1] [Company: 1] Fatal error: Uncaught PDOException: SQLSTATE[42S22]: Column not found: 1054 Unknown column 'c.timezone' in 'field list' in C:\xampp\htdocs\JDH_POS\public\pos\pos.php:78
Stack trace:
#0 C:\xampp\htdocs\JDH_POS\public\pos\pos.php(78): PDO->prepare('\n        SELECT...')
#1 C:\xampp\htdocs\JDH_POS\public\pos\pos.php(472): fetch_company(Object(PDO), 1)
#2 {main}
  thrown in C:\xampp\htdocs\JDH_POS\public\pos\pos.php on line 78
[2026-03-31 17:13:25] [ERROR] [User: 1] [IP: ::1] [Company: 1] Fatal error: Uncaught PDOException: SQLSTATE[42S22]: Column not found: 1054 Unknown column 'c.timezone' in 'field list' in C:\xampp\htdocs\JDH_POS\public\pos\pos.php:78
Stack trace:
#0 C:\xampp\htdocs\JDH_POS\public\pos\pos.php(78): PDO->prepare('\n        SELECT...')
#1 C:\xampp\htdocs\JDH_POS\public\pos\pos.php(472): fetch_company(Object(PDO), 1)
#2 {main}
  thrown in C:\xampp\htdocs\JDH_POS\public\pos\pos.php on line 78
[2026-03-31 17:15:26] [ERROR] [User: 1] [IP: ::1] [Company: 1] Fatal error: Uncaught PDOException: SQLSTATE[42S22]: Column not found: 1054 Unknown column 'bt.order_types' in 'field list' in C:\xampp\htdocs\JDH_POS\public\pos\pos.php:78
Stack trace:
#0 C:\xampp\htdocs\JDH_POS\public\pos\pos.php(78): PDO->prepare('\n        SELECT...')
#1 C:\xampp\htdocs\JDH_POS\public\pos\pos.php(472): fetch_company(Object(PDO), 1)
#2 {main}
  thrown in C:\xampp\htdocs\JDH_POS\public\pos\pos.php on line 78
[2026-03-31 17:17:28] [ERROR] [User: 1] [IP: ::1] [Company: 1] Fatal error: Uncaught PDOException: SQLSTATE[42S22]: Column not found: 1054 Unknown column 'bt.order_types' in 'field list' in C:\xampp\htdocs\JDH_POS\public\pos\pos.php:78
Stack trace:
#0 C:\xampp\htdocs\JDH_POS\public\pos\pos.php(78): PDO->prepare('\n        SELECT...')
#1 C:\xampp\htdocs\JDH_POS\public\pos\pos.php(472): fetch_company(Object(PDO), 1)
#2 {main}
  thrown in C:\xampp\htdocs\JDH_POS\public\pos\pos.php on line 78
[2026-03-31 17:18:58] [ERROR] [User: 1] [IP: ::1] [Company: 1] Fatal error: Uncaught PDOException: SQLSTATE[42S22]: Column not found: 1054 Unknown column 'bt.order_types' in 'field list' in C:\xampp\htdocs\JDH_POS\public\pos\pos.php:78
Stack trace:
#0 C:\xampp\htdocs\JDH_POS\public\pos\pos.php(78): PDO->prepare('\n        SELECT...')
#1 C:\xampp\htdocs\JDH_POS\public\pos\pos.php(472): fetch_company(Object(PDO), 1)
#2 {main}
  thrown in C:\xampp\htdocs\JDH_POS\public\pos\pos.php on line 78
[2026-03-31 17:19:02] [ERROR] [User: 1] [IP: ::1] [Company: 1] Fatal error: Uncaught PDOException: SQLSTATE[42S22]: Column not found: 1054 Unknown column 'bt.order_types' in 'field list' in C:\xampp\htdocs\JDH_POS\public\pos\pos.php:78
Stack trace:
#0 C:\xampp\htdocs\JDH_POS\public\pos\pos.php(78): PDO->prepare('\n        SELECT...')
#1 C:\xampp\htdocs\JDH_POS\public\pos\pos.php(472): fetch_company(Object(PDO), 1)
#2 {main}
  thrown in C:\xampp\htdocs\JDH_POS\public\pos\pos.php on line 78
[2026-03-31 17:23:29] [ERROR] [User: 1] [IP: ::1] [Company: 1] Fatal error: Uncaught PDOException: SQLSTATE[42S22]: Column not found: 1054 Unknown column 'timezone' in 'field list' in C:\xampp\htdocs\JDH_POS\public\pos\pos.php:102
Stack trace:
#0 C:\xampp\htdocs\JDH_POS\public\pos\pos.php(102): PDO->prepare('\n            SE...')
#1 C:\xampp\htdocs\JDH_POS\public\pos\pos.php(473): fetch_branch(Object(PDO), 1, 1)
#2 {main}
  thrown in C:\xampp\htdocs\JDH_POS\public\pos\pos.php on line 102
[2026-03-31 17:27:23] [ERROR] [User: 1] [IP: ::1] [Company: 1] Fatal error: Uncaught PDOException: SQLSTATE[42S22]: Column not found: 1054 Unknown column 'timezone' in 'field list' in C:\xampp\htdocs\JDH_POS\public\pos\pos.php:102
Stack trace:
#0 C:\xampp\htdocs\JDH_POS\public\pos\pos.php(102): PDO->prepare('\n            SE...')
#1 C:\xampp\htdocs\JDH_POS\public\pos\pos.php(473): fetch_branch(Object(PDO), 1, 1)
#2 {main}
  thrown in C:\xampp\htdocs\JDH_POS\public\pos\pos.php on line 102
[2026-03-31 17:27:25] [ERROR] [User: 1] [IP: ::1] [Company: 1] Fatal error: Uncaught PDOException: SQLSTATE[42S22]: Column not found: 1054 Unknown column 'timezone' in 'field list' in C:\xampp\htdocs\JDH_POS\public\pos\pos.php:102
Stack trace:
#0 C:\xampp\htdocs\JDH_POS\public\pos\pos.php(102): PDO->prepare('\n            SE...')
#1 C:\xampp\htdocs\JDH_POS\public\pos\pos.php(473): fetch_branch(Object(PDO), 1, 1)
#2 {main}
  thrown in C:\xampp\htdocs\JDH_POS\public\pos\pos.php on line 102
[2026-03-31 17:40:57] [ERROR] [User: 1] [IP: ::1] [Company: 1] Fatal error: Uncaught PDOException: SQLSTATE[42S22]: Column not found: 1054 Unknown column 'timezone' in 'field list' in C:\xampp\htdocs\JDH_POS\public\pos\pos.php:102
Stack trace:
#0 C:\xampp\htdocs\JDH_POS\public\pos\pos.php(102): PDO->prepare('\n            SE...')
#1 C:\xampp\htdocs\JDH_POS\public\pos\pos.php(473): fetch_branch(Object(PDO), 1, 1)
#2 {main}
  thrown in C:\xampp\htdocs\JDH_POS\public\pos\pos.php on line 102
[2026-03-31 17:41:05] [ERROR] [User: 1] [IP: ::1] [Company: 1] Fatal error: Uncaught PDOException: SQLSTATE[42S22]: Column not found: 1054 Unknown column 'timezone' in 'field list' in C:\xampp\htdocs\JDH_POS\public\pos\pos.php:102
Stack trace:
#0 C:\xampp\htdocs\JDH_POS\public\pos\pos.php(102): PDO->prepare('\n            SE...')
#1 C:\xampp\htdocs\JDH_POS\public\pos\pos.php(473): fetch_branch(Object(PDO), 1, 1)
#2 {main}
  thrown in C:\xampp\htdocs\JDH_POS\public\pos\pos.php on line 102
[2026-03-31 18:35:38] [ERROR] [User: 1] [IP: ::1] [Company: 1] Fatal error: Uncaught PDOException: SQLSTATE[42S22]: Column not found: 1054 Unknown column 'timezone' in 'field list' in C:\xampp\htdocs\JDH_POS\public\pos\pos.php:102
Stack trace:
#0 C:\xampp\htdocs\JDH_POS\public\pos\pos.php(102): PDO->prepare('\n            SE...')
#1 C:\xampp\htdocs\JDH_POS\public\pos\pos.php(473): fetch_branch(Object(PDO), 1, 1)
#2 {main}
  thrown in C:\xampp\htdocs\JDH_POS\public\pos\pos.php on line 102
[2026-03-31 18:43:06] [ERROR] [User: 1] [IP: ::1] [Company: 1] Fatal error: Uncaught PDOException: SQLSTATE[42S22]: Column not found: 1054 Unknown column 'timezone' in 'field list' in C:\xampp\htdocs\JDH_POS\public\pos\pos.php:102
Stack trace:
#0 C:\xampp\htdocs\JDH_POS\public\pos\pos.php(102): PDO->prepare('\n            SE...')
#1 C:\xampp\htdocs\JDH_POS\public\pos\pos.php(473): fetch_branch(Object(PDO), 1, 1)
#2 {main}
  thrown in C:\xampp\htdocs\JDH_POS\public\pos\pos.php on line 102
[2026-03-31 18:55:09] [ERROR] [User: 1] [IP: ::1] [Company: 1] Fatal error: Uncaught PDOException: SQLSTATE[42S22]: Column not found: 1054 Unknown column 'timezone' in 'field list' in C:\xampp\htdocs\JDH_POS\public\pos\pos.php:102
Stack trace:
#0 C:\xampp\htdocs\JDH_POS\public\pos\pos.php(102): PDO->prepare('\n            SE...')
#1 C:\xampp\htdocs\JDH_POS\public\pos\pos.php(473): fetch_branch(Object(PDO), 1, 1)
#2 {main}
  thrown in C:\xampp\htdocs\JDH_POS\public\pos\pos.php on line 102
[2026-03-31 19:02:11] [ERROR] [User: 1] [IP: ::1] [Company: 1] Fatal error: Uncaught PDOException: SQLSTATE[42S22]: Column not found: 1054 Unknown column 'timezone' in 'field list' in C:\xampp\htdocs\JDH_POS\public\pos\pos.php:102
Stack trace:
#0 C:\xampp\htdocs\JDH_POS\public\pos\pos.php(102): PDO->prepare('\n            SE...')
#1 C:\xampp\htdocs\JDH_POS\public\pos\pos.php(473): fetch_branch(Object(PDO), 1, 1)
#2 {main}
  thrown in C:\xampp\htdocs\JDH_POS\public\pos\pos.php on line 102
[2026-03-31 19:02:12] [ERROR] [User: 1] [IP: ::1] [Company: 1] Fatal error: Uncaught PDOException: SQLSTATE[42S22]: Column not found: 1054 Unknown column 'timezone' in 'field list' in C:\xampp\htdocs\JDH_POS\public\pos\pos.php:102
Stack trace:
#0 C:\xampp\htdocs\JDH_POS\public\pos\pos.php(102): PDO->prepare('\n            SE...')
#1 C:\xampp\htdocs\JDH_POS\public\pos\pos.php(473): fetch_branch(Object(PDO), 1, 1)
#2 {main}
  thrown in C:\xampp\htdocs\JDH_POS\public\pos\pos.php on line 102
[2026-03-31 19:02:13] [ERROR] [User: 1] [IP: ::1] [Company: 1] Fatal error: Uncaught PDOException: SQLSTATE[42S22]: Column not found: 1054 Unknown column 'timezone' in 'field list' in C:\xampp\htdocs\JDH_POS\public\pos\pos.php:102
Stack trace:
#0 C:\xampp\htdocs\JDH_POS\public\pos\pos.php(102): PDO->prepare('\n            SE...')
#1 C:\xampp\htdocs\JDH_POS\public\pos\pos.php(473): fetch_branch(Object(PDO), 1, 1)
#2 {main}
  thrown in C:\xampp\htdocs\JDH_POS\public\pos\pos.php on line 102
[2026-03-31 19:02:13] [ERROR] [User: 1] [IP: ::1] [Company: 1] Fatal error: Uncaught PDOException: SQLSTATE[42S22]: Column not found: 1054 Unknown column 'timezone' in 'field list' in C:\xampp\htdocs\JDH_POS\public\pos\pos.php:102
Stack trace:
#0 C:\xampp\htdocs\JDH_POS\public\pos\pos.php(102): PDO->prepare('\n            SE...')
#1 C:\xampp\htdocs\JDH_POS\public\pos\pos.php(473): fetch_branch(Object(PDO), 1, 1)
#2 {main}
  thrown in C:\xampp\htdocs\JDH_POS\public\pos\pos.php on line 102
[2026-03-31 19:02:13] [ERROR] [User: 1] [IP: ::1] [Company: 1] Fatal error: Uncaught PDOException: SQLSTATE[42S22]: Column not found: 1054 Unknown column 'timezone' in 'field list' in C:\xampp\htdocs\JDH_POS\public\pos\pos.php:102
Stack trace:
#0 C:\xampp\htdocs\JDH_POS\public\pos\pos.php(102): PDO->prepare('\n            SE...')
#1 C:\xampp\htdocs\JDH_POS\public\pos\pos.php(473): fetch_branch(Object(PDO), 1, 1)
#2 {main}
  thrown in C:\xampp\htdocs\JDH_POS\public\pos\pos.php on line 102
