[2026-05-10 14:07:00] [ERROR] [User: 2] [IP: ::1] [Company: 1] Fatal error: Uncaught PDOException: SQLSTATE[42S22]: Column not found: 1054 Unknown column 'ec.color' in 'field list' in C:\xampp\htdocs\JDH_POS\public\expenses\expenses.php:446
Stack trace:
#0 C:\xampp\htdocs\JDH_POS\public\expenses\expenses.php(446): PDO->prepare('\n    SELECT \n  ...')
#1 {main}
  thrown in C:\xampp\htdocs\JDH_POS\public\expenses\expenses.php on line 446
[2026-05-10 14:12:26] [ERROR] [User: 2] [IP: ::1] [Company: 1] Fatal error: Uncaught PDOException: SQLSTATE[42S22]: Column not found: 1054 Unknown column 'ec.color' in 'field list' in C:\xampp\htdocs\JDH_POS\public\expenses\expenses.php:446
Stack trace:
#0 C:\xampp\htdocs\JDH_POS\public\expenses\expenses.php(446): PDO->prepare('\n    SELECT \n  ...')
#1 {main}
  thrown in C:\xampp\htdocs\JDH_POS\public\expenses\expenses.php on line 446
[2026-05-10 14:12:38] [ERROR] [User: 2] [IP: ::1] [Company: 1] Fatal error: Uncaught PDOException: SQLSTATE[42S22]: Column not found: 1054 Unknown column 'ec.color' in 'field list' in C:\xampp\htdocs\JDH_POS\public\expenses\expenses.php:446
Stack trace:
#0 C:\xampp\htdocs\JDH_POS\public\expenses\expenses.php(446): PDO->prepare('\n    SELECT \n  ...')
#1 {main}
  thrown in C:\xampp\htdocs\JDH_POS\public\expenses\expenses.php on line 446
[2026-05-10 14:13:06] [ERROR] [User: 2] [IP: ::1] [Company: 1] Fatal error: Uncaught PDOException: SQLSTATE[42S22]: Column not found: 1054 Unknown column 'ec.color' in 'field list' in C:\xampp\htdocs\JDH_POS\public\expenses\expenses.php:446
Stack trace:
#0 C:\xampp\htdocs\JDH_POS\public\expenses\expenses.php(446): PDO->prepare('\n    SELECT \n  ...')
#1 {main}
  thrown in C:\xampp\htdocs\JDH_POS\public\expenses\expenses.php on line 446
[2026-05-10 14:13:14] [ERROR] [User: 2] [IP: ::1] [Company: 1] Fatal error: Uncaught PDOException: SQLSTATE[42S22]: Column not found: 1054 Unknown column 'ec.color' in 'field list' in C:\xampp\htdocs\JDH_POS\public\expenses\expenses.php:446
Stack trace:
#0 C:\xampp\htdocs\JDH_POS\public\expenses\expenses.php(446): PDO->prepare('\n    SELECT \n  ...')
#1 {main}
  thrown in C:\xampp\htdocs\JDH_POS\public\expenses\expenses.php on line 446
[2026-05-10 14:13:16] [ERROR] [User: 2] [IP: ::1] [Company: 1] Fatal error: Uncaught PDOException: SQLSTATE[42S22]: Column not found: 1054 Unknown column 'ec.color' in 'field list' in C:\xampp\htdocs\JDH_POS\public\expenses\expenses.php:446
Stack trace:
#0 C:\xampp\htdocs\JDH_POS\public\expenses\expenses.php(446): PDO->prepare('\n    SELECT \n  ...')
#1 {main}
  thrown in C:\xampp\htdocs\JDH_POS\public\expenses\expenses.php on line 446
[2026-05-10 14:16:49] [ERROR] [User: 2] [IP: ::1] [Company: 1] Fatal error: Uncaught PDOException: SQLSTATE[42S22]: Column not found: 1054 Unknown column 'ec.color' in 'field list' in C:\xampp\htdocs\JDH_POS\public\expenses\expenses.php:446
Stack trace:
#0 C:\xampp\htdocs\JDH_POS\public\expenses\expenses.php(446): PDO->prepare('\n    SELECT \n  ...')
#1 {main}
  thrown in C:\xampp\htdocs\JDH_POS\public\expenses\expenses.php on line 446
[2026-05-10 14:16:56] [ERROR] [User: 2] [IP: ::1] [Company: 1] Fatal error: Uncaught PDOException: SQLSTATE[42S22]: Column not found: 1054 Unknown column 'ec.color' in 'field list' in C:\xampp\htdocs\JDH_POS\public\expenses\expenses.php:446
Stack trace:
#0 C:\xampp\htdocs\JDH_POS\public\expenses\expenses.php(446): PDO->prepare('\n    SELECT \n  ...')
#1 {main}
  thrown in C:\xampp\htdocs\JDH_POS\public\expenses\expenses.php on line 446
[2026-05-10 14:17:54] [ERROR] [User: 2] [IP: ::1] [Company: 1] Fatal error: Uncaught PDOException: SQLSTATE[42S22]: Column not found: 1054 Unknown column 'ec.color' in 'field list' in C:\xampp\htdocs\JDH_POS\public\expenses\expenses.php:446
Stack trace:
#0 C:\xampp\htdocs\JDH_POS\public\expenses\expenses.php(446): PDO->prepare('\n    SELECT \n  ...')
#1 {main}
  thrown in C:\xampp\htdocs\JDH_POS\public\expenses\expenses.php on line 446
[2026-05-10 14:17:57] [ERROR] [User: 2] [IP: ::1] [Company: 1] Fatal error: Uncaught PDOException: SQLSTATE[42S22]: Column not found: 1054 Unknown column 'ec.color' in 'field list' in C:\xampp\htdocs\JDH_POS\public\expenses\expenses.php:446
Stack trace:
#0 C:\xampp\htdocs\JDH_POS\public\expenses\expenses.php(446): PDO->prepare('\n    SELECT \n  ...')
#1 {main}
  thrown in C:\xampp\htdocs\JDH_POS\public\expenses\expenses.php on line 446
[2026-05-10 14:25:03] [ERROR] [User: 2] [IP: ::1] [Company: 1] Fatal error: Uncaught PDOException: SQLSTATE[42S22]: Column not found: 1054 Unknown column 'ec.color' in 'field list' in C:\xampp\htdocs\JDH_POS\public\expenses\expenses.php:446
Stack trace:
#0 C:\xampp\htdocs\JDH_POS\public\expenses\expenses.php(446): PDO->prepare('\n    SELECT \n  ...')
#1 {main}
  thrown in C:\xampp\htdocs\JDH_POS\public\expenses\expenses.php on line 446
[2026-05-10 14:25:05] [ERROR] [User: 2] [IP: ::1] [Company: 1] Fatal error: Uncaught PDOException: SQLSTATE[42S22]: Column not found: 1054 Unknown column 'ec.color' in 'field list' in C:\xampp\htdocs\JDH_POS\public\expenses\expenses.php:446
Stack trace:
#0 C:\xampp\htdocs\JDH_POS\public\expenses\expenses.php(446): PDO->prepare('\n    SELECT \n  ...')
#1 {main}
  thrown in C:\xampp\htdocs\JDH_POS\public\expenses\expenses.php on line 446
[2026-05-10 14:25:07] [ERROR] [User: 2] [IP: ::1] [Company: 1] Fatal error: Uncaught PDOException: SQLSTATE[42S22]: Column not found: 1054 Unknown column 'ec.color' in 'field list' in C:\xampp\htdocs\JDH_POS\public\expenses\expenses.php:446
Stack trace:
#0 C:\xampp\htdocs\JDH_POS\public\expenses\expenses.php(446): PDO->prepare('\n    SELECT \n  ...')
#1 {main}
  thrown in C:\xampp\htdocs\JDH_POS\public\expenses\expenses.php on line 446
[2026-05-10 14:25:42] [ERROR] [User: 2] [IP: ::1] [Company: 1] Fatal error: Uncaught PDOException: SQLSTATE[42S22]: Column not found: 1054 Unknown column 'ec.color' in 'field list' in C:\xampp\htdocs\JDH_POS\public\expenses\expenses.php:446
Stack trace:
#0 C:\xampp\htdocs\JDH_POS\public\expenses\expenses.php(446): PDO->prepare('\n    SELECT \n  ...')
#1 {main}
  thrown in C:\xampp\htdocs\JDH_POS\public\expenses\expenses.php on line 446
[2026-05-10 14:27:08] [ERROR] [User: 2] [IP: ::1] [Company: 1] Fatal error: Uncaught PDOException: SQLSTATE[42S22]: Column not found: 1054 Unknown column 'ec.color' in 'field list' in C:\xampp\htdocs\JDH_POS\public\expenses\expenses.php:446
Stack trace:
#0 C:\xampp\htdocs\JDH_POS\public\expenses\expenses.php(446): PDO->prepare('\n    SELECT \n  ...')
#1 {main}
  thrown in C:\xampp\htdocs\JDH_POS\public\expenses\expenses.php on line 446
[2026-05-10 14:29:10] [ERROR] [User: 2] [IP: ::1] [Company: 1] Fatal error: Uncaught PDOException: SQLSTATE[42S22]: Column not found: 1054 Unknown column 'ec.color' in 'field list' in C:\xampp\htdocs\JDH_POS\public\expenses\expenses.php:446
Stack trace:
#0 C:\xampp\htdocs\JDH_POS\public\expenses\expenses.php(446): PDO->prepare('\n    SELECT \n  ...')
#1 {main}
  thrown in C:\xampp\htdocs\JDH_POS\public\expenses\expenses.php on line 446
[2026-05-10 14:29:12] [ERROR] [User: 2] [IP: ::1] [Company: 1] Fatal error: Uncaught PDOException: SQLSTATE[42S22]: Column not found: 1054 Unknown column 'ec.color' in 'field list' in C:\xampp\htdocs\JDH_POS\public\expenses\expenses.php:446
Stack trace:
#0 C:\xampp\htdocs\JDH_POS\public\expenses\expenses.php(446): PDO->prepare('\n    SELECT \n  ...')
#1 {main}
  thrown in C:\xampp\htdocs\JDH_POS\public\expenses\expenses.php on line 446
[2026-05-10 14:31:19] [ERROR] [User: 2] [IP: ::1] [Company: 1] Fatal error: Uncaught PDOException: SQLSTATE[42S22]: Column not found: 1054 Unknown column 'ec.color' in 'field list' in C:\xampp\htdocs\JDH_POS\public\expenses\expenses.php:446
Stack trace:
#0 C:\xampp\htdocs\JDH_POS\public\expenses\expenses.php(446): PDO->prepare('\n    SELECT \n  ...')
#1 {main}
  thrown in C:\xampp\htdocs\JDH_POS\public\expenses\expenses.php on line 446
[2026-05-10 14:35:01] [ERROR] [User: 2] [IP: ::1] [Company: 1] Fatal error: Uncaught PDOException: SQLSTATE[42S22]: Column not found: 1054 Unknown column 'ec.color' in 'field list' in C:\xampp\htdocs\JDH_POS\public\expenses\expenses.php:446
Stack trace:
#0 C:\xampp\htdocs\JDH_POS\public\expenses\expenses.php(446): PDO->prepare('\n    SELECT \n  ...')
#1 {main}
  thrown in C:\xampp\htdocs\JDH_POS\public\expenses\expenses.php on line 446
[2026-05-10 14:35:03] [ERROR] [User: 2] [IP: ::1] [Company: 1] Fatal error: Uncaught PDOException: SQLSTATE[42S22]: Column not found: 1054 Unknown column 'ec.color' in 'field list' in C:\xampp\htdocs\JDH_POS\public\expenses\expenses.php:446
Stack trace:
#0 C:\xampp\htdocs\JDH_POS\public\expenses\expenses.php(446): PDO->prepare('\n    SELECT \n  ...')
#1 {main}
  thrown in C:\xampp\htdocs\JDH_POS\public\expenses\expenses.php on line 446
[2026-05-10 14:45:10] [ERROR] [User: 2] [IP: ::1] [Company: 1] Fatal error: Uncaught PDOException: SQLSTATE[42S22]: Column not found: 1054 Unknown column 'ec.color' in 'field list' in C:\xampp\htdocs\JDH_POS\public\expenses\expenses.php:433
Stack trace:
#0 C:\xampp\htdocs\JDH_POS\public\expenses\expenses.php(433): PDO->prepare('\n    SELECT \n  ...')
#1 {main}
  thrown in C:\xampp\htdocs\JDH_POS\public\expenses\expenses.php on line 433
