[2026-06-19 09:14:33] [ERROR] [User: 2] [IP: ::1] [Company: 1] Fatal error: Uncaught Error: Call to undefined function get_business_type_config() in C:\xampp\htdocs\JDH_POS\public\pos\sales.php:54
Stack trace:
#0 {main}
  thrown in C:\xampp\htdocs\JDH_POS\public\pos\sales.php on line 54
[2026-06-19 09:14:49] [ERROR] [User: 2] [IP: ::1] [Company: 1] Fatal error: Uncaught Error: Call to undefined function get_business_type_config() in C:\xampp\htdocs\JDH_POS\public\pos\sales.php:54
Stack trace:
#0 {main}
  thrown in C:\xampp\htdocs\JDH_POS\public\pos\sales.php on line 54
[2026-06-19 09:18:08] [ERROR] [User: 2] [IP: ::1] [Company: 1] Fatal error: Uncaught Error: Failed opening required 'C:\xampp\htdocs\JDH_POS\public\pos/../../layouts/app.php' (include_path='C:\xampp\php\PEAR') in C:\xampp\htdocs\JDH_POS\public\pos\discounts.php:753
Stack trace:
#0 {main}
  thrown in C:\xampp\htdocs\JDH_POS\public\pos\discounts.php on line 753
[2026-06-19 09:18:25] [ERROR] [User: 2] [IP: ::1] [Company: 1] Fatal error: Uncaught Error: Failed opening required 'C:\xampp\htdocs\JDH_POS\public\pos\returns/../layouts/app.php' (include_path='C:\xampp\php\PEAR') in C:\xampp\htdocs\JDH_POS\public\pos\returns\select_sale_for_return.php:1022
Stack trace:
#0 {main}
  thrown in C:\xampp\htdocs\JDH_POS\public\pos\returns\select_sale_for_return.php on line 1022
[2026-06-19 09:18:40] [ERROR] [User: 2] [IP: ::1] [Company: 1] Fatal error: Uncaught Error: Failed opening required 'C:\xampp\htdocs\JDH_POS\public\pos\returns/../layouts/app.php' (include_path='C:\xampp\php\PEAR') in C:\xampp\htdocs\JDH_POS\public\pos\returns\return_sale.php:938
Stack trace:
#0 {main}
  thrown in C:\xampp\htdocs\JDH_POS\public\pos\returns\return_sale.php on line 938
[2026-06-19 09:24:34] [ERROR] [User: 2] [IP: ::1] [Company: 1] Fatal error: Uncaught Error: Call to undefined function get_business_type_config() in C:\xampp\htdocs\JDH_POS\public\pos\sales.php:54
Stack trace:
#0 {main}
  thrown in C:\xampp\htdocs\JDH_POS\public\pos\sales.php on line 54
[2026-06-19 10:09:08] [ERROR] [User: 2] [IP: ::1] [Company: 1] Fatal error: Uncaught Error: Call to undefined function get_business_type_config() in C:\xampp\htdocs\JDH_POS\public\pos\sales.php:63
Stack trace:
#0 {main}
  thrown in C:\xampp\htdocs\JDH_POS\public\pos\sales.php on line 63
[2026-06-19 14:05:37] [ERROR] [User: 2] [IP: ::1] [Company: 1] Fatal error: Uncaught Error: Failed opening required 'C:\xampp\htdocs\JDH_POS\public\pos\returns/../layouts/app.php' (include_path='C:\xampp\php\PEAR') in C:\xampp\htdocs\JDH_POS\public\pos\returns\return_sale.php:935
Stack trace:
#0 {main}
  thrown in C:\xampp\htdocs\JDH_POS\public\pos\returns\return_sale.php on line 935
[2026-06-19 14:05:49] [ERROR] [User: 2] [IP: ::1] [Company: 1] Fatal error: Uncaught Error: Failed opening required 'C:\xampp\htdocs\JDH_POS\public\pos/../../layouts/app.php' (include_path='C:\xampp\php\PEAR') in C:\xampp\htdocs\JDH_POS\public\pos\discounts.php:753
Stack trace:
#0 {main}
  thrown in C:\xampp\htdocs\JDH_POS\public\pos\discounts.php on line 753
[2026-06-19 14:30:16] [ERROR] [User: 2] [IP: ::1] [Company: 1] Fatal error: Uncaught Error: Failed opening required 'C:\xampp\htdocs\JDH_POS\public\pos\returns/../layouts/app.php' (include_path='C:\xampp\php\PEAR') in C:\xampp\htdocs\JDH_POS\public\pos\returns\return_sale.php:935
Stack trace:
#0 {main}
  thrown in C:\xampp\htdocs\JDH_POS\public\pos\returns\return_sale.php on line 935
[2026-06-19 14:30:21] [ERROR] [User: 2] [IP: ::1] [Company: 1] Fatal error: Uncaught Error: Failed opening required 'C:\xampp\htdocs\JDH_POS\public\pos\returns/../layouts/app.php' (include_path='C:\xampp\php\PEAR') in C:\xampp\htdocs\JDH_POS\public\pos\returns\return_sale.php:935
Stack trace:
#0 {main}
  thrown in C:\xampp\htdocs\JDH_POS\public\pos\returns\return_sale.php on line 935
[2026-06-19 15:27:50] [ERROR] [User: 2] [IP: ::1] [Company: 1] Fatal error: Uncaught Error: Failed opening required 'C:\xampp\htdocs\JDH_POS\public\pos/../../layouts/app.php' (include_path='C:\xampp\php\PEAR') in C:\xampp\htdocs\JDH_POS\public\pos\discounts.php:753
Stack trace:
#0 {main}
  thrown in C:\xampp\htdocs\JDH_POS\public\pos\discounts.php on line 753
[2026-06-19 17:02:27] [ERROR] [User: 2] [IP: ::1] [Company: 1] Fatal error: Uncaught Error: Failed opening required 'C:\xampp\htdocs\JDH_POS\public\pos/../../layouts/app.php' (include_path='C:\xampp\php\PEAR') in C:\xampp\htdocs\JDH_POS\public\pos\discounts.php:753
Stack trace:
#0 {main}
  thrown in C:\xampp\htdocs\JDH_POS\public\pos\discounts.php on line 753
[2026-06-19 17:03:49] [ERROR] [User: 2] [IP: ::1] [Company: 1] Fatal error: Uncaught Error: Call to undefined function admin_require_super_admin() in C:\xampp\htdocs\JDH_POS\public\admin\security_dashboard.php:19
Stack trace:
#0 {main}
  thrown in C:\xampp\htdocs\JDH_POS\public\admin\security_dashboard.php on line 19
[2026-06-19 17:32:26] [ERROR] [User: 2] [IP: ::1] [Company: 1] Fatal error: Uncaught Error: Call to undefined function admin_require_super_admin() in C:\xampp\htdocs\JDH_POS\public\admin\security_dashboard.php:19
Stack trace:
#0 {main}
  thrown in C:\xampp\htdocs\JDH_POS\public\admin\security_dashboard.php on line 19
[2026-06-19 17:32:29] [ERROR] [User: 2] [IP: ::1] [Company: 1] Fatal error: Uncaught Error: Call to undefined function admin_require_super_admin() in C:\xampp\htdocs\JDH_POS\public\admin\security_dashboard.php:19
Stack trace:
#0 {main}
  thrown in C:\xampp\htdocs\JDH_POS\public\admin\security_dashboard.php on line 19
[2026-06-19 17:35:55] [ERROR] [User: 2] [IP: ::1] [Company: 1] Fatal error: Uncaught Error: Call to undefined function resolve_branch_id() in C:\xampp\htdocs\JDH_POS\public\ajax\search_returns.php:23
Stack trace:
#0 {main}
  thrown in C:\xampp\htdocs\JDH_POS\public\ajax\search_returns.php on line 23
[2026-06-19 17:57:01] [ERROR] [User: 2] [IP: ::1] [Company: 1] Fatal error: Uncaught Error: Failed opening required 'C:\xampp\htdocs\JDH_POS\public\pos/../../layouts/app.php' (include_path='C:\xampp\php\PEAR') in C:\xampp\htdocs\JDH_POS\public\pos\discounts.php:753
Stack trace:
#0 {main}
  thrown in C:\xampp\htdocs\JDH_POS\public\pos\discounts.php on line 753
[2026-06-19 19:16:31] [ERROR] [User: 2] [IP: ::1] [Company: 1] Fatal error: Uncaught Error: Failed opening required 'C:\xampp\htdocs\JDH_POS\public\pos/../../layouts/app.php' (include_path='C:\xampp\php\PEAR') in C:\xampp\htdocs\JDH_POS\public\pos\discounts.php:753
Stack trace:
#0 {main}
  thrown in C:\xampp\htdocs\JDH_POS\public\pos\discounts.php on line 753
[2026-06-19 19:20:09] [ERROR] [User: 2] [IP: ::1] [Company: 1] Fatal error: Uncaught Error: Failed opening required 'C:\xampp\htdocs\JDH_POS\public\pos/../../layouts/app.php' (include_path='C:\xampp\php\PEAR') in C:\xampp\htdocs\JDH_POS\public\pos\discounts.php:753
Stack trace:
#0 {main}
  thrown in C:\xampp\htdocs\JDH_POS\public\pos\discounts.php on line 753
[2026-06-19 19:30:57] [ERROR] [User: 2] [IP: ::1] [Company: 1] Fatal error: Uncaught Error: Call to undefined function admin_require_super_admin() in C:\xampp\htdocs\JDH_POS\public\admin\security_dashboard.php:19
Stack trace:
#0 {main}
  thrown in C:\xampp\htdocs\JDH_POS\public\admin\security_dashboard.php on line 19
[2026-06-19 21:48:31] [ERROR] [User: 2] [IP: ::1] [Company: 1] Fatal error: Uncaught PDOException: SQLSTATE[42S22]: Column not found: 1054 Unknown column '$current_branch_id' in 'where clause' in C:\xampp\htdocs\JDH_POS\public\pos\discount_form.php:73
Stack trace:
#0 C:\xampp\htdocs\JDH_POS\public\pos\discount_form.php(73): PDO->query('SELECT id, name...')
#1 {main}
  thrown in C:\xampp\htdocs\JDH_POS\public\pos\discount_form.php on line 73
[2026-06-19 22:03:26] [ERROR] [User: 2] [IP: ::1] [Company: 1] Fatal error: Maximum execution time of 120 seconds exceeded in C:\xampp\htdocs\JDH_POS\src\auth.php on line 75
[2026-06-19 22:04:08] [ERROR] [User: 2] [IP: ::1] [Company: 1] Fatal error: Maximum execution time of 120 seconds exceeded in C:\xampp\htdocs\JDH_POS\src\auth.php on line 82
[2026-06-19 22:05:26] [ERROR] [User: 2] [IP: ::1] [Company: 1] Fatal error: Maximum execution time of 120 seconds exceeded in C:\xampp\htdocs\JDH_POS\src\auth.php on line 51
[2026-06-19 22:06:30] [ERROR] [User: 2] [IP: ::1] [Company: 1] Fatal error: Maximum execution time of 120 seconds exceeded in C:\xampp\htdocs\JDH_POS\src\auth.php on line 73
[2026-06-19 22:06:38] [ERROR] [User: 2] [IP: ::1] [Company: 1] Fatal error: Maximum execution time of 120 seconds exceeded in C:\xampp\htdocs\JDH_POS\src\auth.php on line 82
[2026-06-19 22:06:43] [ERROR] [User: 2] [IP: ::1] [Company: 1] Fatal error: Maximum execution time of 120 seconds exceeded in C:\xampp\htdocs\JDH_POS\src\auth.php on line 75
[2026-06-19 22:07:13] [ERROR] [User: 2] [IP: ::1] [Company: 1] Fatal error: Maximum execution time of 120 seconds exceeded in C:\xampp\htdocs\JDH_POS\src\auth.php on line 51
[2026-06-19 22:08:00] [ERROR] [User: 2] [IP: ::1] [Company: 1] Fatal error: Maximum execution time of 120 seconds exceeded in C:\xampp\htdocs\JDH_POS\src\auth.php on line 73
[2026-06-19 22:08:03] [ERROR] [User: 2] [IP: ::1] [Company: 1] Fatal error: Maximum execution time of 120 seconds exceeded in C:\xampp\htdocs\JDH_POS\src\auth.php on line 75
[2026-06-19 22:08:04] [ERROR] [User: 2] [IP: ::1] [Company: 1] Fatal error: Maximum execution time of 120 seconds exceeded in C:\xampp\htdocs\JDH_POS\src\auth.php on line 75
[2026-06-19 22:08:08] [ERROR] [User: 2] [IP: ::1] [Company: 1] Fatal error: Maximum execution time of 120 seconds exceeded in C:\xampp\htdocs\JDH_POS\src\auth.php on line 75
[2026-06-19 22:08:11] [ERROR] [User: 2] [IP: ::1] [Company: 1] Fatal error: Maximum execution time of 120 seconds exceeded in C:\xampp\htdocs\JDH_POS\src\auth.php on line 75
[2026-06-19 22:08:42] [ERROR] [User: 2] [IP: ::1] [Company: 1] Fatal error: Maximum execution time of 120 seconds exceeded in C:\xampp\htdocs\JDH_POS\src\auth.php on line 75
[2026-06-19 22:09:59] [ERROR] [User: 2] [IP: ::1] [Company: 1] Fatal error: Maximum execution time of 120 seconds exceeded in C:\xampp\htdocs\JDH_POS\src\auth.php on line 82
[2026-06-19 22:12:27] [ERROR] [User: 2] [IP: ::1] [Company: 1] Fatal error: Maximum execution time of 120 seconds exceeded in C:\xampp\htdocs\JDH_POS\src\auth.php on line 75
[2026-06-19 22:14:37] [ERROR] [User: 2] [IP: ::1] [Company: 1] Fatal error: Maximum execution time of 120 seconds exceeded in C:\xampp\htdocs\JDH_POS\src\auth.php on line 75
[2026-06-19 22:15:34] [ERROR] [User: 2] [IP: ::1] [Company: 1] Fatal error: Maximum execution time of 120 seconds exceeded in C:\xampp\htdocs\JDH_POS\src\auth.php on line 51
[2026-06-19 22:17:43] [ERROR] [User: 1] [IP: ::1] [Company: 1] Fatal error: Maximum execution time of 120 seconds exceeded in C:\xampp\htdocs\JDH_POS\src\auth.php on line 82
[2026-06-19 22:18:05] [ERROR] [User: 2] [IP: ::1] [Company: 1] Fatal error: Maximum execution time of 120 seconds exceeded in C:\xampp\htdocs\JDH_POS\src\auth.php on line 73
[2026-06-19 22:18:58] [ERROR] [User: 2] [IP: ::1] [Company: 1] Fatal error: Maximum execution time of 120 seconds exceeded in C:\xampp\htdocs\JDH_POS\src\auth.php on line 51
[2026-06-19 22:21:02] [ERROR] [User: 2] [IP: ::1] [Company: 1] Fatal error: Maximum execution time of 120 seconds exceeded in C:\xampp\htdocs\JDH_POS\src\auth.php on line 75
[2026-06-19 22:22:21] [ERROR] [User: 2] [IP: ::1] [Company: 1] Fatal error: Maximum execution time of 120 seconds exceeded in C:\xampp\htdocs\JDH_POS\src\auth.php on line 73
[2026-06-19 22:24:48] [ERROR] [User: 2] [IP: ::1] [Company: 1] Fatal error: Maximum execution time of 120 seconds exceeded in C:\xampp\htdocs\JDH_POS\src\auth.php on line 82
[2026-06-19 22:25:49] [ERROR] [User: 2] [IP: ::1] [Company: 1] Fatal error: Maximum execution time of 120 seconds exceeded in C:\xampp\htdocs\JDH_POS\src\auth.php on line 73
[2026-06-19 22:26:54] [ERROR] [User: 1] [IP: ::1] [Company: 1] Fatal error: Maximum execution time of 120 seconds exceeded in C:\xampp\htdocs\JDH_POS\src\auth.php on line 51
[2026-06-19 22:28:18] [ERROR] [User: 2] [IP: ::1] [Company: 1] Fatal error: Maximum execution time of 120 seconds exceeded in C:\xampp\htdocs\JDH_POS\src\auth.php on line 75
[2026-06-19 22:31:31] [ERROR] [User: 2] [IP: ::1] [Company: 1] Fatal error: Maximum execution time of 120 seconds exceeded in C:\xampp\htdocs\JDH_POS\src\auth.php on line 75
[2026-06-19 22:37:56] [ERROR] [User: 2] [IP: ::1] [Company: 1] Fatal error: Maximum execution time of 120 seconds exceeded in C:\xampp\htdocs\JDH_POS\src\auth.php on line 82
[2026-06-19 22:38:43] [ERROR] [User: 2] [IP: ::1] [Company: 1] Fatal error: Maximum execution time of 120 seconds exceeded in C:\xampp\htdocs\JDH_POS\src\auth.php on line 73
[2026-06-19 22:42:44] [ERROR] [User: 2] [IP: ::1] [Company: 1] Fatal error: Maximum execution time of 120 seconds exceeded in C:\xampp\htdocs\JDH_POS\src\auth.php on line 73
[2026-06-19 22:47:57] [ERROR] [User: 2] [IP: ::1] [Company: 1] Fatal error: Maximum execution time of 120 seconds exceeded in C:\xampp\htdocs\JDH_POS\src\auth.php on line 75
[2026-06-19 22:53:41] [ERROR] [User: 2] [IP: ::1] [Company: 1] Fatal error: Maximum execution time of 120 seconds exceeded in C:\xampp\htdocs\JDH_POS\src\auth.php on line 51
[2026-06-19 23:08:44] [ERROR] [User: 2] [IP: ::1] [Company: 1] Fatal error: Maximum execution time of 120 seconds exceeded in C:\xampp\htdocs\JDH_POS\src\auth.php on line 73
[2026-06-19 23:09:01] [ERROR] [User: 2] [IP: ::1] [Company: 1] Fatal error: Maximum execution time of 120 seconds exceeded in C:\xampp\htdocs\JDH_POS\src\auth.php on line 82
[2026-06-19 23:09:16] [ERROR] [User: 1] [IP: ::1] [Company: 1] Fatal error: Maximum execution time of 120 seconds exceeded in C:\xampp\htdocs\JDH_POS\src\auth.php on line 82
[2026-06-19 23:11:26] [ERROR] [User: 2] [IP: ::1] [Company: 1] Fatal error: Maximum execution time of 120 seconds exceeded in C:\xampp\htdocs\JDH_POS\src\auth.php on line 51
[2026-06-19 23:13:00] [ERROR] [User: 1] [IP: ::1] [Company: 1] Fatal error: Maximum execution time of 120 seconds exceeded in C:\xampp\htdocs\JDH_POS\src\auth.php on line 82
[2026-06-19 23:13:44] [ERROR] [User: 2] [IP: ::1] [Company: 1] Fatal error: Maximum execution time of 120 seconds exceeded in C:\xampp\htdocs\JDH_POS\src\auth.php on line 82
[2026-06-19 23:14:58] [ERROR] [User: 2] [IP: ::1] [Company: 1] Fatal error: Maximum execution time of 120 seconds exceeded in C:\xampp\htdocs\JDH_POS\src\auth.php on line 73
[2026-06-19 23:16:10] [ERROR] [User: 2] [IP: ::1] [Company: 1] Fatal error: Maximum execution time of 120 seconds exceeded in C:\xampp\htdocs\JDH_POS\src\auth.php on line 73
[2026-06-19 23:17:19] [ERROR] [User: 1] [IP: ::1] [Company: 1] Fatal error: Maximum execution time of 120 seconds exceeded in C:\xampp\htdocs\JDH_POS\src\auth.php on line 51
[2026-06-19 23:20:26] [ERROR] [User: 2] [IP: ::1] [Company: 1] Fatal error: Maximum execution time of 120 seconds exceeded in C:\xampp\htdocs\JDH_POS\src\auth.php on line 73
[2026-06-19 23:22:01] [ERROR] [User: 2] [IP: ::1] [Company: 1] Fatal error: Maximum execution time of 120 seconds exceeded in C:\xampp\htdocs\JDH_POS\src\auth.php on line 51
[2026-06-19 23:22:04] [ERROR] [User: 2] [IP: ::1] [Company: 1] Fatal error: Maximum execution time of 120 seconds exceeded in C:\xampp\htdocs\JDH_POS\src\auth.php on line 73
[2026-06-19 23:22:09] [ERROR] [User: 2] [IP: ::1] [Company: 1] Fatal error: Maximum execution time of 120 seconds exceeded in C:\xampp\htdocs\JDH_POS\src\auth.php on line 73
[2026-06-19 23:24:38] [ERROR] [User: 2] [IP: ::1] [Company: 1] Fatal error: Maximum execution time of 120 seconds exceeded in C:\xampp\htdocs\JDH_POS\src\auth.php on line 82
[2026-06-19 23:26:54] [ERROR] [User: 2] [IP: ::1] [Company: 1] Fatal error: Maximum execution time of 120 seconds exceeded in C:\xampp\htdocs\JDH_POS\src\auth.php on line 82
[2026-06-19 23:28:38] [ERROR] [User: 1] [IP: ::1] [Company: 1] Fatal error: Maximum execution time of 120 seconds exceeded in C:\xampp\htdocs\JDH_POS\src\auth.php on line 75
[2026-06-19 23:29:47] [ERROR] [User: 2] [IP: ::1] [Company: 1] Fatal error: Maximum execution time of 120 seconds exceeded in C:\xampp\htdocs\JDH_POS\src\auth.php on line 73
[2026-06-19 23:32:30] [ERROR] [User: 2] [IP: ::1] [Company: 1] Fatal error: Maximum execution time of 120 seconds exceeded in C:\xampp\htdocs\JDH_POS\src\auth.php on line 75
[2026-06-19 23:33:26] [ERROR] [User: 2] [IP: ::1] [Company: 1] Fatal error: Maximum execution time of 120 seconds exceeded in C:\xampp\htdocs\JDH_POS\src\auth.php on line 51
[2026-06-19 23:33:32] [ERROR] [User: 1] [IP: ::1] [Company: 1] Fatal error: Maximum execution time of 120 seconds exceeded in C:\xampp\htdocs\JDH_POS\src\auth.php on line 51
[2026-06-19 23:35:20] [ERROR] [User: 2] [IP: ::1] [Company: 1] Fatal error: Maximum execution time of 120 seconds exceeded in C:\xampp\htdocs\JDH_POS\src\auth.php on line 75
