[2026-06-21 00:05:51] [ERROR] [User: 2] [IP: ::1] [Company: 1] Fatal error: Uncaught Error: Call to undefined function admin_table_exists() in C:\xampp\htdocs\JDH_POS\admin\bootstrap.php:29
Stack trace:
#0 C:\xampp\htdocs\JDH_POS\admin\bootstrap.php(83): admin_hydrate_session_from_user()
#1 C:\xampp\htdocs\JDH_POS\admin\bootstrap.php(178): admin_start_session()
#2 C:\xampp\htdocs\JDH_POS\admin\dashboard.php(7): require_once('C:\\xampp\\htdocs...')
#3 {main}
  thrown in C:\xampp\htdocs\JDH_POS\admin\bootstrap.php on line 29
[2026-06-21 00:06:54] [ERROR] [User: 2] [IP: ::1] [Company: 1] Fatal error: Uncaught Error: Call to undefined function admin_table_exists() in C:\xampp\htdocs\JDH_POS\admin\bootstrap.php:29
Stack trace:
#0 C:\xampp\htdocs\JDH_POS\admin\bootstrap.php(83): admin_hydrate_session_from_user()
#1 C:\xampp\htdocs\JDH_POS\admin\bootstrap.php(178): admin_start_session()
#2 C:\xampp\htdocs\JDH_POS\admin\dashboard.php(7): require_once('C:\\xampp\\htdocs...')
#3 {main}
  thrown in C:\xampp\htdocs\JDH_POS\admin\bootstrap.php on line 29
[2026-06-21 00:07:00] [ERROR] [User: 2] [IP: ::1] [Company: 1] Fatal error: Uncaught Error: Call to undefined function admin_table_exists() in C:\xampp\htdocs\JDH_POS\admin\bootstrap.php:29
Stack trace:
#0 C:\xampp\htdocs\JDH_POS\admin\bootstrap.php(83): admin_hydrate_session_from_user()
#1 C:\xampp\htdocs\JDH_POS\admin\bootstrap.php(178): admin_start_session()
#2 C:\xampp\htdocs\JDH_POS\admin\dashboard.php(7): require_once('C:\\xampp\\htdocs...')
#3 {main}
  thrown in C:\xampp\htdocs\JDH_POS\admin\bootstrap.php on line 29
[2026-06-21 00:07:04] [ERROR] [User: 2] [IP: ::1] [Company: 1] Fatal error: Uncaught Error: Call to undefined function admin_table_exists() in C:\xampp\htdocs\JDH_POS\admin\bootstrap.php:29
Stack trace:
#0 C:\xampp\htdocs\JDH_POS\admin\bootstrap.php(83): admin_hydrate_session_from_user()
#1 C:\xampp\htdocs\JDH_POS\admin\bootstrap.php(178): admin_start_session()
#2 C:\xampp\htdocs\JDH_POS\admin\dashboard.php(7): require_once('C:\\xampp\\htdocs...')
#3 {main}
  thrown in C:\xampp\htdocs\JDH_POS\admin\bootstrap.php on line 29
[2026-06-21 00:07:06] [ERROR] [User: 2] [IP: ::1] [Company: 1] Fatal error: Uncaught Error: Call to undefined function admin_table_exists() in C:\xampp\htdocs\JDH_POS\admin\bootstrap.php:29
Stack trace:
#0 C:\xampp\htdocs\JDH_POS\admin\bootstrap.php(83): admin_hydrate_session_from_user()
#1 C:\xampp\htdocs\JDH_POS\admin\bootstrap.php(178): admin_start_session()
#2 C:\xampp\htdocs\JDH_POS\admin\dashboard.php(7): require_once('C:\\xampp\\htdocs...')
#3 {main}
  thrown in C:\xampp\htdocs\JDH_POS\admin\bootstrap.php on line 29
[2026-06-21 00:07:10] [ERROR] [User: 2] [IP: ::1] [Company: 1] Fatal error: Uncaught Error: Call to undefined function admin_table_exists() in C:\xampp\htdocs\JDH_POS\admin\bootstrap.php:29
Stack trace:
#0 C:\xampp\htdocs\JDH_POS\admin\bootstrap.php(83): admin_hydrate_session_from_user()
#1 C:\xampp\htdocs\JDH_POS\admin\bootstrap.php(178): admin_start_session()
#2 C:\xampp\htdocs\JDH_POS\admin\dashboard.php(7): require_once('C:\\xampp\\htdocs...')
#3 {main}
  thrown in C:\xampp\htdocs\JDH_POS\admin\bootstrap.php on line 29
[2026-06-21 00:07:13] [ERROR] [User: 2] [IP: ::1] [Company: 1] Fatal error: Uncaught Error: Call to undefined function admin_table_exists() in C:\xampp\htdocs\JDH_POS\admin\bootstrap.php:29
Stack trace:
#0 C:\xampp\htdocs\JDH_POS\admin\bootstrap.php(83): admin_hydrate_session_from_user()
#1 C:\xampp\htdocs\JDH_POS\admin\bootstrap.php(178): admin_start_session()
#2 C:\xampp\htdocs\JDH_POS\admin\dashboard.php(7): require_once('C:\\xampp\\htdocs...')
#3 {main}
  thrown in C:\xampp\htdocs\JDH_POS\admin\bootstrap.php on line 29
[2026-06-21 00:07:15] [ERROR] [User: 2] [IP: ::1] [Company: 1] Fatal error: Uncaught Error: Call to undefined function admin_table_exists() in C:\xampp\htdocs\JDH_POS\admin\bootstrap.php:29
Stack trace:
#0 C:\xampp\htdocs\JDH_POS\admin\bootstrap.php(83): admin_hydrate_session_from_user()
#1 C:\xampp\htdocs\JDH_POS\admin\bootstrap.php(178): admin_start_session()
#2 C:\xampp\htdocs\JDH_POS\admin\dashboard.php(7): require_once('C:\\xampp\\htdocs...')
#3 {main}
  thrown in C:\xampp\htdocs\JDH_POS\admin\bootstrap.php on line 29
[2026-06-21 00:07:17] [ERROR] [User: 2] [IP: ::1] [Company: 1] Fatal error: Uncaught Error: Call to undefined function admin_table_exists() in C:\xampp\htdocs\JDH_POS\admin\bootstrap.php:29
Stack trace:
#0 C:\xampp\htdocs\JDH_POS\admin\bootstrap.php(83): admin_hydrate_session_from_user()
#1 C:\xampp\htdocs\JDH_POS\admin\bootstrap.php(178): admin_start_session()
#2 C:\xampp\htdocs\JDH_POS\admin\dashboard.php(7): require_once('C:\\xampp\\htdocs...')
#3 {main}
  thrown in C:\xampp\htdocs\JDH_POS\admin\bootstrap.php on line 29
[2026-06-21 00:07:21] [ERROR] [User: 2] [IP: ::1] [Company: 1] Fatal error: Uncaught Error: Call to undefined function admin_table_exists() in C:\xampp\htdocs\JDH_POS\admin\bootstrap.php:29
Stack trace:
#0 C:\xampp\htdocs\JDH_POS\admin\bootstrap.php(83): admin_hydrate_session_from_user()
#1 C:\xampp\htdocs\JDH_POS\admin\bootstrap.php(178): admin_start_session()
#2 C:\xampp\htdocs\JDH_POS\admin\dashboard.php(7): require_once('C:\\xampp\\htdocs...')
#3 {main}
  thrown in C:\xampp\htdocs\JDH_POS\admin\bootstrap.php on line 29
[2026-06-21 00:07:24] [ERROR] [User: 2] [IP: ::1] [Company: 1] Fatal error: Uncaught Error: Call to undefined function admin_table_exists() in C:\xampp\htdocs\JDH_POS\admin\bootstrap.php:29
Stack trace:
#0 C:\xampp\htdocs\JDH_POS\admin\bootstrap.php(83): admin_hydrate_session_from_user()
#1 C:\xampp\htdocs\JDH_POS\admin\bootstrap.php(178): admin_start_session()
#2 C:\xampp\htdocs\JDH_POS\admin\dashboard.php(7): require_once('C:\\xampp\\htdocs...')
#3 {main}
  thrown in C:\xampp\htdocs\JDH_POS\admin\bootstrap.php on line 29
[2026-06-21 00:07:33] [ERROR] [User: 2] [IP: ::1] [Company: 1] Fatal error: Uncaught Error: Call to undefined function admin_table_exists() in C:\xampp\htdocs\JDH_POS\admin\bootstrap.php:29
Stack trace:
#0 C:\xampp\htdocs\JDH_POS\admin\bootstrap.php(83): admin_hydrate_session_from_user()
#1 C:\xampp\htdocs\JDH_POS\admin\bootstrap.php(178): admin_start_session()
#2 C:\xampp\htdocs\JDH_POS\admin\dashboard.php(7): require_once('C:\\xampp\\htdocs...')
#3 {main}
  thrown in C:\xampp\htdocs\JDH_POS\admin\bootstrap.php on line 29
[2026-06-21 00:07:39] [ERROR] [User: 2] [IP: ::1] [Company: 1] Fatal error: Uncaught Error: Call to undefined function admin_table_exists() in C:\xampp\htdocs\JDH_POS\admin\bootstrap.php:29
Stack trace:
#0 C:\xampp\htdocs\JDH_POS\admin\bootstrap.php(83): admin_hydrate_session_from_user()
#1 C:\xampp\htdocs\JDH_POS\admin\bootstrap.php(178): admin_start_session()
#2 C:\xampp\htdocs\JDH_POS\admin\dashboard.php(7): require_once('C:\\xampp\\htdocs...')
#3 {main}
  thrown in C:\xampp\htdocs\JDH_POS\admin\bootstrap.php on line 29
[2026-06-21 00:07:42] [ERROR] [User: 2] [IP: ::1] [Company: 1] Fatal error: Uncaught Error: Call to undefined function admin_table_exists() in C:\xampp\htdocs\JDH_POS\admin\bootstrap.php:29
Stack trace:
#0 C:\xampp\htdocs\JDH_POS\admin\bootstrap.php(83): admin_hydrate_session_from_user()
#1 C:\xampp\htdocs\JDH_POS\admin\bootstrap.php(178): admin_start_session()
#2 C:\xampp\htdocs\JDH_POS\admin\dashboard.php(7): require_once('C:\\xampp\\htdocs...')
#3 {main}
  thrown in C:\xampp\htdocs\JDH_POS\admin\bootstrap.php on line 29
[2026-06-21 00:07:44] [ERROR] [User: 2] [IP: ::1] [Company: 1] Fatal error: Uncaught Error: Call to undefined function admin_table_exists() in C:\xampp\htdocs\JDH_POS\admin\bootstrap.php:29
Stack trace:
#0 C:\xampp\htdocs\JDH_POS\admin\bootstrap.php(83): admin_hydrate_session_from_user()
#1 C:\xampp\htdocs\JDH_POS\admin\bootstrap.php(178): admin_start_session()
#2 C:\xampp\htdocs\JDH_POS\admin\dashboard.php(7): require_once('C:\\xampp\\htdocs...')
#3 {main}
  thrown in C:\xampp\htdocs\JDH_POS\admin\bootstrap.php on line 29
[2026-06-21 00:07:45] [ERROR] [User: 2] [IP: ::1] [Company: 1] Fatal error: Uncaught Error: Call to undefined function admin_table_exists() in C:\xampp\htdocs\JDH_POS\admin\bootstrap.php:29
Stack trace:
#0 C:\xampp\htdocs\JDH_POS\admin\bootstrap.php(83): admin_hydrate_session_from_user()
#1 C:\xampp\htdocs\JDH_POS\admin\bootstrap.php(178): admin_start_session()
#2 C:\xampp\htdocs\JDH_POS\admin\dashboard.php(7): require_once('C:\\xampp\\htdocs...')
#3 {main}
  thrown in C:\xampp\htdocs\JDH_POS\admin\bootstrap.php on line 29
[2026-06-21 00:07:47] [ERROR] [User: 2] [IP: ::1] [Company: 1] Fatal error: Uncaught Error: Call to undefined function admin_table_exists() in C:\xampp\htdocs\JDH_POS\admin\bootstrap.php:29
Stack trace:
#0 C:\xampp\htdocs\JDH_POS\admin\bootstrap.php(83): admin_hydrate_session_from_user()
#1 C:\xampp\htdocs\JDH_POS\admin\bootstrap.php(178): admin_start_session()
#2 C:\xampp\htdocs\JDH_POS\admin\dashboard.php(7): require_once('C:\\xampp\\htdocs...')
#3 {main}
  thrown in C:\xampp\htdocs\JDH_POS\admin\bootstrap.php on line 29
[2026-06-21 00:07:49] [ERROR] [User: 2] [IP: ::1] [Company: 1] Fatal error: Uncaught Error: Call to undefined function admin_table_exists() in C:\xampp\htdocs\JDH_POS\admin\bootstrap.php:29
Stack trace:
#0 C:\xampp\htdocs\JDH_POS\admin\bootstrap.php(83): admin_hydrate_session_from_user()
#1 C:\xampp\htdocs\JDH_POS\admin\bootstrap.php(178): admin_start_session()
#2 C:\xampp\htdocs\JDH_POS\admin\dashboard.php(7): require_once('C:\\xampp\\htdocs...')
#3 {main}
  thrown in C:\xampp\htdocs\JDH_POS\admin\bootstrap.php on line 29
[2026-06-21 00:07:51] [ERROR] [User: 2] [IP: ::1] [Company: 1] Fatal error: Uncaught Error: Call to undefined function admin_table_exists() in C:\xampp\htdocs\JDH_POS\admin\bootstrap.php:29
Stack trace:
#0 C:\xampp\htdocs\JDH_POS\admin\bootstrap.php(83): admin_hydrate_session_from_user()
#1 C:\xampp\htdocs\JDH_POS\admin\bootstrap.php(178): admin_start_session()
#2 C:\xampp\htdocs\JDH_POS\admin\dashboard.php(7): require_once('C:\\xampp\\htdocs...')
#3 {main}
  thrown in C:\xampp\htdocs\JDH_POS\admin\bootstrap.php on line 29
[2026-06-21 00:07:52] [ERROR] [User: 2] [IP: ::1] [Company: 1] Fatal error: Uncaught Error: Call to undefined function admin_table_exists() in C:\xampp\htdocs\JDH_POS\admin\bootstrap.php:29
Stack trace:
#0 C:\xampp\htdocs\JDH_POS\admin\bootstrap.php(83): admin_hydrate_session_from_user()
#1 C:\xampp\htdocs\JDH_POS\admin\bootstrap.php(178): admin_start_session()
#2 C:\xampp\htdocs\JDH_POS\admin\dashboard.php(7): require_once('C:\\xampp\\htdocs...')
#3 {main}
  thrown in C:\xampp\htdocs\JDH_POS\admin\bootstrap.php on line 29
[2026-06-21 00:07:54] [ERROR] [User: 2] [IP: ::1] [Company: 1] Fatal error: Uncaught Error: Call to undefined function admin_table_exists() in C:\xampp\htdocs\JDH_POS\admin\bootstrap.php:29
Stack trace:
#0 C:\xampp\htdocs\JDH_POS\admin\bootstrap.php(83): admin_hydrate_session_from_user()
#1 C:\xampp\htdocs\JDH_POS\admin\bootstrap.php(178): admin_start_session()
#2 C:\xampp\htdocs\JDH_POS\admin\dashboard.php(7): require_once('C:\\xampp\\htdocs...')
#3 {main}
  thrown in C:\xampp\htdocs\JDH_POS\admin\bootstrap.php on line 29
[2026-06-21 00:07:57] [ERROR] [User: 2] [IP: ::1] [Company: 1] Fatal error: Uncaught Error: Call to undefined function admin_table_exists() in C:\xampp\htdocs\JDH_POS\admin\bootstrap.php:29
Stack trace:
#0 C:\xampp\htdocs\JDH_POS\admin\bootstrap.php(83): admin_hydrate_session_from_user()
#1 C:\xampp\htdocs\JDH_POS\admin\bootstrap.php(178): admin_start_session()
#2 C:\xampp\htdocs\JDH_POS\admin\dashboard.php(7): require_once('C:\\xampp\\htdocs...')
#3 {main}
  thrown in C:\xampp\htdocs\JDH_POS\admin\bootstrap.php on line 29
[2026-06-21 00:07:59] [ERROR] [User: 2] [IP: ::1] [Company: 1] Fatal error: Uncaught Error: Call to undefined function admin_table_exists() in C:\xampp\htdocs\JDH_POS\admin\bootstrap.php:29
Stack trace:
#0 C:\xampp\htdocs\JDH_POS\admin\bootstrap.php(83): admin_hydrate_session_from_user()
#1 C:\xampp\htdocs\JDH_POS\admin\bootstrap.php(178): admin_start_session()
#2 C:\xampp\htdocs\JDH_POS\admin\dashboard.php(7): require_once('C:\\xampp\\htdocs...')
#3 {main}
  thrown in C:\xampp\htdocs\JDH_POS\admin\bootstrap.php on line 29
[2026-06-21 00:08:01] [ERROR] [User: 2] [IP: ::1] [Company: 1] Fatal error: Uncaught Error: Call to undefined function admin_table_exists() in C:\xampp\htdocs\JDH_POS\admin\bootstrap.php:29
Stack trace:
#0 C:\xampp\htdocs\JDH_POS\admin\bootstrap.php(83): admin_hydrate_session_from_user()
#1 C:\xampp\htdocs\JDH_POS\admin\bootstrap.php(178): admin_start_session()
#2 C:\xampp\htdocs\JDH_POS\admin\dashboard.php(7): require_once('C:\\xampp\\htdocs...')
#3 {main}
  thrown in C:\xampp\htdocs\JDH_POS\admin\bootstrap.php on line 29
[2026-06-21 00:08:02] [ERROR] [User: 2] [IP: ::1] [Company: 1] Fatal error: Uncaught Error: Call to undefined function admin_table_exists() in C:\xampp\htdocs\JDH_POS\admin\bootstrap.php:29
Stack trace:
#0 C:\xampp\htdocs\JDH_POS\admin\bootstrap.php(83): admin_hydrate_session_from_user()
#1 C:\xampp\htdocs\JDH_POS\admin\bootstrap.php(178): admin_start_session()
#2 C:\xampp\htdocs\JDH_POS\admin\index.php(9): require_once('C:\\xampp\\htdocs...')
#3 {main}
  thrown in C:\xampp\htdocs\JDH_POS\admin\bootstrap.php on line 29
[2026-06-21 00:26:18] [ERROR] [User: 2] [IP: ::1] [Company: 1] Fatal error: Uncaught Error: Call to undefined function admin_table_exists() in C:\xampp\htdocs\JDH_POS\admin\bootstrap.php:29
Stack trace:
#0 C:\xampp\htdocs\JDH_POS\admin\bootstrap.php(83): admin_hydrate_session_from_user()
#1 C:\xampp\htdocs\JDH_POS\admin\bootstrap.php(178): admin_start_session()
#2 C:\xampp\htdocs\JDH_POS\admin\index.php(9): require_once('C:\\xampp\\htdocs...')
#3 {main}
  thrown in C:\xampp\htdocs\JDH_POS\admin\bootstrap.php on line 29
[2026-06-21 00:26:27] [ERROR] [User: 2] [IP: ::1] [Company: 1] Fatal error: Uncaught Error: Call to undefined function admin_table_exists() in C:\xampp\htdocs\JDH_POS\admin\bootstrap.php:29
Stack trace:
#0 C:\xampp\htdocs\JDH_POS\admin\bootstrap.php(83): admin_hydrate_session_from_user()
#1 C:\xampp\htdocs\JDH_POS\admin\bootstrap.php(178): admin_start_session()
#2 C:\xampp\htdocs\JDH_POS\admin\index.php(9): require_once('C:\\xampp\\htdocs...')
#3 {main}
  thrown in C:\xampp\htdocs\JDH_POS\admin\bootstrap.php on line 29
[2026-06-21 00:26:29] [ERROR] [User: 2] [IP: ::1] [Company: 1] Fatal error: Uncaught Error: Call to undefined function admin_table_exists() in C:\xampp\htdocs\JDH_POS\admin\bootstrap.php:29
Stack trace:
#0 C:\xampp\htdocs\JDH_POS\admin\bootstrap.php(83): admin_hydrate_session_from_user()
#1 C:\xampp\htdocs\JDH_POS\admin\bootstrap.php(178): admin_start_session()
#2 C:\xampp\htdocs\JDH_POS\admin\index.php(9): require_once('C:\\xampp\\htdocs...')
#3 {main}
  thrown in C:\xampp\htdocs\JDH_POS\admin\bootstrap.php on line 29
[2026-06-21 07:21:05] [ERROR] [User: 2] [IP: ::1] [Company: 1] Fatal error: Uncaught Error: Call to undefined function admin_table_exists() in C:\xampp\htdocs\JDH_POS\admin\bootstrap.php:29
Stack trace:
#0 C:\xampp\htdocs\JDH_POS\admin\bootstrap.php(83): admin_hydrate_session_from_user()
#1 C:\xampp\htdocs\JDH_POS\admin\bootstrap.php(178): admin_start_session()
#2 C:\xampp\htdocs\JDH_POS\admin\index.php(9): require_once('C:\\xampp\\htdocs...')
#3 {main}
  thrown in C:\xampp\htdocs\JDH_POS\admin\bootstrap.php on line 29
[2026-06-21 07:21:07] [ERROR] [User: 2] [IP: ::1] [Company: 1] Fatal error: Uncaught Error: Call to undefined function admin_table_exists() in C:\xampp\htdocs\JDH_POS\admin\bootstrap.php:29
Stack trace:
#0 C:\xampp\htdocs\JDH_POS\admin\bootstrap.php(83): admin_hydrate_session_from_user()
#1 C:\xampp\htdocs\JDH_POS\admin\bootstrap.php(178): admin_start_session()
#2 C:\xampp\htdocs\JDH_POS\admin\index.php(9): require_once('C:\\xampp\\htdocs...')
#3 {main}
  thrown in C:\xampp\htdocs\JDH_POS\admin\bootstrap.php on line 29
[2026-06-21 07:48:00] [ERROR] [User: 2] [IP: ::1] [Company: 1] Fatal error: Uncaught Error: Call to undefined function get_low_stock_alerts() in C:\xampp\htdocs\JDH_POS\public\inventory\automated_inventory.php:48
Stack trace:
#0 {main}
  thrown in C:\xampp\htdocs\JDH_POS\public\inventory\automated_inventory.php on line 48
[2026-06-21 14:10:40] [ERROR] [User: 2] [IP: ::1] [Company: 1] Fatal error: Uncaught Error: Call to undefined function admin_table_exists() in C:\xampp\htdocs\JDH_POS\admin\bootstrap.php:29
Stack trace:
#0 C:\xampp\htdocs\JDH_POS\admin\bootstrap.php(83): admin_hydrate_session_from_user()
#1 C:\xampp\htdocs\JDH_POS\admin\bootstrap.php(178): admin_start_session()
#2 C:\xampp\htdocs\JDH_POS\admin\login.php(7): require_once('C:\\xampp\\htdocs...')
#3 {main}
  thrown in C:\xampp\htdocs\JDH_POS\admin\bootstrap.php on line 29
[2026-06-21 14:25:39] [ERROR] [User: 2] [IP: ::1] [Company: 1] Fatal error: Uncaught Error: Call to undefined function admin_table_exists() in C:\xampp\htdocs\JDH_POS\admin\bootstrap.php:29
Stack trace:
#0 C:\xampp\htdocs\JDH_POS\admin\bootstrap.php(83): admin_hydrate_session_from_user()
#1 C:\xampp\htdocs\JDH_POS\admin\bootstrap.php(178): admin_start_session()
#2 C:\xampp\htdocs\JDH_POS\admin\login.php(7): require_once('C:\\xampp\\htdocs...')
#3 {main}
  thrown in C:\xampp\htdocs\JDH_POS\admin\bootstrap.php on line 29
[2026-06-21 14:26:00] [ERROR] [User: 2] [IP: ::1] [Company: 1] Fatal error: Uncaught Error: Call to undefined function admin_table_exists() in C:\xampp\htdocs\JDH_POS\admin\bootstrap.php:29
Stack trace:
#0 C:\xampp\htdocs\JDH_POS\admin\bootstrap.php(83): admin_hydrate_session_from_user()
#1 C:\xampp\htdocs\JDH_POS\admin\bootstrap.php(178): admin_start_session()
#2 C:\xampp\htdocs\JDH_POS\admin\login.php(7): require_once('C:\\xampp\\htdocs...')
#3 {main}
  thrown in C:\xampp\htdocs\JDH_POS\admin\bootstrap.php on line 29
[2026-06-21 14:26:04] [ERROR] [User: 2] [IP: ::1] [Company: 1] Fatal error: Uncaught Error: Call to undefined function admin_table_exists() in C:\xampp\htdocs\JDH_POS\admin\bootstrap.php:29
Stack trace:
#0 C:\xampp\htdocs\JDH_POS\admin\bootstrap.php(83): admin_hydrate_session_from_user()
#1 C:\xampp\htdocs\JDH_POS\admin\bootstrap.php(178): admin_start_session()
#2 C:\xampp\htdocs\JDH_POS\admin\login.php(7): require_once('C:\\xampp\\htdocs...')
#3 {main}
  thrown in C:\xampp\htdocs\JDH_POS\admin\bootstrap.php on line 29
[2026-06-21 14:50:45] [ERROR] [User: 2] [IP: ::1] [Company: 1] Fatal error: Uncaught Error: Call to undefined function admin_table_exists() in C:\xampp\htdocs\JDH_POS\admin\bootstrap.php:29
Stack trace:
#0 C:\xampp\htdocs\JDH_POS\admin\bootstrap.php(83): admin_hydrate_session_from_user()
#1 C:\xampp\htdocs\JDH_POS\admin\bootstrap.php(178): admin_start_session()
#2 C:\xampp\htdocs\JDH_POS\admin\login.php(7): require_once('C:\\xampp\\htdocs...')
#3 {main}
  thrown in C:\xampp\htdocs\JDH_POS\admin\bootstrap.php on line 29
[2026-06-21 13:22:28] [ERROR] [User: 2] [IP: ::1] [Company: 1] Fatal error: Uncaught Error: Call to undefined function admin_table_exists() in C:\xampp\htdocs\JDH_POS\admin\bootstrap.php:29
Stack trace:
#0 C:\xampp\htdocs\JDH_POS\admin\bootstrap.php(83): admin_hydrate_session_from_user()
#1 C:\xampp\htdocs\JDH_POS\admin\bootstrap.php(178): admin_start_session()
#2 C:\xampp\htdocs\JDH_POS\admin\login.php(7): require_once('C:\\xampp\\htdocs...')
#3 {main}
  thrown in C:\xampp\htdocs\JDH_POS\admin\bootstrap.php on line 29
[2026-06-21 13:24:23] [ERROR] [User: 2] [IP: ::1] [Company: 1] Fatal error: Uncaught Error: Call to undefined function admin_table_exists() in C:\xampp\htdocs\JDH_POS\admin\bootstrap.php:29
Stack trace:
#0 C:\xampp\htdocs\JDH_POS\admin\bootstrap.php(83): admin_hydrate_session_from_user()
#1 C:\xampp\htdocs\JDH_POS\admin\bootstrap.php(178): admin_start_session()
#2 C:\xampp\htdocs\JDH_POS\admin\login.php(7): require_once('C:\\xampp\\htdocs...')
#3 {main}
  thrown in C:\xampp\htdocs\JDH_POS\admin\bootstrap.php on line 29
[2026-06-21 13:36:49] [ERROR] [User: 2] [IP: ::1] [Company: 1] Fatal error: Uncaught Error: Call to undefined function admin_table_exists() in C:\xampp\htdocs\JDH_POS\admin\bootstrap.php:29
Stack trace:
#0 C:\xampp\htdocs\JDH_POS\admin\bootstrap.php(83): admin_hydrate_session_from_user()
#1 C:\xampp\htdocs\JDH_POS\admin\bootstrap.php(178): admin_start_session()
#2 C:\xampp\htdocs\JDH_POS\admin\login.php(7): require_once('C:\\xampp\\htdocs...')
#3 {main}
  thrown in C:\xampp\htdocs\JDH_POS\admin\bootstrap.php on line 29
[2026-06-21 13:36:55] [ERROR] [User: 2] [IP: ::1] [Company: 1] Fatal error: Uncaught Error: Call to undefined function admin_table_exists() in C:\xampp\htdocs\JDH_POS\admin\bootstrap.php:29
Stack trace:
#0 C:\xampp\htdocs\JDH_POS\admin\bootstrap.php(83): admin_hydrate_session_from_user()
#1 C:\xampp\htdocs\JDH_POS\admin\bootstrap.php(178): admin_start_session()
#2 C:\xampp\htdocs\JDH_POS\admin\login.php(7): require_once('C:\\xampp\\htdocs...')
#3 {main}
  thrown in C:\xampp\htdocs\JDH_POS\admin\bootstrap.php on line 29
[2026-06-21 14:38:41] [ERROR] [User: 2] [IP: ::1] [Company: 1] Fatal error: Uncaught Error: Class "RateLimiter" not found in C:\xampp\htdocs\JDH_POS\public\inventory\inventory_tracking.php:44
Stack trace:
#0 {main}
  thrown in C:\xampp\htdocs\JDH_POS\public\inventory\inventory_tracking.php on line 44
[2026-06-21 14:39:07] [ERROR] [User: 2] [IP: ::1] [Company: 1] Fatal error: Uncaught PDOException: SQLSTATE[42S22]: Column not found: 1054 Unknown column '$current_branch_id' in 'where clause' in C:\xampp\htdocs\JDH_POS\public\inventory\variants.php:95
Stack trace:
#0 C:\xampp\htdocs\JDH_POS\public\inventory\variants.php(95): PDO->query('SELECT id, name...')
#1 {main}
  thrown in C:\xampp\htdocs\JDH_POS\public\inventory\variants.php on line 95
[2026-06-21 14:39:19] [ERROR] [User: 2] [IP: ::1] [Company: 1] Fatal error: Uncaught Error: Call to undefined function get_low_stock_alerts() in C:\xampp\htdocs\JDH_POS\public\inventory\automated_inventory.php:48
Stack trace:
#0 {main}
  thrown in C:\xampp\htdocs\JDH_POS\public\inventory\automated_inventory.php on line 48
[2026-06-21 14:47:21] [ERROR] [User: 2] [IP: ::1] [Company: 1] Fatal error: Uncaught Error: Call to undefined function admin_table_exists() in C:\xampp\htdocs\JDH_POS\admin\bootstrap.php:29
Stack trace:
#0 C:\xampp\htdocs\JDH_POS\admin\bootstrap.php(83): admin_hydrate_session_from_user()
#1 C:\xampp\htdocs\JDH_POS\admin\bootstrap.php(178): admin_start_session()
#2 C:\xampp\htdocs\JDH_POS\admin\dashboard.php(7): require_once('C:\\xampp\\htdocs...')
#3 {main}
  thrown in C:\xampp\htdocs\JDH_POS\admin\bootstrap.php on line 29
[2026-06-21 14:47:25] [ERROR] [User: 2] [IP: ::1] [Company: 1] Fatal error: Uncaught Error: Call to undefined function admin_table_exists() in C:\xampp\htdocs\JDH_POS\admin\bootstrap.php:29
Stack trace:
#0 C:\xampp\htdocs\JDH_POS\admin\bootstrap.php(83): admin_hydrate_session_from_user()
#1 C:\xampp\htdocs\JDH_POS\admin\bootstrap.php(178): admin_start_session()
#2 C:\xampp\htdocs\JDH_POS\admin\dashboard.php(7): require_once('C:\\xampp\\htdocs...')
#3 {main}
  thrown in C:\xampp\htdocs\JDH_POS\admin\bootstrap.php on line 29
[2026-06-21 15:15:44] [ERROR] [User: 2] [IP: ::1] [Company: 1] Fatal error: Uncaught Error: Call to undefined function admin_table_exists() in C:\xampp\htdocs\JDH_POS\admin\bootstrap.php:29
Stack trace:
#0 C:\xampp\htdocs\JDH_POS\admin\bootstrap.php(83): admin_hydrate_session_from_user()
#1 C:\xampp\htdocs\JDH_POS\admin\bootstrap.php(178): admin_start_session()
#2 C:\xampp\htdocs\JDH_POS\admin\dashboard.php(7): require_once('C:\\xampp\\htdocs...')
#3 {main}
  thrown in C:\xampp\htdocs\JDH_POS\admin\bootstrap.php on line 29
[2026-06-21 15:15:47] [ERROR] [User: 2] [IP: ::1] [Company: 1] Fatal error: Uncaught Error: Call to undefined function admin_table_exists() in C:\xampp\htdocs\JDH_POS\admin\bootstrap.php:29
Stack trace:
#0 C:\xampp\htdocs\JDH_POS\admin\bootstrap.php(83): admin_hydrate_session_from_user()
#1 C:\xampp\htdocs\JDH_POS\admin\bootstrap.php(178): admin_start_session()
#2 C:\xampp\htdocs\JDH_POS\admin\plugins.php(7): require_once('C:\\xampp\\htdocs...')
#3 {main}
  thrown in C:\xampp\htdocs\JDH_POS\admin\bootstrap.php on line 29
[2026-06-21 15:15:51] [ERROR] [User: 2] [IP: ::1] [Company: 1] Fatal error: Uncaught Error: Call to undefined function admin_table_exists() in C:\xampp\htdocs\JDH_POS\admin\bootstrap.php:29
Stack trace:
#0 C:\xampp\htdocs\JDH_POS\admin\bootstrap.php(83): admin_hydrate_session_from_user()
#1 C:\xampp\htdocs\JDH_POS\admin\bootstrap.php(178): admin_start_session()
#2 C:\xampp\htdocs\JDH_POS\admin\dashboard.php(7): require_once('C:\\xampp\\htdocs...')
#3 {main}
  thrown in C:\xampp\htdocs\JDH_POS\admin\bootstrap.php on line 29
[2026-06-21 15:15:53] [ERROR] [User: 2] [IP: ::1] [Company: 1] Fatal error: Uncaught Error: Call to undefined function admin_table_exists() in C:\xampp\htdocs\JDH_POS\admin\bootstrap.php:29
Stack trace:
#0 C:\xampp\htdocs\JDH_POS\admin\bootstrap.php(83): admin_hydrate_session_from_user()
#1 C:\xampp\htdocs\JDH_POS\admin\bootstrap.php(178): admin_start_session()
#2 C:\xampp\htdocs\JDH_POS\admin\subscriptions.php(9): require_once('C:\\xampp\\htdocs...')
#3 {main}
  thrown in C:\xampp\htdocs\JDH_POS\admin\bootstrap.php on line 29
[2026-06-21 15:15:54] [ERROR] [User: 2] [IP: ::1] [Company: 1] Fatal error: Uncaught Error: Call to undefined function admin_table_exists() in C:\xampp\htdocs\JDH_POS\admin\bootstrap.php:29
Stack trace:
#0 C:\xampp\htdocs\JDH_POS\admin\bootstrap.php(83): admin_hydrate_session_from_user()
#1 C:\xampp\htdocs\JDH_POS\admin\bootstrap.php(178): admin_start_session()
#2 C:\xampp\htdocs\JDH_POS\admin\companies.php(9): require_once('C:\\xampp\\htdocs...')
#3 {main}
  thrown in C:\xampp\htdocs\JDH_POS\admin\bootstrap.php on line 29
[2026-06-21 15:15:55] [ERROR] [User: 2] [IP: ::1] [Company: 1] Fatal error: Uncaught Error: Call to undefined function admin_table_exists() in C:\xampp\htdocs\JDH_POS\admin\bootstrap.php:29
Stack trace:
#0 C:\xampp\htdocs\JDH_POS\admin\bootstrap.php(83): admin_hydrate_session_from_user()
#1 C:\xampp\htdocs\JDH_POS\admin\bootstrap.php(178): admin_start_session()
#2 C:\xampp\htdocs\JDH_POS\admin\dashboard.php(7): require_once('C:\\xampp\\htdocs...')
#3 {main}
  thrown in C:\xampp\htdocs\JDH_POS\admin\bootstrap.php on line 29
[2026-06-21 15:16:00] [ERROR] [User: 2] [IP: ::1] [Company: 1] Fatal error: Uncaught Error: Call to undefined function admin_table_exists() in C:\xampp\htdocs\JDH_POS\admin\bootstrap.php:29
Stack trace:
#0 C:\xampp\htdocs\JDH_POS\admin\bootstrap.php(83): admin_hydrate_session_from_user()
#1 C:\xampp\htdocs\JDH_POS\admin\bootstrap.php(178): admin_start_session()
#2 C:\xampp\htdocs\JDH_POS\admin\login.php(7): require_once('C:\\xampp\\htdocs...')
#3 {main}
  thrown in C:\xampp\htdocs\JDH_POS\admin\bootstrap.php on line 29
[2026-06-21 15:16:05] [ERROR] [User: 2] [IP: ::1] [Company: 1] Fatal error: Uncaught Error: Call to undefined function admin_table_exists() in C:\xampp\htdocs\JDH_POS\admin\bootstrap.php:29
Stack trace:
#0 C:\xampp\htdocs\JDH_POS\admin\bootstrap.php(83): admin_hydrate_session_from_user()
#1 C:\xampp\htdocs\JDH_POS\admin\bootstrap.php(178): admin_start_session()
#2 C:\xampp\htdocs\JDH_POS\admin\login.php(7): require_once('C:\\xampp\\htdocs...')
#3 {main}
  thrown in C:\xampp\htdocs\JDH_POS\admin\bootstrap.php on line 29
[2026-06-21 15:36:28] [ERROR] [User: 2] [IP: ::1] [Company: 1] Fatal error: Uncaught Error: Call to undefined function admin_table_exists() in C:\xampp\htdocs\JDH_POS\admin\bootstrap.php:29
Stack trace:
#0 C:\xampp\htdocs\JDH_POS\admin\bootstrap.php(83): admin_hydrate_session_from_user()
#1 C:\xampp\htdocs\JDH_POS\admin\bootstrap.php(178): admin_start_session()
#2 C:\xampp\htdocs\JDH_POS\admin\login.php(7): require_once('C:\\xampp\\htdocs...')
#3 {main}
  thrown in C:\xampp\htdocs\JDH_POS\admin\bootstrap.php on line 29
[2026-06-21 15:36:34] [ERROR] [User: 2] [IP: ::1] [Company: 1] Fatal error: Uncaught Error: Call to undefined function admin_table_exists() in C:\xampp\htdocs\JDH_POS\admin\bootstrap.php:29
Stack trace:
#0 C:\xampp\htdocs\JDH_POS\admin\bootstrap.php(83): admin_hydrate_session_from_user()
#1 C:\xampp\htdocs\JDH_POS\admin\bootstrap.php(178): admin_start_session()
#2 C:\xampp\htdocs\JDH_POS\admin\login.php(7): require_once('C:\\xampp\\htdocs...')
#3 {main}
  thrown in C:\xampp\htdocs\JDH_POS\admin\bootstrap.php on line 29
[2026-06-21 15:43:46] [ERROR] [User: 2] [IP: ::1] [Company: 1] Fatal error: Uncaught Error: Call to undefined function admin_table_exists() in C:\xampp\htdocs\JDH_POS\admin\bootstrap.php:29
Stack trace:
#0 C:\xampp\htdocs\JDH_POS\admin\bootstrap.php(83): admin_hydrate_session_from_user()
#1 C:\xampp\htdocs\JDH_POS\admin\bootstrap.php(178): admin_start_session()
#2 C:\xampp\htdocs\JDH_POS\admin\login.php(7): require_once('C:\\xampp\\htdocs...')
#3 {main}
  thrown in C:\xampp\htdocs\JDH_POS\admin\bootstrap.php on line 29
