2026-05-13T07:53:47+02:00 START pos.php HTTP_HOST=localhost
2026-05-13T07:55:04+02:00 START pos.php HTTP_HOST=localhost
2026-05-13T08:55:04+03:00 AFTER try-catch
2026-05-13T07:56:27+02:00 START pos.php HTTP_HOST=localhost
2026-05-13T08:56:27+03:00 AFTER try-catch
2026-05-13T08:56:27+03:00 AFTER session_write_close
2026-05-13T07:58:59+02:00 START pos.php HTTP_HOST=localhost
2026-05-13T08:58:59+03:00 AFTER try-catch
2026-05-13T08:58:59+03:00 AFTER session_write_close
2026-05-13T08:58:59+03:00 BEFORE require SecureTenantContext
2026-05-13T08:58:59+03:00 AFTER require SecureTenantContext
2026-05-13T08:00:28+02:00 START pos.php HTTP_HOST=localhost
2026-05-13T09:00:28+03:00 AFTER try-catch
2026-05-13T09:00:28+03:00 AFTER session_write_close
2026-05-13T09:00:28+03:00 BEFORE require SecureTenantContext
2026-05-13T09:00:28+03:00 AFTER require SecureTenantContext
2026-05-13T08:00:31+02:00 START pos.php HTTP_HOST=localhost
2026-05-13T09:00:31+03:00 AFTER try-catch
2026-05-13T09:00:31+03:00 AFTER session_write_close
2026-05-13T09:00:31+03:00 BEFORE require SecureTenantContext
2026-05-13T09:00:31+03:00 AFTER require SecureTenantContext
2026-05-13T08:00:32+02:00 START pos.php HTTP_HOST=localhost
2026-05-13T09:00:32+03:00 AFTER try-catch
2026-05-13T09:00:32+03:00 AFTER session_write_close
2026-05-13T09:00:32+03:00 BEFORE require SecureTenantContext
2026-05-13T09:00:32+03:00 AFTER require SecureTenantContext
2026-05-13T08:00:32+02:00 START pos.php HTTP_HOST=localhost
2026-05-13T09:00:33+03:00 AFTER try-catch
2026-05-13T09:00:33+03:00 AFTER session_write_close
2026-05-13T09:00:33+03:00 BEFORE require SecureTenantContext
2026-05-13T09:00:33+03:00 AFTER require SecureTenantContext
2026-05-13T08:00:33+02:00 START pos.php HTTP_HOST=localhost
2026-05-13T09:00:33+03:00 AFTER try-catch
2026-05-13T09:00:33+03:00 AFTER session_write_close
2026-05-13T09:00:33+03:00 BEFORE require SecureTenantContext
2026-05-13T09:00:33+03:00 AFTER require SecureTenantContext
2026-05-13T08:00:34+02:00 START pos.php HTTP_HOST=localhost
2026-05-13T09:00:34+03:00 AFTER try-catch
2026-05-13T09:00:34+03:00 AFTER session_write_close
2026-05-13T09:00:34+03:00 BEFORE require SecureTenantContext
2026-05-13T09:00:34+03:00 AFTER require SecureTenantContext
2026-05-13T08:00:34+02:00 START pos.php HTTP_HOST=localhost
2026-05-13T09:00:34+03:00 AFTER try-catch
2026-05-13T09:00:34+03:00 AFTER session_write_close
2026-05-13T09:00:34+03:00 BEFORE require SecureTenantContext
2026-05-13T09:00:34+03:00 AFTER require SecureTenantContext
2026-05-13T08:00:34+02:00 START pos.php HTTP_HOST=localhost
2026-05-13T09:00:34+03:00 AFTER try-catch
2026-05-13T09:00:34+03:00 AFTER session_write_close
2026-05-13T09:00:34+03:00 BEFORE require SecureTenantContext
2026-05-13T09:00:34+03:00 AFTER require SecureTenantContext
2026-05-13T08:00:35+02:00 START pos.php HTTP_HOST=localhost
2026-05-13T09:00:35+03:00 AFTER try-catch
2026-05-13T09:00:35+03:00 AFTER session_write_close
2026-05-13T09:00:35+03:00 BEFORE require SecureTenantContext
2026-05-13T09:00:35+03:00 AFTER require SecureTenantContext
2026-05-13T09:08:05+03:00 SecureTenantContext Throwable: TypeError: Cannot assign null to property SecureTenantContext::$tenant_id of type int
2026-05-13T09:11:37+03:00 SecureTenantContext Throwable: TypeError: Cannot assign null to property SecureTenantContext::$tenant_id of type int
2026-05-13T09:12:17+03:00 SecureTenantContext Throwable: TypeError: Cannot assign null to property SecureTenantContext::$tenant_id of type int
2026-05-23T06:00:35+03:00 SecureTenantContext Throwable: TypeError: Cannot assign null to property SecureTenantContext::$tenant_id of type int
2026-05-23T07:14:33+03:00 SecureTenantContext Throwable: TypeError: Cannot assign null to property SecureTenantContext::$tenant_id of type int
2026-05-23T16:31:31+03:00 SecureTenantContext Throwable: TypeError: Cannot assign null to property SecureTenantContext::$tenant_id of type int
2026-05-23T20:34:25+03:00 SecureTenantContext Throwable: TypeError: Cannot assign null to property SecureTenantContext::$tenant_id of type int
2026-05-24T21:00:33+03:00 SecureTenantContext Throwable: TypeError: Cannot assign null to property SecureTenantContext::$tenant_id of type int
2026-05-26T16:39:08+03:00 SecureTenantContext Throwable: TypeError: Cannot assign null to property SecureTenantContext::$tenant_id of type int
2026-05-26T23:35:07+03:00 SecureTenantContext Throwable: TypeError: Cannot assign null to property SecureTenantContext::$tenant_id of type int
2026-05-27T15:14:52+03:00 SecureTenantContext Throwable: TypeError: Cannot assign null to property SecureTenantContext::$tenant_id of type int
2026-05-28T08:28:52+03:00 SecureTenantContext Throwable: TypeError: Cannot assign null to property SecureTenantContext::$tenant_id of type int
2026-05-29T06:25:36+03:00 SecureTenantContext Throwable: TypeError: Cannot assign null to property SecureTenantContext::$tenant_id of type int
2026-05-30T08:44:52+03:00 SecureTenantContext Throwable: TypeError: Cannot assign null to property SecureTenantContext::$tenant_id of type int
2026-06-04T02:16:15+03:00 SecureTenantContext Throwable: TypeError: Cannot assign null to property SecureTenantContext::$tenant_id of type int
2026-06-04T02:19:13+03:00 SecureTenantContext Throwable: TypeError: Cannot assign null to property SecureTenantContext::$tenant_id of type int
2026-06-04T08:31:35+03:00 SecureTenantContext Throwable: TypeError: Cannot assign null to property SecureTenantContext::$tenant_id of type int
